03:17:37 **** Clean-only build of configuration Release for project lenet_cnn_demo ****
make clean 
rm -rf  ./src/main.d  ./src/main.o ./src/platform.o  ./src/platform.d  lenet_cnn_demo.elf.size  lenet_cnn_demo.elf
 

03:17:38 Build Finished (took 313ms)

03:17:38 **** Incremental Build of configuration Release for project lenet_cnn_demo ****
make pre-build main-build 
a9-linaro-pre-build-step
 
Building file: ../src/main.cc
Invoking: ARM v7 g++ compiler
arm-none-eabi-g++ -Wall -O2 -c -fmessage-length=0 -MT"src/main.o" -mcpu=cortex-a9 -mfpu=vfpv3 -mfloat-abi=hard -I../../standalone_bsp_0/ps7_cortexa9_0/include -MMD -MP -MF"src/main.d" -MT"src/main.o" -o "src/main.o" "../src/main.cc"
../src/main.cc: In function 'int main(int, char**)':
../src/main.cc:443:16: warning: ISO C++ forbids converting a string constant to 'TCHAR* {aka char*}' [-Wwrite-strings]
  TCHAR *Path = "0:/";
                ^~~~~
../src/main.cc:528:34: warning: ISO C++ forbids converting a string constant to 'char*' [-Wwrite-strings]
  parse_pic_parameters("plane.bin");
                                  ^
../src/main.cc:533:50: warning: ISO C++ forbids converting a string constant to 'char*' [-Wwrite-strings]
  parse_shuffle_conv_1x1_parameters("shuffle1.bin");
                                                  ^
../src/main.cc:536:50: warning: ISO C++ forbids converting a string constant to 'char*' [-Wwrite-strings]
  parse_shuffle_conv_3x3_parameters("shuffle3.bin");
                                                  ^
../src/main.cc:539:43: warning: ISO C++ forbids converting a string constant to 'char*' [-Wwrite-strings]
  parse_conv1_weight_parameters("conv1.bin");
                                           ^
../src/main.cc:542:34: warning: ISO C++ forbids converting a string constant to 'char*' [-Wwrite-strings]
  parse_bias_parameters("bias.bin");
                                  ^
../src/main.cc:545:50: warning: ISO C++ forbids converting a string constant to 'char*' [-Wwrite-strings]
  parse_conv_last_weight_parameters("convlast.bin");
                                                  ^
../src/main.cc:548:42: warning: ISO C++ forbids converting a string constant to 'char*' [-Wwrite-strings]
  parse_conv_fc_weight_parameters("fc.bin");
                                          ^
../src/main.cc:560:7: warning: unused variable 'kkkk' [-Wunused-variable]
   int kkkk = 0;
       ^~~~
Finished building: ../src/main.cc
 
Building file: ../src/platform.c
Invoking: ARM v7 g++ compiler
arm-none-eabi-g++ -Wall -O2 -c -fmessage-length=0 -MT"src/platform.o" -mcpu=cortex-a9 -mfpu=vfpv3 -mfloat-abi=hard -I../../standalone_bsp_0/ps7_cortexa9_0/include -MMD -MP -MF"src/platform.d" -MT"src/platform.o" -o "src/platform.o" "../src/platform.c"
Finished building: ../src/platform.c
 
Building target: lenet_cnn_demo.elf
Invoking: ARM v7 g++ linker
arm-none-eabi-g++ -mcpu=cortex-a9 -mfpu=vfpv3 -mfloat-abi=hard -Wl,-build-id=none -specs=Xilinx.spec -Wl,-T -Wl,../src/lscript.ld -L../../standalone_bsp_0/ps7_cortexa9_0/lib -o "lenet_cnn_demo.elf"  ./src/main.o ./src/platform.o   -Wl,--start-group,-lxil,-lgcc,-lc,-lstdc++,--end-group -Wl,--start-group,-lxilffs,-lxil,-lgcc,-lc,--end-group
Finished building target: lenet_cnn_demo.elf
 
Invoking: ARM v7 Print Size
arm-none-eabi-size lenet_cnn_demo.elf  |tee "lenet_cnn_demo.elf.size"
   text	   data	    bss	    dec	    hex	filename
 807707	   2900	68134624	68945231	41c054f	lenet_cnn_demo.elf
Finished building: lenet_cnn_demo.elf.size
 
03:17:39 **** Incremental Build of configuration Debug for project lenet_cnn_demo ****
make pre-build main-build 
a9-linaro-pre-build-step
 
make: 对“main-build”无需做任何事。
03:17:49 **** Incremental Build of configuration Debug for project sd_card_demo ****
make pre-build main-build 
a9-linaro-pre-build-step
 
make: 对“main-build”无需做任何事。
03:17:50 **** Incremental Build of configuration Debug for project lenet_cnn_demo ****
make pre-build main-build 
a9-linaro-pre-build-step
 
make: 对“main-build”无需做任何事。
03:17:51 **** Incremental Build of configuration Debug for project hello_world ****
make pre-build main-build 
a9-linaro-pre-build-step
 
make: 对“main-build”无需做任何事。
03:17:52 **** Incremental Build of configuration Debug for project accelerator_demo ****
make pre-build main-build 
a9-linaro-pre-build-step
 
Building file: ../src/main.c
Invoking: ARM v7 gcc compiler
arm-none-eabi-gcc -Wall -O0 -g3 -c -fmessage-length=0 -MT"src/main.o" -mcpu=cortex-a9 -mfpu=vfpv3 -mfloat-abi=hard -I../../standalone_bsp_0/ps7_cortexa9_0/include -MMD -MP -MF"src/main.d" -MT"src/main.o" -o "src/main.o" "../src/main.c"
../src/main.c:12:32: fatal error: xvector_multiplier.h: No such file or directory
 #include "xvector_multiplier.h"
                                ^
compilation terminated.
src/subdir.mk:24: recipe for target 'src/main.o' failed
make: *** [src/main.o] Error 1
03:19:42 **** Auto Build of configuration Debug for project lenet_cnn_demo ****
make pre-build main-build 
a9-linaro-pre-build-step
 
Building file: ../src/main.cc
Invoking: ARM v7 g++ compiler
arm-none-eabi-g++ -Wall -O0 -g3 -c -fmessage-length=0 -MT"src/main.o" -mcpu=cortex-a9 -mfpu=vfpv3 -mfloat-abi=hard -I../../standalone_bsp_0/ps7_cortexa9_0/include -MMD -MP -MF"src/main.d" -MT"src/main.o" -o "src/main.o" "../src/main.cc"
../src/main.cc: In function 'int main(int, char**)':
../src/main.cc:443:16: warning: ISO C++ forbids converting a string constant to 'TCHAR* {aka char*}' [-Wwrite-strings]
  TCHAR *Path = "0:/";
                ^~~~~
../src/main.cc:521:34: warning: ISO C++ forbids converting a string constant to 'char*' [-Wwrite-strings]
  parse_pic_parameters("plane.bin");
                                  ^
../src/main.cc:526:50: warning: ISO C++ forbids converting a string constant to 'char*' [-Wwrite-strings]
  parse_shuffle_conv_1x1_parameters("shuffle1.bin");
                                                  ^
../src/main.cc:529:50: warning: ISO C++ forbids converting a string constant to 'char*' [-Wwrite-strings]
  parse_shuffle_conv_3x3_parameters("shuffle3.bin");
                                                  ^
../src/main.cc:532:43: warning: ISO C++ forbids converting a string constant to 'char*' [-Wwrite-strings]
  parse_conv1_weight_parameters("conv1.bin");
                                           ^
../src/main.cc:535:34: warning: ISO C++ forbids converting a string constant to 'char*' [-Wwrite-strings]
  parse_bias_parameters("bias.bin");
                                  ^
../src/main.cc:538:50: warning: ISO C++ forbids converting a string constant to 'char*' [-Wwrite-strings]
  parse_conv_last_weight_parameters("convlast.bin");
                                                  ^
../src/main.cc:541:42: warning: ISO C++ forbids converting a string constant to 'char*' [-Wwrite-strings]
  parse_conv_fc_weight_parameters("fc.bin");
                                          ^
../src/main.cc:562:7: warning: unused variable 'kkkk' [-Wunused-variable]
   int kkkk = 0;
       ^~~~
Finished building: ../src/main.cc
 
Building target: lenet_cnn_demo.elf
Invoking: ARM v7 g++ linker
arm-none-eabi-g++ -mcpu=cortex-a9 -mfpu=vfpv3 -mfloat-abi=hard -Wl,-build-id=none -specs=Xilinx.spec -Wl,-T -Wl,../src/lscript.ld -L../../standalone_bsp_0/ps7_cortexa9_0/lib -o "lenet_cnn_demo.elf"  ./src/main.o ./src/platform.o   -Wl,--start-group,-lxil,-lgcc,-lc,-lstdc++,--end-group -Wl,--start-group,-lxilffs,-lxil,-lgcc,-lc,--end-group
Finished building target: lenet_cnn_demo.elf
 
Invoking: ARM v7 Print Size
arm-none-eabi-size lenet_cnn_demo.elf  |tee "lenet_cnn_demo.elf.size"
   text	   data	    bss	    dec	    hex	filename
 808891	   2900	68134656	68946447	41c0a0f	lenet_cnn_demo.elf
Finished building: lenet_cnn_demo.elf.size
 
03:19:45 **** Auto Build of configuration Debug for project lenet_cnn_demo ****
make pre-build main-build 
a9-linaro-pre-build-step
 
Building file: ../src/main.cc
Invoking: ARM v7 g++ compiler
arm-none-eabi-g++ -Wall -O0 -g3 -c -fmessage-length=0 -MT"src/main.o" -mcpu=cortex-a9 -mfpu=vfpv3 -mfloat-abi=hard -I../../standalone_bsp_0/ps7_cortexa9_0/include -MMD -MP -MF"src/main.d" -MT"src/main.o" -o "src/main.o" "../src/main.cc"
../src/main.cc: In function 'int main(int, char**)':
../src/main.cc:443:16: warning: ISO C++ forbids converting a string constant to 'TCHAR* {aka char*}' [-Wwrite-strings]
  TCHAR *Path = "0:/";
                ^~~~~
../src/main.cc:521:34: warning: ISO C++ forbids converting a string constant to 'char*' [-Wwrite-strings]
  parse_pic_parameters("plane.bin");
                                  ^
../src/main.cc:526:50: warning: ISO C++ forbids converting a string constant to 'char*' [-Wwrite-strings]
  parse_shuffle_conv_1x1_parameters("shuffle1.bin");
                                                  ^
../src/main.cc:529:50: warning: ISO C++ forbids converting a string constant to 'char*' [-Wwrite-strings]
  parse_shuffle_conv_3x3_parameters("shuffle3.bin");
                                                  ^
../src/main.cc:532:43: warning: ISO C++ forbids converting a string constant to 'char*' [-Wwrite-strings]
  parse_conv1_weight_parameters("conv1.bin");
                                           ^
../src/main.cc:535:34: warning: ISO C++ forbids converting a string constant to 'char*' [-Wwrite-strings]
  parse_bias_parameters("bias.bin");
                                  ^
../src/main.cc:538:50: warning: ISO C++ forbids converting a string constant to 'char*' [-Wwrite-strings]
  parse_conv_last_weight_parameters("convlast.bin");
                                                  ^
../src/main.cc:541:42: warning: ISO C++ forbids converting a string constant to 'char*' [-Wwrite-strings]
  parse_conv_fc_weight_parameters("fc.bin");
                                          ^
../src/main.cc:562:7: warning: unused variable 'kkkk' [-Wunused-variable]
   int kkkk = 0;
       ^~~~
Finished building: ../src/main.cc
 
Building target: lenet_cnn_demo.elf
Invoking: ARM v7 g++ linker
arm-none-eabi-g++ -mcpu=cortex-a9 -mfpu=vfpv3 -mfloat-abi=hard -Wl,-build-id=none -specs=Xilinx.spec -Wl,-T -Wl,../src/lscript.ld -L../../standalone_bsp_0/ps7_cortexa9_0/lib -o "lenet_cnn_demo.elf"  ./src/main.o ./src/platform.o   -Wl,--start-group,-lxil,-lgcc,-lc,-lstdc++,--end-group -Wl,--start-group,-lxilffs,-lxil,-lgcc,-lc,--end-group
Finished building target: lenet_cnn_demo.elf
 
Invoking: ARM v7 Print Size
arm-none-eabi-size lenet_cnn_demo.elf  |tee "lenet_cnn_demo.elf.size"
   text	   data	    bss	    dec	    hex	filename
 808891	   2900	68134656	68946447	41c0a0f	lenet_cnn_demo.elf
Finished building: lenet_cnn_demo.elf.size
 
03:19:54 **** Incremental Build of configuration Debug for project sd_card_demo ****
make pre-build main-build 
a9-linaro-pre-build-step
 
make: 对“main-build”无需做任何事。
03:19:55 **** Incremental Build of configuration Debug for project lenet_cnn_demo ****
make pre-build main-build 
a9-linaro-pre-build-step
 
make: 对“main-build”无需做任何事。
03:19:56 **** Incremental Build of configuration Debug for project hello_world ****
make pre-build main-build 
a9-linaro-pre-build-step
 
make: 对“main-build”无需做任何事。
03:19:57 **** Incremental Build of configuration Debug for project accelerator_demo ****
make pre-build main-build 
a9-linaro-pre-build-step
 
Building file: ../src/main.c
Invoking: ARM v7 gcc compiler
arm-none-eabi-gcc -Wall -O0 -g3 -c -fmessage-length=0 -MT"src/main.o" -mcpu=cortex-a9 -mfpu=vfpv3 -mfloat-abi=hard -I../../standalone_bsp_0/ps7_cortexa9_0/include -MMD -MP -MF"src/main.d" -MT"src/main.o" -o "src/main.o" "../src/main.c"
../src/main.c:12:32: fatal error: xvector_multiplier.h: No such file or directory
 #include "xvector_multiplier.h"
                                ^
compilation terminated.
src/subdir.mk:24: recipe for target 'src/main.o' failed
make: *** [src/main.o] Error 1
03:21:27 **** Auto Build of configuration Debug for project lenet_cnn_demo ****
make pre-build main-build 
a9-linaro-pre-build-step
 
Building file: ../src/main.cc
Invoking: ARM v7 g++ compiler
arm-none-eabi-g++ -Wall -O0 -g3 -c -fmessage-length=0 -MT"src/main.o" -mcpu=cortex-a9 -mfpu=vfpv3 -mfloat-abi=hard -I../../standalone_bsp_0/ps7_cortexa9_0/include -MMD -MP -MF"src/main.d" -MT"src/main.o" -o "src/main.o" "../src/main.cc"
../src/main.cc:19:22: fatal error: ap_fixed.h: No such file or directory
 #include <ap_fixed.h>
                      ^
compilation terminated.
src/subdir.mk:28: recipe for target 'src/main.o' failed
make: *** [src/main.o] Error 1
03:21:42 **** Auto Build of configuration Debug for project lenet_cnn_demo ****
make pre-build main-build 
a9-linaro-pre-build-step
 
Building file: ../src/main.cc
Invoking: ARM v7 g++ compiler
arm-none-eabi-g++ -Wall -O0 -g3 -c -fmessage-length=0 -MT"src/main.o" -mcpu=cortex-a9 -mfpu=vfpv3 -mfloat-abi=hard -I../../standalone_bsp_0/ps7_cortexa9_0/include -MMD -MP -MF"src/main.d" -MT"src/main.o" -o "src/main.o" "../src/main.cc"
../src/main.cc: In function 'int main(int, char**)':
../src/main.cc:443:16: warning: ISO C++ forbids converting a string constant to 'TCHAR* {aka char*}' [-Wwrite-strings]
  TCHAR *Path = "0:/";
                ^~~~~
../src/main.cc:521:34: warning: ISO C++ forbids converting a string constant to 'char*' [-Wwrite-strings]
  parse_pic_parameters("plane.bin");
                                  ^
../src/main.cc:526:50: warning: ISO C++ forbids converting a string constant to 'char*' [-Wwrite-strings]
  parse_shuffle_conv_1x1_parameters("shuffle1.bin");
                                                  ^
../src/main.cc:529:50: warning: ISO C++ forbids converting a string constant to 'char*' [-Wwrite-strings]
  parse_shuffle_conv_3x3_parameters("shuffle3.bin");
                                                  ^
../src/main.cc:532:43: warning: ISO C++ forbids converting a string constant to 'char*' [-Wwrite-strings]
  parse_conv1_weight_parameters("conv1.bin");
                                           ^
../src/main.cc:535:34: warning: ISO C++ forbids converting a string constant to 'char*' [-Wwrite-strings]
  parse_bias_parameters("bias.bin");
                                  ^
../src/main.cc:538:50: warning: ISO C++ forbids converting a string constant to 'char*' [-Wwrite-strings]
  parse_conv_last_weight_parameters("convlast.bin");
                                                  ^
../src/main.cc:541:42: warning: ISO C++ forbids converting a string constant to 'char*' [-Wwrite-strings]
  parse_conv_fc_weight_parameters("fc.bin");
                                          ^
../src/main.cc:562:7: warning: unused variable 'kkkk' [-Wunused-variable]
   int kkkk = 0;
       ^~~~
Finished building: ../src/main.cc
 
Building target: lenet_cnn_demo.elf
Invoking: ARM v7 g++ linker
arm-none-eabi-g++ -mcpu=cortex-a9 -mfpu=vfpv3 -mfloat-abi=hard -Wl,-build-id=none -specs=Xilinx.spec -Wl,-T -Wl,../src/lscript.ld -L../../standalone_bsp_0/ps7_cortexa9_0/lib -o "lenet_cnn_demo.elf"  ./src/main.o ./src/platform.o   -Wl,--start-group,-lxil,-lgcc,-lc,-lstdc++,--end-group -Wl,--start-group,-lxilffs,-lxil,-lgcc,-lc,--end-group
Finished building target: lenet_cnn_demo.elf
 
Invoking: ARM v7 Print Size
arm-none-eabi-size lenet_cnn_demo.elf  |tee "lenet_cnn_demo.elf.size"
   text	   data	    bss	    dec	    hex	filename
 808891	   2900	68134656	68946447	41c0a0f	lenet_cnn_demo.elf
Finished building: lenet_cnn_demo.elf.size
 
03:25:39 **** Auto Build of configuration Debug for project lenet_cnn_demo ****
make pre-build main-build 
a9-linaro-pre-build-step
 
Building file: ../src/main.cc
Invoking: ARM v7 g++ compiler
arm-none-eabi-g++ -Wall -O0 -g3 -c -fmessage-length=0 -MT"src/main.o" -mcpu=cortex-a9 -mfpu=vfpv3 -mfloat-abi=hard -I../../standalone_bsp_0/ps7_cortexa9_0/include -MMD -MP -MF"src/main.d" -MT"src/main.o" -o "src/main.o" "../src/main.cc"
../src/main.cc: In function 'int main(int, char**)':
../src/main.cc:443:16: warning: ISO C++ forbids converting a string constant to 'TCHAR* {aka char*}' [-Wwrite-strings]
  TCHAR *Path = "0:/";
                ^~~~~
../src/main.cc:521:34: warning: ISO C++ forbids converting a string constant to 'char*' [-Wwrite-strings]
  parse_pic_parameters("plane.bin");
                                  ^
../src/main.cc:526:50: warning: ISO C++ forbids converting a string constant to 'char*' [-Wwrite-strings]
  parse_shuffle_conv_1x1_parameters("shuffle1.bin");
                                                  ^
../src/main.cc:529:50: warning: ISO C++ forbids converting a string constant to 'char*' [-Wwrite-strings]
  parse_shuffle_conv_3x3_parameters("shuffle3.bin");
                                                  ^
../src/main.cc:532:43: warning: ISO C++ forbids converting a string constant to 'char*' [-Wwrite-strings]
  parse_conv1_weight_parameters("conv1.bin");
                                           ^
../src/main.cc:535:34: warning: ISO C++ forbids converting a string constant to 'char*' [-Wwrite-strings]
  parse_bias_parameters("bias.bin");
                                  ^
../src/main.cc:538:50: warning: ISO C++ forbids converting a string constant to 'char*' [-Wwrite-strings]
  parse_conv_last_weight_parameters("convlast.bin");
                                                  ^
../src/main.cc:541:42: warning: ISO C++ forbids converting a string constant to 'char*' [-Wwrite-strings]
  parse_conv_fc_weight_parameters("fc.bin");
                                          ^
../src/main.cc:562:7: warning: unused variable 'kkkk' [-Wunused-variable]
   int kkkk = 0;
       ^~~~
Finished building: ../src/main.cc
 
Building target: lenet_cnn_demo.elf
Invoking: ARM v7 g++ linker
arm-none-eabi-g++ -mcpu=cortex-a9 -mfpu=vfpv3 -mfloat-abi=hard -Wl,-build-id=none -specs=Xilinx.spec -Wl,-T -Wl,../src/lscript.ld -L../../standalone_bsp_0/ps7_cortexa9_0/lib -o "lenet_cnn_demo.elf"  ./src/main.o ./src/platform.o   -Wl,--start-group,-lxil,-lgcc,-lc,-lstdc++,--end-group -Wl,--start-group,-lxilffs,-lxil,-lgcc,-lc,--end-group
Finished building target: lenet_cnn_demo.elf
 
Invoking: ARM v7 Print Size
arm-none-eabi-size lenet_cnn_demo.elf  |tee "lenet_cnn_demo.elf.size"
   text	   data	    bss	    dec	    hex	filename
 808891	   2900	67377472	68189263	4107c4f	lenet_cnn_demo.elf
Finished building: lenet_cnn_demo.elf.size
 
03:28:45 **** Incremental Build of configuration Debug for project sd_card_demo ****
make pre-build main-build 
a9-linaro-pre-build-step
 
make: 对“main-build”无需做任何事。
03:28:46 **** Incremental Build of configuration Debug for project lenet_cnn_demo ****
make pre-build main-build 
a9-linaro-pre-build-step
 
make: 对“main-build”无需做任何事。
03:28:47 **** Incremental Build of configuration Debug for project hello_world ****
make pre-build main-build 
a9-linaro-pre-build-step
 
make: 对“main-build”无需做任何事。
03:28:48 **** Incremental Build of configuration Debug for project accelerator_demo ****
make pre-build main-build 
a9-linaro-pre-build-step
 
Building file: ../src/main.c
Invoking: ARM v7 gcc compiler
arm-none-eabi-gcc -Wall -O0 -g3 -c -fmessage-length=0 -MT"src/main.o" -mcpu=cortex-a9 -mfpu=vfpv3 -mfloat-abi=hard -I../../standalone_bsp_0/ps7_cortexa9_0/include -MMD -MP -MF"src/main.d" -MT"src/main.o" -o "src/main.o" "../src/main.c"
../src/main.c:12:32: fatal error: xvector_multiplier.h: No such file or directory
 #include "xvector_multiplier.h"
                                ^
compilation terminated.
src/subdir.mk:24: recipe for target 'src/main.o' failed
make: *** [src/main.o] Error 1
03:32:24 **** Incremental Build of configuration Debug for project sd_card_demo ****
make pre-build main-build 
a9-linaro-pre-build-step
 
make: 对“main-build”无需做任何事。
03:32:25 **** Incremental Build of configuration Debug for project lenet_cnn_demo ****
make pre-build main-build 
a9-linaro-pre-build-step
 
make: 对“main-build”无需做任何事。
03:32:25 **** Incremental Build of configuration Debug for project hello_world ****
make pre-build main-build 
a9-linaro-pre-build-step
 
make: 对“main-build”无需做任何事。
03:32:26 **** Incremental Build of configuration Debug for project accelerator_demo ****
make pre-build main-build 
a9-linaro-pre-build-step
 
Building file: ../src/main.c
Invoking: ARM v7 gcc compiler
arm-none-eabi-gcc -Wall -O0 -g3 -c -fmessage-length=0 -MT"src/main.o" -mcpu=cortex-a9 -mfpu=vfpv3 -mfloat-abi=hard -I../../standalone_bsp_0/ps7_cortexa9_0/include -MMD -MP -MF"src/main.d" -MT"src/main.o" -o "src/main.o" "../src/main.c"
../src/main.c:12:32: fatal error: xvector_multiplier.h: No such file or directory
 #include "xvector_multiplier.h"
                                ^
compilation terminated.
make: *** [src/main.o] Error 1
src/subdir.mk:24: recipe for target 'src/main.o' failed
21:20:43 **** Auto Build of configuration Debug for project lenet_cnn_demo ****
make pre-build main-build 
a9-linaro-pre-build-step
 
Building file: ../src/main.cc
Invoking: ARM v7 g++ compiler
arm-none-eabi-g++ -Wall -O0 -g3 -c -fmessage-length=0 -MT"src/main.o" -mcpu=cortex-a9 -mfpu=vfpv3 -mfloat-abi=hard -I../../standalone_bsp_0/ps7_cortexa9_0/include -MMD -MP -MF"src/main.d" -MT"src/main.o" -o "src/main.o" "../src/main.cc"
../src/main.cc: In function 'int main(int, char**)':
../src/main.cc:443:16: warning: ISO C++ forbids converting a string constant to 'TCHAR* {aka char*}' [-Wwrite-strings]
  TCHAR *Path = "0:/";
                ^~~~~
../src/main.cc:521:34: warning: ISO C++ forbids converting a string constant to 'char*' [-Wwrite-strings]
  parse_pic_parameters("plane.bin");
                                  ^
../src/main.cc:526:50: warning: ISO C++ forbids converting a string constant to 'char*' [-Wwrite-strings]
  parse_shuffle_conv_1x1_parameters("shuffle1.bin");
                                                  ^
../src/main.cc:529:50: warning: ISO C++ forbids converting a string constant to 'char*' [-Wwrite-strings]
  parse_shuffle_conv_3x3_parameters("shuffle3.bin");
                                                  ^
../src/main.cc:532:43: warning: ISO C++ forbids converting a string constant to 'char*' [-Wwrite-strings]
  parse_conv1_weight_parameters("conv1.bin");
                                           ^
../src/main.cc:535:34: warning: ISO C++ forbids converting a string constant to 'char*' [-Wwrite-strings]
  parse_bias_parameters("bias.bin");
                                  ^
../src/main.cc:538:50: warning: ISO C++ forbids converting a string constant to 'char*' [-Wwrite-strings]
  parse_conv_last_weight_parameters("convlast.bin");
                                                  ^
../src/main.cc:541:42: warning: ISO C++ forbids converting a string constant to 'char*' [-Wwrite-strings]
  parse_conv_fc_weight_parameters("fc.bin");
                                          ^
../src/main.cc:562:7: warning: unused variable 'kkkk' [-Wunused-variable]
   int kkkk = 0;
       ^~~~
Finished building: ../src/main.cc
 
Building target: lenet_cnn_demo.elf
Invoking: ARM v7 g++ linker
arm-none-eabi-g++ -mcpu=cortex-a9 -mfpu=vfpv3 -mfloat-abi=hard -Wl,-build-id=none -specs=Xilinx.spec -Wl,-T -Wl,../src/lscript.ld -L../../standalone_bsp_0/ps7_cortexa9_0/lib -o "lenet_cnn_demo.elf"  ./src/main.o ./src/platform.o   -Wl,--start-group,-lxil,-lgcc,-lc,-lstdc++,--end-group -Wl,--start-group,-lxilffs,-lxil,-lgcc,-lc,--end-group
Finished building target: lenet_cnn_demo.elf
 
Invoking: ARM v7 Print Size
arm-none-eabi-size lenet_cnn_demo.elf  |tee "lenet_cnn_demo.elf.size"
   text	   data	    bss	    dec	    hex	filename
 808891	   2900	68134656	68946447	41c0a0f	lenet_cnn_demo.elf
Finished building: lenet_cnn_demo.elf.size
 
02:27:16 **** Auto Build of configuration Debug for project lenet_cnn_demo ****
make pre-build main-build 
a9-linaro-pre-build-step
 
make: 对“main-build”无需做任何事。
22:56:36 **** Auto Build of project standalone_bsp_0 ****
make -k all 
"Running Make include in ps7_cortexa9_0/libsrc/coresightps_dcc_v1_4/src"
make -C ps7_cortexa9_0/libsrc/coresightps_dcc_v1_4/src -s include  "SHELL=CMD" "COMPILER=arm-none-eabi-gcc" "ARCHIVER=arm-none-eabi-ar" "COMPILER_FLAGS=  -O2 -c" "EXTRA_COMPILER_FLAGS=-mcpu=cortex-a9 -mfpu=vfpv3 -mfloat-abi=hard -nostartfiles -Wall -Wextra"
"Running Make include in ps7_cortexa9_0/libsrc/cpu_cortexa9_v2_4/src"
make -C ps7_cortexa9_0/libsrc/cpu_cortexa9_v2_4/src -s include  "SHELL=CMD" "COMPILER=arm-none-eabi-gcc" "ARCHIVER=arm-none-eabi-ar" "COMPILER_FLAGS=  -O2 -c" "EXTRA_COMPILER_FLAGS=-mcpu=cortex-a9 -mfpu=vfpv3 -mfloat-abi=hard -nostartfiles -Wall -Wextra"
"Running Make include in ps7_cortexa9_0/libsrc/ddrps_v1_0/src"
make -C ps7_cortexa9_0/libsrc/ddrps_v1_0/src -s include  "SHELL=CMD" "COMPILER=arm-none-eabi-gcc" "ARCHIVER=arm-none-eabi-ar" "COMPILER_FLAGS=  -O2 -c" "EXTRA_COMPILER_FLAGS=-mcpu=cortex-a9 -mfpu=vfpv3 -mfloat-abi=hard -nostartfiles -Wall -Wextra"
"Running Make include in ps7_cortexa9_0/libsrc/devcfg_v3_4/src"
make -C ps7_cortexa9_0/libsrc/devcfg_v3_4/src -s include  "SHELL=CMD" "COMPILER=arm-none-eabi-gcc" "ARCHIVER=arm-none-eabi-ar" "COMPILER_FLAGS=  -O2 -c" "EXTRA_COMPILER_FLAGS=-mcpu=cortex-a9 -mfpu=vfpv3 -mfloat-abi=hard -nostartfiles -Wall -Wextra"
"Running Make include in ps7_cortexa9_0/libsrc/dmaps_v2_3/src"
make -C ps7_cortexa9_0/libsrc/dmaps_v2_3/src -s include  "SHELL=CMD" "COMPILER=arm-none-eabi-gcc" "ARCHIVER=arm-none-eabi-ar" "COMPILER_FLAGS=  -O2 -c" "EXTRA_COMPILER_FLAGS=-mcpu=cortex-a9 -mfpu=vfpv3 -mfloat-abi=hard -nostartfiles -Wall -Wextra"
"Running Make include in ps7_cortexa9_0/libsrc/emacps_v3_4/src"
make -C ps7_cortexa9_0/libsrc/emacps_v3_4/src -s include  "SHELL=CMD" "COMPILER=arm-none-eabi-gcc" "ARCHIVER=arm-none-eabi-ar" "COMPILER_FLAGS=  -O2 -c" "EXTRA_COMPILER_FLAGS=-mcpu=cortex-a9 -mfpu=vfpv3 -mfloat-abi=hard -nostartfiles -Wall -Wextra"
"Running Make include in ps7_cortexa9_0/libsrc/gpiops_v3_3/src"
make -C ps7_cortexa9_0/libsrc/gpiops_v3_3/src -s include  "SHELL=CMD" "COMPILER=arm-none-eabi-gcc" "ARCHIVER=arm-none-eabi-ar" "COMPILER_FLAGS=  -O2 -c" "EXTRA_COMPILER_FLAGS=-mcpu=cortex-a9 -mfpu=vfpv3 -mfloat-abi=hard -nostartfiles -Wall -Wextra"
"Running Make include in ps7_cortexa9_0/libsrc/qspips_v3_3/src"
make -C ps7_cortexa9_0/libsrc/qspips_v3_3/src -s include  "SHELL=CMD" "COMPILER=arm-none-eabi-gcc" "ARCHIVER=arm-none-eabi-ar" "COMPILER_FLAGS=  -O2 -c" "EXTRA_COMPILER_FLAGS=-mcpu=cortex-a9 -mfpu=vfpv3 -mfloat-abi=hard -nostartfiles -Wall -Wextra"
"Running Make include in ps7_cortexa9_0/libsrc/scugic_v3_7/src"
make -C ps7_cortexa9_0/libsrc/scugic_v3_7/src -s include  "SHELL=CMD" "COMPILER=arm-none-eabi-gcc" "ARCHIVER=arm-none-eabi-ar" "COMPILER_FLAGS=  -O2 -c" "EXTRA_COMPILER_FLAGS=-mcpu=cortex-a9 -mfpu=vfpv3 -mfloat-abi=hard -nostartfiles -Wall -Wextra"
"Running Make include in ps7_cortexa9_0/libsrc/scutimer_v2_1/src"
make -C ps7_cortexa9_0/libsrc/scutimer_v2_1/src -s include  "SHELL=CMD" "COMPILER=arm-none-eabi-gcc" "ARCHIVER=arm-none-eabi-ar" "COMPILER_FLAGS=  -O2 -c" "EXTRA_COMPILER_FLAGS=-mcpu=cortex-a9 -mfpu=vfpv3 -mfloat-abi=hard -nostartfiles -Wall -Wextra"
"Running Make include in ps7_cortexa9_0/libsrc/scuwdt_v2_1/src"
make -C ps7_cortexa9_0/libsrc/scuwdt_v2_1/src -s include  "SHELL=CMD" "COMPILER=arm-none-eabi-gcc" "ARCHIVER=arm-none-eabi-ar" "COMPILER_FLAGS=  -O2 -c" "EXTRA_COMPILER_FLAGS=-mcpu=cortex-a9 -mfpu=vfpv3 -mfloat-abi=hard -nostartfiles -Wall -Wextra"
"Running Make include in ps7_cortexa9_0/libsrc/sdps_v3_2/src"
make -C ps7_cortexa9_0/libsrc/sdps_v3_2/src -s include  "SHELL=CMD" "COMPILER=arm-none-eabi-gcc" "ARCHIVER=arm-none-eabi-ar" "COMPILER_FLAGS=  -O2 -c" "EXTRA_COMPILER_FLAGS=-mcpu=cortex-a9 -mfpu=vfpv3 -mfloat-abi=hard -nostartfiles -Wall -Wextra"
"Running Make include in ps7_cortexa9_0/libsrc/ShuffleNetV2_v1_0/src"
make -C ps7_cortexa9_0/libsrc/ShuffleNetV2_v1_0/src -s include  "SHELL=CMD" "COMPILER=arm-none-eabi-gcc" "ARCHIVER=arm-none-eabi-ar" "COMPILER_FLAGS=  -O2 -c" "EXTRA_COMPILER_FLAGS=-mcpu=cortex-a9 -mfpu=vfpv3 -mfloat-abi=hard -nostartfiles -Wall -Wextra"
"Running Make include in ps7_cortexa9_0/libsrc/standalone_v6_3/src"
make -C ps7_cortexa9_0/libsrc/standalone_v6_3/src -s include  "SHELL=CMD" "COMPILER=arm-none-eabi-gcc" "ARCHIVER=arm-none-eabi-ar" "COMPILER_FLAGS=  -O2 -c" "EXTRA_COMPILER_FLAGS=-mcpu=cortex-a9 -mfpu=vfpv3 -mfloat-abi=hard -nostartfiles -Wall -Wextra"
"Running Make include in ps7_cortexa9_0/libsrc/tmrctr_v4_3/src"
make -C ps7_cortexa9_0/libsrc/tmrctr_v4_3/src -s include  "SHELL=CMD" "COMPILER=arm-none-eabi-gcc" "ARCHIVER=arm-none-eabi-ar" "COMPILER_FLAGS=  -O2 -c" "EXTRA_COMPILER_FLAGS=-mcpu=cortex-a9 -mfpu=vfpv3 -mfloat-abi=hard -nostartfiles -Wall -Wextra"
"Running Make include in ps7_cortexa9_0/libsrc/ttcps_v3_3/src"
make -C ps7_cortexa9_0/libsrc/ttcps_v3_3/src -s include  "SHELL=CMD" "COMPILER=arm-none-eabi-gcc" "ARCHIVER=arm-none-eabi-ar" "COMPILER_FLAGS=  -O2 -c" "EXTRA_COMPILER_FLAGS=-mcpu=cortex-a9 -mfpu=vfpv3 -mfloat-abi=hard -nostartfiles -Wall -Wextra"
"Running Make include in ps7_cortexa9_0/libsrc/uartps_v3_4/src"
make -C ps7_cortexa9_0/libsrc/uartps_v3_4/src -s include  "SHELL=CMD" "COMPILER=arm-none-eabi-gcc" "ARCHIVER=arm-none-eabi-ar" "COMPILER_FLAGS=  -O2 -c" "EXTRA_COMPILER_FLAGS=-mcpu=cortex-a9 -mfpu=vfpv3 -mfloat-abi=hard -nostartfiles -Wall -Wextra"
"Running Make include in ps7_cortexa9_0/libsrc/usbps_v2_4/src"
make -C ps7_cortexa9_0/libsrc/usbps_v2_4/src -s include  "SHELL=CMD" "COMPILER=arm-none-eabi-gcc" "ARCHIVER=arm-none-eabi-ar" "COMPILER_FLAGS=  -O2 -c" "EXTRA_COMPILER_FLAGS=-mcpu=cortex-a9 -mfpu=vfpv3 -mfloat-abi=hard -nostartfiles -Wall -Wextra"
"Running Make include in ps7_cortexa9_0/libsrc/xadcps_v2_2/src"
make -C ps7_cortexa9_0/libsrc/xadcps_v2_2/src -s include  "SHELL=CMD" "COMPILER=arm-none-eabi-gcc" "ARCHIVER=arm-none-eabi-ar" "COMPILER_FLAGS=  -O2 -c" "EXTRA_COMPILER_FLAGS=-mcpu=cortex-a9 -mfpu=vfpv3 -mfloat-abi=hard -nostartfiles -Wall -Wextra"
"Running Make include in ps7_cortexa9_0/libsrc/xilffs_v3_6/src"
make -C ps7_cortexa9_0/libsrc/xilffs_v3_6/src -s include  "SHELL=CMD" "COMPILER=arm-none-eabi-gcc" "ARCHIVER=arm-none-eabi-ar" "COMPILER_FLAGS=  -O2 -c" "EXTRA_COMPILER_FLAGS=-mcpu=cortex-a9 -mfpu=vfpv3 -mfloat-abi=hard -nostartfiles -Wall -Wextra"
"Running Make libs in ps7_cortexa9_0/libsrc/coresightps_dcc_v1_4/src"
make -C ps7_cortexa9_0/libsrc/coresightps_dcc_v1_4/src -s libs  "SHELL=CMD" "COMPILER=arm-none-eabi-gcc" "ARCHIVER=arm-none-eabi-ar" "COMPILER_FLAGS=  -O2 -c" "EXTRA_COMPILER_FLAGS=-mcpu=cortex-a9 -mfpu=vfpv3 -mfloat-abi=hard -nostartfiles -Wall -Wextra"
"Compiling coresightps_dcc"
"Running Make libs in ps7_cortexa9_0/libsrc/cpu_cortexa9_v2_4/src"
make -C ps7_cortexa9_0/libsrc/cpu_cortexa9_v2_4/src -s libs  "SHELL=CMD" "COMPILER=arm-none-eabi-gcc" "ARCHIVER=arm-none-eabi-ar" "COMPILER_FLAGS=  -O2 -c" "EXTRA_COMPILER_FLAGS=-mcpu=cortex-a9 -mfpu=vfpv3 -mfloat-abi=hard -nostartfiles -Wall -Wextra"
"Compiling cpu_cortexa9"
"Running Make libs in ps7_cortexa9_0/libsrc/ddrps_v1_0/src"
make -C ps7_cortexa9_0/libsrc/ddrps_v1_0/src -s libs  "SHELL=CMD" "COMPILER=arm-none-eabi-gcc" "ARCHIVER=arm-none-eabi-ar" "COMPILER_FLAGS=  -O2 -c" "EXTRA_COMPILER_FLAGS=-mcpu=cortex-a9 -mfpu=vfpv3 -mfloat-abi=hard -nostartfiles -Wall -Wextra"
"Compiling ddrps"
"Running Make libs in ps7_cortexa9_0/libsrc/devcfg_v3_4/src"
make -C ps7_cortexa9_0/libsrc/devcfg_v3_4/src -s libs  "SHELL=CMD" "COMPILER=arm-none-eabi-gcc" "ARCHIVER=arm-none-eabi-ar" "COMPILER_FLAGS=  -O2 -c" "EXTRA_COMPILER_FLAGS=-mcpu=cortex-a9 -mfpu=vfpv3 -mfloat-abi=hard -nostartfiles -Wall -Wextra"
"Compiling devcfg"
"Running Make libs in ps7_cortexa9_0/libsrc/dmaps_v2_3/src"
make -C ps7_cortexa9_0/libsrc/dmaps_v2_3/src -s libs  "SHELL=CMD" "COMPILER=arm-none-eabi-gcc" "ARCHIVER=arm-none-eabi-ar" "COMPILER_FLAGS=  -O2 -c" "EXTRA_COMPILER_FLAGS=-mcpu=cortex-a9 -mfpu=vfpv3 -mfloat-abi=hard -nostartfiles -Wall -Wextra"
"Compiling dmaps"
"Running Make libs in ps7_cortexa9_0/libsrc/emacps_v3_4/src"
make -C ps7_cortexa9_0/libsrc/emacps_v3_4/src -s libs  "SHELL=CMD" "COMPILER=arm-none-eabi-gcc" "ARCHIVER=arm-none-eabi-ar" "COMPILER_FLAGS=  -O2 -c" "EXTRA_COMPILER_FLAGS=-mcpu=cortex-a9 -mfpu=vfpv3 -mfloat-abi=hard -nostartfiles -Wall -Wextra"
"Compiling emacps"
"Running Make libs in ps7_cortexa9_0/libsrc/gpiops_v3_3/src"
make -C ps7_cortexa9_0/libsrc/gpiops_v3_3/src -s libs  "SHELL=CMD" "COMPILER=arm-none-eabi-gcc" "ARCHIVER=arm-none-eabi-ar" "COMPILER_FLAGS=  -O2 -c" "EXTRA_COMPILER_FLAGS=-mcpu=cortex-a9 -mfpu=vfpv3 -mfloat-abi=hard -nostartfiles -Wall -Wextra"
"Compiling gpiops"
"Running Make libs in ps7_cortexa9_0/libsrc/qspips_v3_3/src"
make -C ps7_cortexa9_0/libsrc/qspips_v3_3/src -s libs  "SHELL=CMD" "COMPILER=arm-none-eabi-gcc" "ARCHIVER=arm-none-eabi-ar" "COMPILER_FLAGS=  -O2 -c" "EXTRA_COMPILER_FLAGS=-mcpu=cortex-a9 -mfpu=vfpv3 -mfloat-abi=hard -nostartfiles -Wall -Wextra"
"Compiling qspips"
"Running Make libs in ps7_cortexa9_0/libsrc/scugic_v3_7/src"
make -C ps7_cortexa9_0/libsrc/scugic_v3_7/src -s libs  "SHELL=CMD" "COMPILER=arm-none-eabi-gcc" "ARCHIVER=arm-none-eabi-ar" "COMPILER_FLAGS=  -O2 -c" "EXTRA_COMPILER_FLAGS=-mcpu=cortex-a9 -mfpu=vfpv3 -mfloat-abi=hard -nostartfiles -Wall -Wextra"
"Compiling scugic"
xscugic_g.c:53:2: warning: missing initializer for field 'HandlerTable' of 'XScuGic_Config {aka struct <anonymous>}' [-Wmissing-field-initializers]
  }
  ^
In file included from xscugic_g.c:41:0:
xscugic.h:218:27: note: 'HandlerTable' declared here
  XScuGic_VectorTableEntry HandlerTable[XSCUGIC_MAX_NUM_INTR_INPUTS];/**<
                           ^~~~~~~~~~~~
"Running Make libs in ps7_cortexa9_0/libsrc/scutimer_v2_1/src"
make -C ps7_cortexa9_0/libsrc/scutimer_v2_1/src -s libs  "SHELL=CMD" "COMPILER=arm-none-eabi-gcc" "ARCHIVER=arm-none-eabi-ar" "COMPILER_FLAGS=  -O2 -c" "EXTRA_COMPILER_FLAGS=-mcpu=cortex-a9 -mfpu=vfpv3 -mfloat-abi=hard -nostartfiles -Wall -Wextra"
"Compiling scutimer"
"Running Make libs in ps7_cortexa9_0/libsrc/scuwdt_v2_1/src"
make -C ps7_cortexa9_0/libsrc/scuwdt_v2_1/src -s libs  "SHELL=CMD" "COMPILER=arm-none-eabi-gcc" "ARCHIVER=arm-none-eabi-ar" "COMPILER_FLAGS=  -O2 -c" "EXTRA_COMPILER_FLAGS=-mcpu=cortex-a9 -mfpu=vfpv3 -mfloat-abi=hard -nostartfiles -Wall -Wextra"
"Compiling scuwdt"
"Running Make libs in ps7_cortexa9_0/libsrc/sdps_v3_2/src"
make -C ps7_cortexa9_0/libsrc/sdps_v3_2/src -s libs  "SHELL=CMD" "COMPILER=arm-none-eabi-gcc" "ARCHIVER=arm-none-eabi-ar" "COMPILER_FLAGS=  -O2 -c" "EXTRA_COMPILER_FLAGS=-mcpu=cortex-a9 -mfpu=vfpv3 -mfloat-abi=hard -nostartfiles -Wall -Wextra"
"Compiling sdps"
"Running Make libs in ps7_cortexa9_0/libsrc/ShuffleNetV2_v1_0/src"
make -C ps7_cortexa9_0/libsrc/ShuffleNetV2_v1_0/src -s libs  "SHELL=CMD" "COMPILER=arm-none-eabi-gcc" "ARCHIVER=arm-none-eabi-ar" "COMPILER_FLAGS=  -O2 -c" "EXTRA_COMPILER_FLAGS=-mcpu=cortex-a9 -mfpu=vfpv3 -mfloat-abi=hard -nostartfiles -Wall -Wextra"
"Compiling ShuffleNetV2"
"Running Make libs in ps7_cortexa9_0/libsrc/standalone_v6_3/src"
make -C ps7_cortexa9_0/libsrc/standalone_v6_3/src -s libs  "SHELL=CMD" "COMPILER=arm-none-eabi-gcc" "ARCHIVER=arm-none-eabi-ar" "COMPILER_FLAGS=  -O2 -c" "EXTRA_COMPILER_FLAGS=-mcpu=cortex-a9 -mfpu=vfpv3 -mfloat-abi=hard -nostartfiles -Wall -Wextra"
"Compiling standalone"
"Running Make libs in ps7_cortexa9_0/libsrc/tmrctr_v4_3/src"
make -C ps7_cortexa9_0/libsrc/tmrctr_v4_3/src -s libs  "SHELL=CMD" "COMPILER=arm-none-eabi-gcc" "ARCHIVER=arm-none-eabi-ar" "COMPILER_FLAGS=  -O2 -c" "EXTRA_COMPILER_FLAGS=-mcpu=cortex-a9 -mfpu=vfpv3 -mfloat-abi=hard -nostartfiles -Wall -Wextra"
"Compiling tmrctr"
"Running Make libs in ps7_cortexa9_0/libsrc/ttcps_v3_3/src"
make -C ps7_cortexa9_0/libsrc/ttcps_v3_3/src -s libs  "SHELL=CMD" "COMPILER=arm-none-eabi-gcc" "ARCHIVER=arm-none-eabi-ar" "COMPILER_FLAGS=  -O2 -c" "EXTRA_COMPILER_FLAGS=-mcpu=cortex-a9 -mfpu=vfpv3 -mfloat-abi=hard -nostartfiles -Wall -Wextra"
"Compiling ttcps"
"Running Make libs in ps7_cortexa9_0/libsrc/uartps_v3_4/src"
make -C ps7_cortexa9_0/libsrc/uartps_v3_4/src -s libs  "SHELL=CMD" "COMPILER=arm-none-eabi-gcc" "ARCHIVER=arm-none-eabi-ar" "COMPILER_FLAGS=  -O2 -c" "EXTRA_COMPILER_FLAGS=-mcpu=cortex-a9 -mfpu=vfpv3 -mfloat-abi=hard -nostartfiles -Wall -Wextra"
"Compiling uartps"
"Running Make libs in ps7_cortexa9_0/libsrc/usbps_v2_4/src"
make -C ps7_cortexa9_0/libsrc/usbps_v2_4/src -s libs  "SHELL=CMD" "COMPILER=arm-none-eabi-gcc" "ARCHIVER=arm-none-eabi-ar" "COMPILER_FLAGS=  -O2 -c" "EXTRA_COMPILER_FLAGS=-mcpu=cortex-a9 -mfpu=vfpv3 -mfloat-abi=hard -nostartfiles -Wall -Wextra"
"Compiling usbps"
"Running Make libs in ps7_cortexa9_0/libsrc/xadcps_v2_2/src"
make -C ps7_cortexa9_0/libsrc/xadcps_v2_2/src -s libs  "SHELL=CMD" "COMPILER=arm-none-eabi-gcc" "ARCHIVER=arm-none-eabi-ar" "COMPILER_FLAGS=  -O2 -c" "EXTRA_COMPILER_FLAGS=-mcpu=cortex-a9 -mfpu=vfpv3 -mfloat-abi=hard -nostartfiles -Wall -Wextra"
"Compiling xadcps"
"Running Make libs in ps7_cortexa9_0/libsrc/xilffs_v3_6/src"
make -C ps7_cortexa9_0/libsrc/xilffs_v3_6/src -s libs  "SHELL=CMD" "COMPILER=arm-none-eabi-gcc" "ARCHIVER=arm-none-eabi-ar" "COMPILER_FLAGS=  -O2 -c" "EXTRA_COMPILER_FLAGS=-mcpu=cortex-a9 -mfpu=vfpv3 -mfloat-abi=hard -nostartfiles -Wall -Wextra"
"Compiling XilFFs Library"
'Finished building libraries'
22:56:54 **** Auto Build of configuration Debug for project sd_card_demo ****
make pre-build main-build 
a9-linaro-pre-build-step
' '
'Building file: ../src/main.c'
'Invoking: ARM v7 gcc compiler'
arm-none-eabi-gcc -Wall -O0 -g3 -c -fmessage-length=0 -MT"src/main.o" -mcpu=cortex-a9 -mfpu=vfpv3 -mfloat-abi=hard -I../../standalone_bsp_0/ps7_cortexa9_0/include -MMD -MP -MF"src/main.d" -MT"src/main.o" -o "src/main.o" "../src/main.c"
'Finished building: ../src/main.c'
' '
'Building file: ../src/platform.c'
'Invoking: ARM v7 gcc compiler'
arm-none-eabi-gcc -Wall -O0 -g3 -c -fmessage-length=0 -MT"src/platform.o" -mcpu=cortex-a9 -mfpu=vfpv3 -mfloat-abi=hard -I../../standalone_bsp_0/ps7_cortexa9_0/include -MMD -MP -MF"src/platform.d" -MT"src/platform.o" -o "src/platform.o" "../src/platform.c"
'Finished building: ../src/platform.c'
' '
'Building target: sd_card_demo.elf'
'Invoking: ARM v7 gcc linker'
arm-none-eabi-gcc -mcpu=cortex-a9 -mfpu=vfpv3 -mfloat-abi=hard -Wl,-build-id=none -specs=Xilinx.spec -Wl,-T -Wl,../src/lscript.ld -L../../standalone_bsp_0/ps7_cortexa9_0/lib -o "sd_card_demo.elf"  ./src/main.o ./src/platform.o   -Wl,--start-group,-lxil,-lgcc,-lc,--end-group -Wl,--start-group,-lxilffs,-lxil,-lgcc,-lc,--end-group
'Finished building target: sd_card_demo.elf'
' '
'Invoking: ARM v7 Print Size'
arm-none-eabi-size sd_card_demo.elf  |tee "sd_card_demo.elf.size"
   text	   data	    bss	    dec	    hex	filename
  48084	   1220	20996640	21045944	14122b8	sd_card_demo.elf
'Finished building: sd_card_demo.elf.size'
' '
22:56:55 **** Auto Build of configuration Debug for project lenet_cnn_demo ****
make pre-build main-build 
a9-linaro-pre-build-step
' '
'Building file: ../src/main.cc'
'Invoking: ARM v7 g++ compiler'
arm-none-eabi-g++ -Wall -O0 -g3 -c -fmessage-length=0 -MT"src/main.o" -mcpu=cortex-a9 -mfpu=vfpv3 -mfloat-abi=hard -I../../standalone_bsp_0/ps7_cortexa9_0/include -MMD -MP -MF"src/main.d" -MT"src/main.o" -o "src/main.o" "../src/main.cc"
../src/main.cc: In function 'int main(int, char**)':
../src/main.cc:443:16: warning: ISO C++ forbids converting a string constant to 'TCHAR* {aka char*}' [-Wwrite-strings]
  TCHAR *Path = "0:/";
                ^~~~~
../src/main.cc:521:34: warning: ISO C++ forbids converting a string constant to 'char*' [-Wwrite-strings]
  parse_pic_parameters("plane.bin");
                                  ^
../src/main.cc:526:50: warning: ISO C++ forbids converting a string constant to 'char*' [-Wwrite-strings]
  parse_shuffle_conv_1x1_parameters("shuffle1.bin");
                                                  ^
../src/main.cc:529:50: warning: ISO C++ forbids converting a string constant to 'char*' [-Wwrite-strings]
  parse_shuffle_conv_3x3_parameters("shuffle3.bin");
                                                  ^
../src/main.cc:532:43: warning: ISO C++ forbids converting a string constant to 'char*' [-Wwrite-strings]
  parse_conv1_weight_parameters("conv1.bin");
                                           ^
../src/main.cc:535:34: warning: ISO C++ forbids converting a string constant to 'char*' [-Wwrite-strings]
  parse_bias_parameters("bias.bin");
                                  ^
../src/main.cc:538:50: warning: ISO C++ forbids converting a string constant to 'char*' [-Wwrite-strings]
  parse_conv_last_weight_parameters("convlast.bin");
                                                  ^
../src/main.cc:541:42: warning: ISO C++ forbids converting a string constant to 'char*' [-Wwrite-strings]
  parse_conv_fc_weight_parameters("fc.bin");
                                          ^
../src/main.cc:562:7: warning: unused variable 'kkkk' [-Wunused-variable]
   int kkkk = 0;
       ^~~~
'Finished building: ../src/main.cc'
' '
'Building file: ../src/platform.c'
'Invoking: ARM v7 g++ compiler'
arm-none-eabi-g++ -Wall -O0 -g3 -c -fmessage-length=0 -MT"src/platform.o" -mcpu=cortex-a9 -mfpu=vfpv3 -mfloat-abi=hard -I../../standalone_bsp_0/ps7_cortexa9_0/include -MMD -MP -MF"src/platform.d" -MT"src/platform.o" -o "src/platform.o" "../src/platform.c"
'Finished building: ../src/platform.c'
' '
'Building target: lenet_cnn_demo.elf'
'Invoking: ARM v7 g++ linker'
arm-none-eabi-g++ -mcpu=cortex-a9 -mfpu=vfpv3 -mfloat-abi=hard -Wl,-build-id=none -specs=Xilinx.spec -Wl,-T -Wl,../src/lscript.ld -L../../standalone_bsp_0/ps7_cortexa9_0/lib -o "lenet_cnn_demo.elf"  ./src/main.o ./src/platform.o   -Wl,--start-group,-lxil,-lgcc,-lc,-lstdc++,--end-group -Wl,--start-group,-lxilffs,-lxil,-lgcc,-lc,--end-group
'Finished building target: lenet_cnn_demo.elf'
' '
'Invoking: ARM v7 Print Size'
arm-none-eabi-size lenet_cnn_demo.elf  |tee "lenet_cnn_demo.elf.size"
   text	   data	    bss	    dec	    hex	filename
 808891	   2900	68134656	68946447	41c0a0f	lenet_cnn_demo.elf
'Finished building: lenet_cnn_demo.elf.size'
' '
22:56:58 **** Auto Build of configuration Debug for project hello_world ****
make pre-build main-build 
a9-linaro-pre-build-step
' '
'Building file: ../src/main.c'
'Invoking: ARM v7 gcc compiler'
arm-none-eabi-gcc -Wall -O0 -g3 -c -fmessage-length=0 -MT"src/main.o" -mcpu=cortex-a9 -mfpu=vfpv3 -mfloat-abi=hard -I../../standalone_bsp_0/ps7_cortexa9_0/include -MMD -MP -MF"src/main.d" -MT"src/main.o" -o "src/main.o" "../src/main.c"
'Finished building: ../src/main.c'
' '
'Building file: ../src/platform.c'
'Invoking: ARM v7 gcc compiler'
arm-none-eabi-gcc -Wall -O0 -g3 -c -fmessage-length=0 -MT"src/platform.o" -mcpu=cortex-a9 -mfpu=vfpv3 -mfloat-abi=hard -I../../standalone_bsp_0/ps7_cortexa9_0/include -MMD -MP -MF"src/platform.d" -MT"src/platform.o" -o "src/platform.o" "../src/platform.c"
'Finished building: ../src/platform.c'
' '
'Building target: hello_world.elf'
'Invoking: ARM v7 gcc linker'
arm-none-eabi-gcc -mcpu=cortex-a9 -mfpu=vfpv3 -mfloat-abi=hard -Wl,-build-id=none -specs=Xilinx.spec -Wl,-T -Wl,../src/lscript.ld -L../../standalone_bsp_0/ps7_cortexa9_0/lib -o "hello_world.elf"  ./src/main.o ./src/platform.o   -Wl,--start-group,-lxil,-lgcc,-lc,--end-group -Wl,--start-group,-lxilffs,-lxil,-lgcc,-lc,--end-group
'Finished building target: hello_world.elf'
' '
'Invoking: ARM v7 Print Size'
arm-none-eabi-size hello_world.elf  |tee "hello_world.elf.size"
   text	   data	    bss	    dec	    hex	filename
  19384	   1148	  22568	  43100	   a85c	hello_world.elf
'Finished building: hello_world.elf.size'
' '
22:56:59 **** Auto Build of configuration Debug for project accelerator_demo ****
make pre-build main-build 
a9-linaro-pre-build-step
' '
'Building file: ../src/main.c'
'Invoking: ARM v7 gcc compiler'
arm-none-eabi-gcc -Wall -O0 -g3 -c -fmessage-length=0 -MT"src/main.o" -mcpu=cortex-a9 -mfpu=vfpv3 -mfloat-abi=hard -I../../standalone_bsp_0/ps7_cortexa9_0/include -MMD -MP -MF"src/main.d" -MT"src/main.o" -o "src/main.o" "../src/main.c"
../src/main.c:12:32: fatal error: xvector_multiplier.h: No such file or directory
 #include "xvector_multiplier.h"
                                ^
compilation terminated.
make: *** [src/main.o] Error 1
22:57:30 **** Auto Build of configuration Debug for project accelerator_demo ****
make pre-build main-build 
a9-linaro-pre-build-step
' '
'Building file: ../src/main.c'
'Invoking: ARM v7 gcc compiler'
arm-none-eabi-gcc -Wall -O0 -g3 -c -fmessage-length=0 -MT"src/main.o" -mcpu=cortex-a9 -mfpu=vfpv3 -mfloat-abi=hard -I../../standalone_bsp_0/ps7_cortexa9_0/include -MMD -MP -MF"src/main.d" -MT"src/main.o" -o "src/main.o" "../src/main.c"
../src/main.c:11:24: fatal error: xil_printf.h: No such file or directory
 #include "xil_printf.h"
                        ^
compilation terminated.
make: *** [src/main.o] Error 1
22:57:30 **** Auto Build of configuration Debug for project hello_world ****
make pre-build main-build 
a9-linaro-pre-build-step
' '
'Building file: ../src/main.c'
'Invoking: ARM v7 gcc compiler'
arm-none-eabi-gcc -Wall -O0 -g3 -c -fmessage-length=0 -MT"src/main.o" -mcpu=cortex-a9 -mfpu=vfpv3 -mfloat-abi=hard -I../../standalone_bsp_0/ps7_cortexa9_0/include -MMD -MP -MF"src/main.d" -MT"src/main.o" -o "src/main.o" "../src/main.c"
../src/main.c:50:24: fatal error: xil_printf.h: No such file or directory
 #include "xil_printf.h"
                        ^
compilation terminated.
make: *** [src/main.o] Error 1
22:57:31 **** Auto Build of configuration Debug for project lenet_cnn_demo ****
make pre-build main-build 
a9-linaro-pre-build-step
' '
'Building file: ../src/main.cc'
'Invoking: ARM v7 g++ compiler'
arm-none-eabi-g++ -Wall -O0 -g3 -c -fmessage-length=0 -MT"src/main.o" -mcpu=cortex-a9 -mfpu=vfpv3 -mfloat-abi=hard -I../../standalone_bsp_0/ps7_cortexa9_0/include -MMD -MP -MF"src/main.d" -MT"src/main.o" -o "src/main.o" "../src/main.cc"
../src/main.cc:20:56: fatal error: xparameters.h: No such file or directory
 #include "xparameters.h" /* SDK generated parameters */
                                                        ^
compilation terminated.
make: *** [src/main.o] Error 1
22:57:31 **** Auto Build of configuration Debug for project sd_card_demo ****
make pre-build main-build 
a9-linaro-pre-build-step
' '
'Building file: ../src/main.c'
'Invoking: ARM v7 gcc compiler'
arm-none-eabi-gcc -Wall -O0 -g3 -c -fmessage-length=0 -MT"src/main.o" -mcpu=cortex-a9 -mfpu=vfpv3 -mfloat-abi=hard -I../../standalone_bsp_0/ps7_cortexa9_0/include -MMD -MP -MF"src/main.d" -MT"src/main.o" -o "src/main.o" "../src/main.c"
../src/main.c:71:56: fatal error: xparameters.h: No such file or directory
 #include "xparameters.h" /* SDK generated parameters */
                                                        ^
compilation terminated.
make: *** [src/main.o] Error 1
05:00:30 **** Build of project standalone_bsp_0 ****
make -k all 
"Running Make include in ps7_cortexa9_0/libsrc/coresightps_dcc_v1_4/src"
make -C ps7_cortexa9_0/libsrc/coresightps_dcc_v1_4/src -s include  "SHELL=CMD" "COMPILER=arm-none-eabi-gcc" "ARCHIVER=arm-none-eabi-ar" "COMPILER_FLAGS=  -O2 -c" "EXTRA_COMPILER_FLAGS=-mcpu=cortex-a9 -mfpu=vfpv3 -mfloat-abi=hard -nostartfiles -Wall -Wextra"
"Running Make include in ps7_cortexa9_0/libsrc/cpu_cortexa9_v2_4/src"
make -C ps7_cortexa9_0/libsrc/cpu_cortexa9_v2_4/src -s include  "SHELL=CMD" "COMPILER=arm-none-eabi-gcc" "ARCHIVER=arm-none-eabi-ar" "COMPILER_FLAGS=  -O2 -c" "EXTRA_COMPILER_FLAGS=-mcpu=cortex-a9 -mfpu=vfpv3 -mfloat-abi=hard -nostartfiles -Wall -Wextra"
"Running Make include in ps7_cortexa9_0/libsrc/ddrps_v1_0/src"
make -C ps7_cortexa9_0/libsrc/ddrps_v1_0/src -s include  "SHELL=CMD" "COMPILER=arm-none-eabi-gcc" "ARCHIVER=arm-none-eabi-ar" "COMPILER_FLAGS=  -O2 -c" "EXTRA_COMPILER_FLAGS=-mcpu=cortex-a9 -mfpu=vfpv3 -mfloat-abi=hard -nostartfiles -Wall -Wextra"
"Running Make include in ps7_cortexa9_0/libsrc/devcfg_v3_4/src"
make -C ps7_cortexa9_0/libsrc/devcfg_v3_4/src -s include  "SHELL=CMD" "COMPILER=arm-none-eabi-gcc" "ARCHIVER=arm-none-eabi-ar" "COMPILER_FLAGS=  -O2 -c" "EXTRA_COMPILER_FLAGS=-mcpu=cortex-a9 -mfpu=vfpv3 -mfloat-abi=hard -nostartfiles -Wall -Wextra"
"Running Make include in ps7_cortexa9_0/libsrc/dmaps_v2_3/src"
make -C ps7_cortexa9_0/libsrc/dmaps_v2_3/src -s include  "SHELL=CMD" "COMPILER=arm-none-eabi-gcc" "ARCHIVER=arm-none-eabi-ar" "COMPILER_FLAGS=  -O2 -c" "EXTRA_COMPILER_FLAGS=-mcpu=cortex-a9 -mfpu=vfpv3 -mfloat-abi=hard -nostartfiles -Wall -Wextra"
"Running Make include in ps7_cortexa9_0/libsrc/emacps_v3_4/src"
make -C ps7_cortexa9_0/libsrc/emacps_v3_4/src -s include  "SHELL=CMD" "COMPILER=arm-none-eabi-gcc" "ARCHIVER=arm-none-eabi-ar" "COMPILER_FLAGS=  -O2 -c" "EXTRA_COMPILER_FLAGS=-mcpu=cortex-a9 -mfpu=vfpv3 -mfloat-abi=hard -nostartfiles -Wall -Wextra"
"Running Make include in ps7_cortexa9_0/libsrc/gpiops_v3_3/src"
make -C ps7_cortexa9_0/libsrc/gpiops_v3_3/src -s include  "SHELL=CMD" "COMPILER=arm-none-eabi-gcc" "ARCHIVER=arm-none-eabi-ar" "COMPILER_FLAGS=  -O2 -c" "EXTRA_COMPILER_FLAGS=-mcpu=cortex-a9 -mfpu=vfpv3 -mfloat-abi=hard -nostartfiles -Wall -Wextra"
"Running Make include in ps7_cortexa9_0/libsrc/qspips_v3_3/src"
make -C ps7_cortexa9_0/libsrc/qspips_v3_3/src -s include  "SHELL=CMD" "COMPILER=arm-none-eabi-gcc" "ARCHIVER=arm-none-eabi-ar" "COMPILER_FLAGS=  -O2 -c" "EXTRA_COMPILER_FLAGS=-mcpu=cortex-a9 -mfpu=vfpv3 -mfloat-abi=hard -nostartfiles -Wall -Wextra"
"Running Make include in ps7_cortexa9_0/libsrc/scugic_v3_7/src"
make -C ps7_cortexa9_0/libsrc/scugic_v3_7/src -s include  "SHELL=CMD" "COMPILER=arm-none-eabi-gcc" "ARCHIVER=arm-none-eabi-ar" "COMPILER_FLAGS=  -O2 -c" "EXTRA_COMPILER_FLAGS=-mcpu=cortex-a9 -mfpu=vfpv3 -mfloat-abi=hard -nostartfiles -Wall -Wextra"
"Running Make include in ps7_cortexa9_0/libsrc/scutimer_v2_1/src"
make -C ps7_cortexa9_0/libsrc/scutimer_v2_1/src -s include  "SHELL=CMD" "COMPILER=arm-none-eabi-gcc" "ARCHIVER=arm-none-eabi-ar" "COMPILER_FLAGS=  -O2 -c" "EXTRA_COMPILER_FLAGS=-mcpu=cortex-a9 -mfpu=vfpv3 -mfloat-abi=hard -nostartfiles -Wall -Wextra"
"Running Make include in ps7_cortexa9_0/libsrc/scuwdt_v2_1/src"
make -C ps7_cortexa9_0/libsrc/scuwdt_v2_1/src -s include  "SHELL=CMD" "COMPILER=arm-none-eabi-gcc" "ARCHIVER=arm-none-eabi-ar" "COMPILER_FLAGS=  -O2 -c" "EXTRA_COMPILER_FLAGS=-mcpu=cortex-a9 -mfpu=vfpv3 -mfloat-abi=hard -nostartfiles -Wall -Wextra"
"Running Make include in ps7_cortexa9_0/libsrc/sdps_v3_2/src"
make -C ps7_cortexa9_0/libsrc/sdps_v3_2/src -s include  "SHELL=CMD" "COMPILER=arm-none-eabi-gcc" "ARCHIVER=arm-none-eabi-ar" "COMPILER_FLAGS=  -O2 -c" "EXTRA_COMPILER_FLAGS=-mcpu=cortex-a9 -mfpu=vfpv3 -mfloat-abi=hard -nostartfiles -Wall -Wextra"
"Running Make include in ps7_cortexa9_0/libsrc/ShuffleNetV2_v1_0/src"
make -C ps7_cortexa9_0/libsrc/ShuffleNetV2_v1_0/src -s include  "SHELL=CMD" "COMPILER=arm-none-eabi-gcc" "ARCHIVER=arm-none-eabi-ar" "COMPILER_FLAGS=  -O2 -c" "EXTRA_COMPILER_FLAGS=-mcpu=cortex-a9 -mfpu=vfpv3 -mfloat-abi=hard -nostartfiles -Wall -Wextra"
"Running Make include in ps7_cortexa9_0/libsrc/standalone_v6_3/src"
make -C ps7_cortexa9_0/libsrc/standalone_v6_3/src -s include  "SHELL=CMD" "COMPILER=arm-none-eabi-gcc" "ARCHIVER=arm-none-eabi-ar" "COMPILER_FLAGS=  -O2 -c" "EXTRA_COMPILER_FLAGS=-mcpu=cortex-a9 -mfpu=vfpv3 -mfloat-abi=hard -nostartfiles -Wall -Wextra"
"Running Make include in ps7_cortexa9_0/libsrc/tmrctr_v4_3/src"
make -C ps7_cortexa9_0/libsrc/tmrctr_v4_3/src -s include  "SHELL=CMD" "COMPILER=arm-none-eabi-gcc" "ARCHIVER=arm-none-eabi-ar" "COMPILER_FLAGS=  -O2 -c" "EXTRA_COMPILER_FLAGS=-mcpu=cortex-a9 -mfpu=vfpv3 -mfloat-abi=hard -nostartfiles -Wall -Wextra"
"Running Make include in ps7_cortexa9_0/libsrc/ttcps_v3_3/src"
make -C ps7_cortexa9_0/libsrc/ttcps_v3_3/src -s include  "SHELL=CMD" "COMPILER=arm-none-eabi-gcc" "ARCHIVER=arm-none-eabi-ar" "COMPILER_FLAGS=  -O2 -c" "EXTRA_COMPILER_FLAGS=-mcpu=cortex-a9 -mfpu=vfpv3 -mfloat-abi=hard -nostartfiles -Wall -Wextra"
"Running Make include in ps7_cortexa9_0/libsrc/uartps_v3_4/src"
make -C ps7_cortexa9_0/libsrc/uartps_v3_4/src -s include  "SHELL=CMD" "COMPILER=arm-none-eabi-gcc" "ARCHIVER=arm-none-eabi-ar" "COMPILER_FLAGS=  -O2 -c" "EXTRA_COMPILER_FLAGS=-mcpu=cortex-a9 -mfpu=vfpv3 -mfloat-abi=hard -nostartfiles -Wall -Wextra"
"Running Make include in ps7_cortexa9_0/libsrc/usbps_v2_4/src"
make -C ps7_cortexa9_0/libsrc/usbps_v2_4/src -s include  "SHELL=CMD" "COMPILER=arm-none-eabi-gcc" "ARCHIVER=arm-none-eabi-ar" "COMPILER_FLAGS=  -O2 -c" "EXTRA_COMPILER_FLAGS=-mcpu=cortex-a9 -mfpu=vfpv3 -mfloat-abi=hard -nostartfiles -Wall -Wextra"
"Running Make include in ps7_cortexa9_0/libsrc/xadcps_v2_2/src"
make -C ps7_cortexa9_0/libsrc/xadcps_v2_2/src -s include  "SHELL=CMD" "COMPILER=arm-none-eabi-gcc" "ARCHIVER=arm-none-eabi-ar" "COMPILER_FLAGS=  -O2 -c" "EXTRA_COMPILER_FLAGS=-mcpu=cortex-a9 -mfpu=vfpv3 -mfloat-abi=hard -nostartfiles -Wall -Wextra"
"Running Make include in ps7_cortexa9_0/libsrc/xilffs_v3_6/src"
make -C ps7_cortexa9_0/libsrc/xilffs_v3_6/src -s include  "SHELL=CMD" "COMPILER=arm-none-eabi-gcc" "ARCHIVER=arm-none-eabi-ar" "COMPILER_FLAGS=  -O2 -c" "EXTRA_COMPILER_FLAGS=-mcpu=cortex-a9 -mfpu=vfpv3 -mfloat-abi=hard -nostartfiles -Wall -Wextra"
"Running Make libs in ps7_cortexa9_0/libsrc/coresightps_dcc_v1_4/src"
make -C ps7_cortexa9_0/libsrc/coresightps_dcc_v1_4/src -s libs  "SHELL=CMD" "COMPILER=arm-none-eabi-gcc" "ARCHIVER=arm-none-eabi-ar" "COMPILER_FLAGS=  -O2 -c" "EXTRA_COMPILER_FLAGS=-mcpu=cortex-a9 -mfpu=vfpv3 -mfloat-abi=hard -nostartfiles -Wall -Wextra"
"Compiling coresightps_dcc"
arm-none-eabi-ar: creating ../../../lib/libxil.a
"Running Make libs in ps7_cortexa9_0/libsrc/cpu_cortexa9_v2_4/src"
make -C ps7_cortexa9_0/libsrc/cpu_cortexa9_v2_4/src -s libs  "SHELL=CMD" "COMPILER=arm-none-eabi-gcc" "ARCHIVER=arm-none-eabi-ar" "COMPILER_FLAGS=  -O2 -c" "EXTRA_COMPILER_FLAGS=-mcpu=cortex-a9 -mfpu=vfpv3 -mfloat-abi=hard -nostartfiles -Wall -Wextra"
"Compiling cpu_cortexa9"
"Running Make libs in ps7_cortexa9_0/libsrc/ddrps_v1_0/src"
make -C ps7_cortexa9_0/libsrc/ddrps_v1_0/src -s libs  "SHELL=CMD" "COMPILER=arm-none-eabi-gcc" "ARCHIVER=arm-none-eabi-ar" "COMPILER_FLAGS=  -O2 -c" "EXTRA_COMPILER_FLAGS=-mcpu=cortex-a9 -mfpu=vfpv3 -mfloat-abi=hard -nostartfiles -Wall -Wextra"
"Compiling ddrps"
"Running Make libs in ps7_cortexa9_0/libsrc/devcfg_v3_4/src"
make -C ps7_cortexa9_0/libsrc/devcfg_v3_4/src -s libs  "SHELL=CMD" "COMPILER=arm-none-eabi-gcc" "ARCHIVER=arm-none-eabi-ar" "COMPILER_FLAGS=  -O2 -c" "EXTRA_COMPILER_FLAGS=-mcpu=cortex-a9 -mfpu=vfpv3 -mfloat-abi=hard -nostartfiles -Wall -Wextra"
"Compiling devcfg"
"Running Make libs in ps7_cortexa9_0/libsrc/dmaps_v2_3/src"
make -C ps7_cortexa9_0/libsrc/dmaps_v2_3/src -s libs  "SHELL=CMD" "COMPILER=arm-none-eabi-gcc" "ARCHIVER=arm-none-eabi-ar" "COMPILER_FLAGS=  -O2 -c" "EXTRA_COMPILER_FLAGS=-mcpu=cortex-a9 -mfpu=vfpv3 -mfloat-abi=hard -nostartfiles -Wall -Wextra"
"Compiling dmaps"
"Running Make libs in ps7_cortexa9_0/libsrc/emacps_v3_4/src"
make -C ps7_cortexa9_0/libsrc/emacps_v3_4/src -s libs  "SHELL=CMD" "COMPILER=arm-none-eabi-gcc" "ARCHIVER=arm-none-eabi-ar" "COMPILER_FLAGS=  -O2 -c" "EXTRA_COMPILER_FLAGS=-mcpu=cortex-a9 -mfpu=vfpv3 -mfloat-abi=hard -nostartfiles -Wall -Wextra"
"Compiling emacps"
"Running Make libs in ps7_cortexa9_0/libsrc/gpiops_v3_3/src"
make -C ps7_cortexa9_0/libsrc/gpiops_v3_3/src -s libs  "SHELL=CMD" "COMPILER=arm-none-eabi-gcc" "ARCHIVER=arm-none-eabi-ar" "COMPILER_FLAGS=  -O2 -c" "EXTRA_COMPILER_FLAGS=-mcpu=cortex-a9 -mfpu=vfpv3 -mfloat-abi=hard -nostartfiles -Wall -Wextra"
"Compiling gpiops"
"Running Make libs in ps7_cortexa9_0/libsrc/qspips_v3_3/src"
make -C ps7_cortexa9_0/libsrc/qspips_v3_3/src -s libs  "SHELL=CMD" "COMPILER=arm-none-eabi-gcc" "ARCHIVER=arm-none-eabi-ar" "COMPILER_FLAGS=  -O2 -c" "EXTRA_COMPILER_FLAGS=-mcpu=cortex-a9 -mfpu=vfpv3 -mfloat-abi=hard -nostartfiles -Wall -Wextra"
"Compiling qspips"
"Running Make libs in ps7_cortexa9_0/libsrc/scugic_v3_7/src"
make -C ps7_cortexa9_0/libsrc/scugic_v3_7/src -s libs  "SHELL=CMD" "COMPILER=arm-none-eabi-gcc" "ARCHIVER=arm-none-eabi-ar" "COMPILER_FLAGS=  -O2 -c" "EXTRA_COMPILER_FLAGS=-mcpu=cortex-a9 -mfpu=vfpv3 -mfloat-abi=hard -nostartfiles -Wall -Wextra"
"Compiling scugic"
xscugic_g.c:53:2: warning: missing initializer for field 'HandlerTable' of 'XScuGic_Config {aka struct <anonymous>}' [-Wmissing-field-initializers]
  }
  ^
In file included from xscugic_g.c:41:0:
xscugic.h:218:27: note: 'HandlerTable' declared here
  XScuGic_VectorTableEntry HandlerTable[XSCUGIC_MAX_NUM_INTR_INPUTS];/**<
                           ^~~~~~~~~~~~
"Running Make libs in ps7_cortexa9_0/libsrc/scutimer_v2_1/src"
make -C ps7_cortexa9_0/libsrc/scutimer_v2_1/src -s libs  "SHELL=CMD" "COMPILER=arm-none-eabi-gcc" "ARCHIVER=arm-none-eabi-ar" "COMPILER_FLAGS=  -O2 -c" "EXTRA_COMPILER_FLAGS=-mcpu=cortex-a9 -mfpu=vfpv3 -mfloat-abi=hard -nostartfiles -Wall -Wextra"
"Compiling scutimer"
"Running Make libs in ps7_cortexa9_0/libsrc/scuwdt_v2_1/src"
make -C ps7_cortexa9_0/libsrc/scuwdt_v2_1/src -s libs  "SHELL=CMD" "COMPILER=arm-none-eabi-gcc" "ARCHIVER=arm-none-eabi-ar" "COMPILER_FLAGS=  -O2 -c" "EXTRA_COMPILER_FLAGS=-mcpu=cortex-a9 -mfpu=vfpv3 -mfloat-abi=hard -nostartfiles -Wall -Wextra"
"Compiling scuwdt"
"Running Make libs in ps7_cortexa9_0/libsrc/sdps_v3_2/src"
make -C ps7_cortexa9_0/libsrc/sdps_v3_2/src -s libs  "SHELL=CMD" "COMPILER=arm-none-eabi-gcc" "ARCHIVER=arm-none-eabi-ar" "COMPILER_FLAGS=  -O2 -c" "EXTRA_COMPILER_FLAGS=-mcpu=cortex-a9 -mfpu=vfpv3 -mfloat-abi=hard -nostartfiles -Wall -Wextra"
"Compiling sdps"
"Running Make libs in ps7_cortexa9_0/libsrc/ShuffleNetV2_v1_0/src"
make -C ps7_cortexa9_0/libsrc/ShuffleNetV2_v1_0/src -s libs  "SHELL=CMD" "COMPILER=arm-none-eabi-gcc" "ARCHIVER=arm-none-eabi-ar" "COMPILER_FLAGS=  -O2 -c" "EXTRA_COMPILER_FLAGS=-mcpu=cortex-a9 -mfpu=vfpv3 -mfloat-abi=hard -nostartfiles -Wall -Wextra"
"Compiling ShuffleNetV2"
"Running Make libs in ps7_cortexa9_0/libsrc/standalone_v6_3/src"
make -C ps7_cortexa9_0/libsrc/standalone_v6_3/src -s libs  "SHELL=CMD" "COMPILER=arm-none-eabi-gcc" "ARCHIVER=arm-none-eabi-ar" "COMPILER_FLAGS=  -O2 -c" "EXTRA_COMPILER_FLAGS=-mcpu=cortex-a9 -mfpu=vfpv3 -mfloat-abi=hard -nostartfiles -Wall -Wextra"
"Compiling standalone"
"Running Make libs in ps7_cortexa9_0/libsrc/tmrctr_v4_3/src"
make -C ps7_cortexa9_0/libsrc/tmrctr_v4_3/src -s libs  "SHELL=CMD" "COMPILER=arm-none-eabi-gcc" "ARCHIVER=arm-none-eabi-ar" "COMPILER_FLAGS=  -O2 -c" "EXTRA_COMPILER_FLAGS=-mcpu=cortex-a9 -mfpu=vfpv3 -mfloat-abi=hard -nostartfiles -Wall -Wextra"
"Compiling tmrctr"
"Running Make libs in ps7_cortexa9_0/libsrc/ttcps_v3_3/src"
make -C ps7_cortexa9_0/libsrc/ttcps_v3_3/src -s libs  "SHELL=CMD" "COMPILER=arm-none-eabi-gcc" "ARCHIVER=arm-none-eabi-ar" "COMPILER_FLAGS=  -O2 -c" "EXTRA_COMPILER_FLAGS=-mcpu=cortex-a9 -mfpu=vfpv3 -mfloat-abi=hard -nostartfiles -Wall -Wextra"
"Compiling ttcps"
"Running Make libs in ps7_cortexa9_0/libsrc/uartps_v3_4/src"
make -C ps7_cortexa9_0/libsrc/uartps_v3_4/src -s libs  "SHELL=CMD" "COMPILER=arm-none-eabi-gcc" "ARCHIVER=arm-none-eabi-ar" "COMPILER_FLAGS=  -O2 -c" "EXTRA_COMPILER_FLAGS=-mcpu=cortex-a9 -mfpu=vfpv3 -mfloat-abi=hard -nostartfiles -Wall -Wextra"
"Compiling uartps"
"Running Make libs in ps7_cortexa9_0/libsrc/usbps_v2_4/src"
make -C ps7_cortexa9_0/libsrc/usbps_v2_4/src -s libs  "SHELL=CMD" "COMPILER=arm-none-eabi-gcc" "ARCHIVER=arm-none-eabi-ar" "COMPILER_FLAGS=  -O2 -c" "EXTRA_COMPILER_FLAGS=-mcpu=cortex-a9 -mfpu=vfpv3 -mfloat-abi=hard -nostartfiles -Wall -Wextra"
"Compiling usbps"
"Running Make libs in ps7_cortexa9_0/libsrc/xadcps_v2_2/src"
make -C ps7_cortexa9_0/libsrc/xadcps_v2_2/src -s libs  "SHELL=CMD" "COMPILER=arm-none-eabi-gcc" "ARCHIVER=arm-none-eabi-ar" "COMPILER_FLAGS=  -O2 -c" "EXTRA_COMPILER_FLAGS=-mcpu=cortex-a9 -mfpu=vfpv3 -mfloat-abi=hard -nostartfiles -Wall -Wextra"
"Compiling xadcps"
"Running Make libs in ps7_cortexa9_0/libsrc/xilffs_v3_6/src"
make -C ps7_cortexa9_0/libsrc/xilffs_v3_6/src -s libs  "SHELL=CMD" "COMPILER=arm-none-eabi-gcc" "ARCHIVER=arm-none-eabi-ar" "COMPILER_FLAGS=  -O2 -c" "EXTRA_COMPILER_FLAGS=-mcpu=cortex-a9 -mfpu=vfpv3 -mfloat-abi=hard -nostartfiles -Wall -Wextra"
"Compiling XilFFs Library"
diskio.c:135:11: warning: 'ExtCsd' defined but not used [-Wunused-variable]
 static u8 ExtCsd[512] __attribute__ ((aligned(32)));
           ^~~~~~
ff.c: In function 'find_volume':
ff.c:2610:4: warning: dereferencing type-punned pointer will break strict-aliasing rules [-Wstrict-aliasing]
    && (LD_DWORD(fs->win+FSI_LeadSig) == 0x41615252U)
    ^~
'Finished building libraries'
05:00:46 **** Auto Build of configuration Debug for project sd_card_demo ****
make pre-build main-build 
a9-linaro-pre-build-step
' '
'Building file: ../src/main.c'
'Invoking: ARM v7 gcc compiler'
arm-none-eabi-gcc -Wall -O0 -g3 -c -fmessage-length=0 -MT"src/main.o" -mcpu=cortex-a9 -mfpu=vfpv3 -mfloat-abi=hard -I../../standalone_bsp_0/ps7_cortexa9_0/include -MMD -MP -MF"src/main.d" -MT"src/main.o" -o "src/main.o" "../src/main.c"
'Finished building: ../src/main.c'
' '
'Building file: ../src/platform.c'
'Invoking: ARM v7 gcc compiler'
arm-none-eabi-gcc -Wall -O0 -g3 -c -fmessage-length=0 -MT"src/platform.o" -mcpu=cortex-a9 -mfpu=vfpv3 -mfloat-abi=hard -I../../standalone_bsp_0/ps7_cortexa9_0/include -MMD -MP -MF"src/platform.d" -MT"src/platform.o" -o "src/platform.o" "../src/platform.c"
'Finished building: ../src/platform.c'
' '
'Building target: sd_card_demo.elf'
'Invoking: ARM v7 gcc linker'
arm-none-eabi-gcc -mcpu=cortex-a9 -mfpu=vfpv3 -mfloat-abi=hard -Wl,-build-id=none -specs=Xilinx.spec -Wl,-T -Wl,../src/lscript.ld -L../../standalone_bsp_0/ps7_cortexa9_0/lib -o "sd_card_demo.elf"  ./src/main.o ./src/platform.o   -Wl,--start-group,-lxil,-lgcc,-lc,--end-group -Wl,--start-group,-lxilffs,-lxil,-lgcc,-lc,--end-group
'Finished building target: sd_card_demo.elf'
' '
'Invoking: ARM v7 Print Size'
arm-none-eabi-size sd_card_demo.elf  |tee "sd_card_demo.elf.size"
   text	   data	    bss	    dec	    hex	filename
  48084	   1220	20996640	21045944	14122b8	sd_card_demo.elf
'Finished building: sd_card_demo.elf.size'
' '
05:00:47 **** Auto Build of configuration Debug for project lenet_cnn_demo ****
make pre-build main-build 
a9-linaro-pre-build-step
' '
'Building file: ../src/main.cc'
'Invoking: ARM v7 g++ compiler'
arm-none-eabi-g++ -Wall -O0 -g3 -c -fmessage-length=0 -MT"src/main.o" -mcpu=cortex-a9 -mfpu=vfpv3 -mfloat-abi=hard -I../../standalone_bsp_0/ps7_cortexa9_0/include -MMD -MP -MF"src/main.d" -MT"src/main.o" -o "src/main.o" "../src/main.cc"
../src/main.cc: In function 'int main(int, char**)':
../src/main.cc:443:16: warning: ISO C++ forbids converting a string constant to 'TCHAR* {aka char*}' [-Wwrite-strings]
  TCHAR *Path = "0:/";
                ^~~~~
../src/main.cc:521:34: warning: ISO C++ forbids converting a string constant to 'char*' [-Wwrite-strings]
  parse_pic_parameters("plane.bin");
                                  ^
../src/main.cc:526:50: warning: ISO C++ forbids converting a string constant to 'char*' [-Wwrite-strings]
  parse_shuffle_conv_1x1_parameters("shuffle1.bin");
                                                  ^
../src/main.cc:529:50: warning: ISO C++ forbids converting a string constant to 'char*' [-Wwrite-strings]
  parse_shuffle_conv_3x3_parameters("shuffle3.bin");
                                                  ^
../src/main.cc:532:43: warning: ISO C++ forbids converting a string constant to 'char*' [-Wwrite-strings]
  parse_conv1_weight_parameters("conv1.bin");
                                           ^
../src/main.cc:535:34: warning: ISO C++ forbids converting a string constant to 'char*' [-Wwrite-strings]
  parse_bias_parameters("bias.bin");
                                  ^
../src/main.cc:538:50: warning: ISO C++ forbids converting a string constant to 'char*' [-Wwrite-strings]
  parse_conv_last_weight_parameters("convlast.bin");
                                                  ^
../src/main.cc:541:42: warning: ISO C++ forbids converting a string constant to 'char*' [-Wwrite-strings]
  parse_conv_fc_weight_parameters("fc.bin");
                                          ^
../src/main.cc:547:74: error: 'XShufflenetv2_Set_conv_last_weight_V' was not declared in this scope
  XShufflenetv2_Set_conv_last_weight_V(&accelerator, (u32)conv_last_weight);
                                                                          ^
../src/main.cc:562:7: warning: unused variable 'kkkk' [-Wunused-variable]
   int kkkk = 0;
       ^~~~
make: *** [src/main.o] Error 1
05:00:48 **** Auto Build of configuration Debug for project hello_world ****
make pre-build main-build 
a9-linaro-pre-build-step
' '
'Building file: ../src/main.c'
'Invoking: ARM v7 gcc compiler'
arm-none-eabi-gcc -Wall -O0 -g3 -c -fmessage-length=0 -MT"src/main.o" -mcpu=cortex-a9 -mfpu=vfpv3 -mfloat-abi=hard -I../../standalone_bsp_0/ps7_cortexa9_0/include -MMD -MP -MF"src/main.d" -MT"src/main.o" -o "src/main.o" "../src/main.c"
'Finished building: ../src/main.c'
' '
'Building file: ../src/platform.c'
'Invoking: ARM v7 gcc compiler'
arm-none-eabi-gcc -Wall -O0 -g3 -c -fmessage-length=0 -MT"src/platform.o" -mcpu=cortex-a9 -mfpu=vfpv3 -mfloat-abi=hard -I../../standalone_bsp_0/ps7_cortexa9_0/include -MMD -MP -MF"src/platform.d" -MT"src/platform.o" -o "src/platform.o" "../src/platform.c"
'Finished building: ../src/platform.c'
' '
'Building target: hello_world.elf'
'Invoking: ARM v7 gcc linker'
arm-none-eabi-gcc -mcpu=cortex-a9 -mfpu=vfpv3 -mfloat-abi=hard -Wl,-build-id=none -specs=Xilinx.spec -Wl,-T -Wl,../src/lscript.ld -L../../standalone_bsp_0/ps7_cortexa9_0/lib -o "hello_world.elf"  ./src/main.o ./src/platform.o   -Wl,--start-group,-lxil,-lgcc,-lc,--end-group -Wl,--start-group,-lxilffs,-lxil,-lgcc,-lc,--end-group
'Finished building target: hello_world.elf'
' '
'Invoking: ARM v7 Print Size'
arm-none-eabi-size hello_world.elf  |tee "hello_world.elf.size"
   text	   data	    bss	    dec	    hex	filename
  19384	   1148	  22568	  43100	   a85c	hello_world.elf
'Finished building: hello_world.elf.size'
' '
05:00:49 **** Auto Build of configuration Debug for project accelerator_demo ****
make pre-build main-build 
a9-linaro-pre-build-step
' '
'Building file: ../src/main.c'
'Invoking: ARM v7 gcc compiler'
arm-none-eabi-gcc -Wall -O0 -g3 -c -fmessage-length=0 -MT"src/main.o" -mcpu=cortex-a9 -mfpu=vfpv3 -mfloat-abi=hard -I../../standalone_bsp_0/ps7_cortexa9_0/include -MMD -MP -MF"src/main.d" -MT"src/main.o" -o "src/main.o" "../src/main.c"
../src/main.c:12:32: fatal error: xvector_multiplier.h: No such file or directory
 #include "xvector_multiplier.h"
                                ^
compilation terminated.
make: *** [src/main.o] Error 1
05:01:11 **** Clean-only build of configuration Debug for project accelerator_demo ****
make clean 
rm -rf  ./src/main.o ./src/platform.o  ./src/main.d ./src/platform.d  accelerator_demo.elf.size  accelerator_demo.elf
' '
05:01:11 **** Clean-only build of configuration Debug for project hello_world ****
make clean 
rm -rf  ./src/main.o ./src/platform.o  ./src/main.d ./src/platform.d  hello_world.elf.size  hello_world.elf
' '
05:01:11 **** Clean-only build of configuration Debug for project lenet_cnn_demo ****
make clean 
rm -rf  ./src/main.d  ./src/main.o ./src/platform.o  ./src/platform.d  lenet_cnn_demo.elf.size  lenet_cnn_demo.elf
' '
05:01:11 **** Clean-only build of configuration Debug for project sd_card_demo ****
make clean 
rm -rf  ./src/main.o ./src/platform.o  ./src/main.d ./src/platform.d  sd_card_demo.elf.size  sd_card_demo.elf
' '
05:01:11 **** Clean-only build of project standalone_bsp_0 ****
make -k clean 
make -C ps7_cortexa9_0/libsrc/coresightps_dcc_v1_4/src -s clean 
make -C ps7_cortexa9_0/libsrc/cpu_cortexa9_v2_4/src -s clean 
make -C ps7_cortexa9_0/libsrc/ddrps_v1_0/src -s clean 
make -C ps7_cortexa9_0/libsrc/devcfg_v3_4/src -s clean 
make -C ps7_cortexa9_0/libsrc/dmaps_v2_3/src -s clean 
make -C ps7_cortexa9_0/libsrc/emacps_v3_4/src -s clean 
make -C ps7_cortexa9_0/libsrc/gpiops_v3_3/src -s clean 
make -C ps7_cortexa9_0/libsrc/qspips_v3_3/src -s clean 
make -C ps7_cortexa9_0/libsrc/scugic_v3_7/src -s clean 
make -C ps7_cortexa9_0/libsrc/scutimer_v2_1/src -s clean 
make -C ps7_cortexa9_0/libsrc/scuwdt_v2_1/src -s clean 
make -C ps7_cortexa9_0/libsrc/sdps_v3_2/src -s clean 
make -C ps7_cortexa9_0/libsrc/ShuffleNetV2_v1_0/src -s clean 
rm: cannot lstat `*.o': Invalid argument
make[1]: *** [clean] Error 1
make: *** [ps7_cortexa9_0/libsrc/ShuffleNetV2_v1_0/src/make.clean] Error 2
make -C ps7_cortexa9_0/libsrc/standalone_v6_3/src -s clean 
make -C ps7_cortexa9_0/libsrc/tmrctr_v4_3/src -s clean 
make -C ps7_cortexa9_0/libsrc/ttcps_v3_3/src -s clean 
make -C ps7_cortexa9_0/libsrc/uartps_v3_4/src -s clean 
make -C ps7_cortexa9_0/libsrc/usbps_v2_4/src -s clean 
make -C ps7_cortexa9_0/libsrc/xadcps_v2_2/src -s clean 
make -C ps7_cortexa9_0/libsrc/xilffs_v3_6/src -s clean 
make: Target `clean' not remade because of errors.
05:01:12 **** Build of project standalone_bsp_0 ****
make -k all 
"Running Make include in ps7_cortexa9_0/libsrc/coresightps_dcc_v1_4/src"
make -C ps7_cortexa9_0/libsrc/coresightps_dcc_v1_4/src -s include  "SHELL=CMD" "COMPILER=arm-none-eabi-gcc" "ARCHIVER=arm-none-eabi-ar" "COMPILER_FLAGS=  -O2 -c" "EXTRA_COMPILER_FLAGS=-mcpu=cortex-a9 -mfpu=vfpv3 -mfloat-abi=hard -nostartfiles -Wall -Wextra"
"Running Make include in ps7_cortexa9_0/libsrc/cpu_cortexa9_v2_4/src"
make -C ps7_cortexa9_0/libsrc/cpu_cortexa9_v2_4/src -s include  "SHELL=CMD" "COMPILER=arm-none-eabi-gcc" "ARCHIVER=arm-none-eabi-ar" "COMPILER_FLAGS=  -O2 -c" "EXTRA_COMPILER_FLAGS=-mcpu=cortex-a9 -mfpu=vfpv3 -mfloat-abi=hard -nostartfiles -Wall -Wextra"
"Running Make include in ps7_cortexa9_0/libsrc/ddrps_v1_0/src"
make -C ps7_cortexa9_0/libsrc/ddrps_v1_0/src -s include  "SHELL=CMD" "COMPILER=arm-none-eabi-gcc" "ARCHIVER=arm-none-eabi-ar" "COMPILER_FLAGS=  -O2 -c" "EXTRA_COMPILER_FLAGS=-mcpu=cortex-a9 -mfpu=vfpv3 -mfloat-abi=hard -nostartfiles -Wall -Wextra"
"Running Make include in ps7_cortexa9_0/libsrc/devcfg_v3_4/src"
make -C ps7_cortexa9_0/libsrc/devcfg_v3_4/src -s include  "SHELL=CMD" "COMPILER=arm-none-eabi-gcc" "ARCHIVER=arm-none-eabi-ar" "COMPILER_FLAGS=  -O2 -c" "EXTRA_COMPILER_FLAGS=-mcpu=cortex-a9 -mfpu=vfpv3 -mfloat-abi=hard -nostartfiles -Wall -Wextra"
"Running Make include in ps7_cortexa9_0/libsrc/dmaps_v2_3/src"
make -C ps7_cortexa9_0/libsrc/dmaps_v2_3/src -s include  "SHELL=CMD" "COMPILER=arm-none-eabi-gcc" "ARCHIVER=arm-none-eabi-ar" "COMPILER_FLAGS=  -O2 -c" "EXTRA_COMPILER_FLAGS=-mcpu=cortex-a9 -mfpu=vfpv3 -mfloat-abi=hard -nostartfiles -Wall -Wextra"
"Running Make include in ps7_cortexa9_0/libsrc/emacps_v3_4/src"
make -C ps7_cortexa9_0/libsrc/emacps_v3_4/src -s include  "SHELL=CMD" "COMPILER=arm-none-eabi-gcc" "ARCHIVER=arm-none-eabi-ar" "COMPILER_FLAGS=  -O2 -c" "EXTRA_COMPILER_FLAGS=-mcpu=cortex-a9 -mfpu=vfpv3 -mfloat-abi=hard -nostartfiles -Wall -Wextra"
"Running Make include in ps7_cortexa9_0/libsrc/gpiops_v3_3/src"
make -C ps7_cortexa9_0/libsrc/gpiops_v3_3/src -s include  "SHELL=CMD" "COMPILER=arm-none-eabi-gcc" "ARCHIVER=arm-none-eabi-ar" "COMPILER_FLAGS=  -O2 -c" "EXTRA_COMPILER_FLAGS=-mcpu=cortex-a9 -mfpu=vfpv3 -mfloat-abi=hard -nostartfiles -Wall -Wextra"
"Running Make include in ps7_cortexa9_0/libsrc/qspips_v3_3/src"
make -C ps7_cortexa9_0/libsrc/qspips_v3_3/src -s include  "SHELL=CMD" "COMPILER=arm-none-eabi-gcc" "ARCHIVER=arm-none-eabi-ar" "COMPILER_FLAGS=  -O2 -c" "EXTRA_COMPILER_FLAGS=-mcpu=cortex-a9 -mfpu=vfpv3 -mfloat-abi=hard -nostartfiles -Wall -Wextra"
"Running Make include in ps7_cortexa9_0/libsrc/scugic_v3_7/src"
make -C ps7_cortexa9_0/libsrc/scugic_v3_7/src -s include  "SHELL=CMD" "COMPILER=arm-none-eabi-gcc" "ARCHIVER=arm-none-eabi-ar" "COMPILER_FLAGS=  -O2 -c" "EXTRA_COMPILER_FLAGS=-mcpu=cortex-a9 -mfpu=vfpv3 -mfloat-abi=hard -nostartfiles -Wall -Wextra"
"Running Make include in ps7_cortexa9_0/libsrc/scutimer_v2_1/src"
make -C ps7_cortexa9_0/libsrc/scutimer_v2_1/src -s include  "SHELL=CMD" "COMPILER=arm-none-eabi-gcc" "ARCHIVER=arm-none-eabi-ar" "COMPILER_FLAGS=  -O2 -c" "EXTRA_COMPILER_FLAGS=-mcpu=cortex-a9 -mfpu=vfpv3 -mfloat-abi=hard -nostartfiles -Wall -Wextra"
"Running Make include in ps7_cortexa9_0/libsrc/scuwdt_v2_1/src"
make -C ps7_cortexa9_0/libsrc/scuwdt_v2_1/src -s include  "SHELL=CMD" "COMPILER=arm-none-eabi-gcc" "ARCHIVER=arm-none-eabi-ar" "COMPILER_FLAGS=  -O2 -c" "EXTRA_COMPILER_FLAGS=-mcpu=cortex-a9 -mfpu=vfpv3 -mfloat-abi=hard -nostartfiles -Wall -Wextra"
"Running Make include in ps7_cortexa9_0/libsrc/sdps_v3_2/src"
make -C ps7_cortexa9_0/libsrc/sdps_v3_2/src -s include  "SHELL=CMD" "COMPILER=arm-none-eabi-gcc" "ARCHIVER=arm-none-eabi-ar" "COMPILER_FLAGS=  -O2 -c" "EXTRA_COMPILER_FLAGS=-mcpu=cortex-a9 -mfpu=vfpv3 -mfloat-abi=hard -nostartfiles -Wall -Wextra"
"Running Make include in ps7_cortexa9_0/libsrc/ShuffleNetV2_v1_0/src"
make -C ps7_cortexa9_0/libsrc/ShuffleNetV2_v1_0/src -s include  "SHELL=CMD" "COMPILER=arm-none-eabi-gcc" "ARCHIVER=arm-none-eabi-ar" "COMPILER_FLAGS=  -O2 -c" "EXTRA_COMPILER_FLAGS=-mcpu=cortex-a9 -mfpu=vfpv3 -mfloat-abi=hard -nostartfiles -Wall -Wextra"
"Running Make include in ps7_cortexa9_0/libsrc/standalone_v6_3/src"
make -C ps7_cortexa9_0/libsrc/standalone_v6_3/src -s include  "SHELL=CMD" "COMPILER=arm-none-eabi-gcc" "ARCHIVER=arm-none-eabi-ar" "COMPILER_FLAGS=  -O2 -c" "EXTRA_COMPILER_FLAGS=-mcpu=cortex-a9 -mfpu=vfpv3 -mfloat-abi=hard -nostartfiles -Wall -Wextra"
"Running Make include in ps7_cortexa9_0/libsrc/tmrctr_v4_3/src"
make -C ps7_cortexa9_0/libsrc/tmrctr_v4_3/src -s include  "SHELL=CMD" "COMPILER=arm-none-eabi-gcc" "ARCHIVER=arm-none-eabi-ar" "COMPILER_FLAGS=  -O2 -c" "EXTRA_COMPILER_FLAGS=-mcpu=cortex-a9 -mfpu=vfpv3 -mfloat-abi=hard -nostartfiles -Wall -Wextra"
"Running Make include in ps7_cortexa9_0/libsrc/ttcps_v3_3/src"
make -C ps7_cortexa9_0/libsrc/ttcps_v3_3/src -s include  "SHELL=CMD" "COMPILER=arm-none-eabi-gcc" "ARCHIVER=arm-none-eabi-ar" "COMPILER_FLAGS=  -O2 -c" "EXTRA_COMPILER_FLAGS=-mcpu=cortex-a9 -mfpu=vfpv3 -mfloat-abi=hard -nostartfiles -Wall -Wextra"
"Running Make include in ps7_cortexa9_0/libsrc/uartps_v3_4/src"
make -C ps7_cortexa9_0/libsrc/uartps_v3_4/src -s include  "SHELL=CMD" "COMPILER=arm-none-eabi-gcc" "ARCHIVER=arm-none-eabi-ar" "COMPILER_FLAGS=  -O2 -c" "EXTRA_COMPILER_FLAGS=-mcpu=cortex-a9 -mfpu=vfpv3 -mfloat-abi=hard -nostartfiles -Wall -Wextra"
"Running Make include in ps7_cortexa9_0/libsrc/usbps_v2_4/src"
make -C ps7_cortexa9_0/libsrc/usbps_v2_4/src -s include  "SHELL=CMD" "COMPILER=arm-none-eabi-gcc" "ARCHIVER=arm-none-eabi-ar" "COMPILER_FLAGS=  -O2 -c" "EXTRA_COMPILER_FLAGS=-mcpu=cortex-a9 -mfpu=vfpv3 -mfloat-abi=hard -nostartfiles -Wall -Wextra"
"Running Make include in ps7_cortexa9_0/libsrc/xadcps_v2_2/src"
make -C ps7_cortexa9_0/libsrc/xadcps_v2_2/src -s include  "SHELL=CMD" "COMPILER=arm-none-eabi-gcc" "ARCHIVER=arm-none-eabi-ar" "COMPILER_FLAGS=  -O2 -c" "EXTRA_COMPILER_FLAGS=-mcpu=cortex-a9 -mfpu=vfpv3 -mfloat-abi=hard -nostartfiles -Wall -Wextra"
"Running Make include in ps7_cortexa9_0/libsrc/xilffs_v3_6/src"
make -C ps7_cortexa9_0/libsrc/xilffs_v3_6/src -s include  "SHELL=CMD" "COMPILER=arm-none-eabi-gcc" "ARCHIVER=arm-none-eabi-ar" "COMPILER_FLAGS=  -O2 -c" "EXTRA_COMPILER_FLAGS=-mcpu=cortex-a9 -mfpu=vfpv3 -mfloat-abi=hard -nostartfiles -Wall -Wextra"
"Running Make libs in ps7_cortexa9_0/libsrc/coresightps_dcc_v1_4/src"
make -C ps7_cortexa9_0/libsrc/coresightps_dcc_v1_4/src -s libs  "SHELL=CMD" "COMPILER=arm-none-eabi-gcc" "ARCHIVER=arm-none-eabi-ar" "COMPILER_FLAGS=  -O2 -c" "EXTRA_COMPILER_FLAGS=-mcpu=cortex-a9 -mfpu=vfpv3 -mfloat-abi=hard -nostartfiles -Wall -Wextra"
"Compiling coresightps_dcc"
"Running Make libs in ps7_cortexa9_0/libsrc/cpu_cortexa9_v2_4/src"
make -C ps7_cortexa9_0/libsrc/cpu_cortexa9_v2_4/src -s libs  "SHELL=CMD" "COMPILER=arm-none-eabi-gcc" "ARCHIVER=arm-none-eabi-ar" "COMPILER_FLAGS=  -O2 -c" "EXTRA_COMPILER_FLAGS=-mcpu=cortex-a9 -mfpu=vfpv3 -mfloat-abi=hard -nostartfiles -Wall -Wextra"
"Compiling cpu_cortexa9"
"Running Make libs in ps7_cortexa9_0/libsrc/ddrps_v1_0/src"
make -C ps7_cortexa9_0/libsrc/ddrps_v1_0/src -s libs  "SHELL=CMD" "COMPILER=arm-none-eabi-gcc" "ARCHIVER=arm-none-eabi-ar" "COMPILER_FLAGS=  -O2 -c" "EXTRA_COMPILER_FLAGS=-mcpu=cortex-a9 -mfpu=vfpv3 -mfloat-abi=hard -nostartfiles -Wall -Wextra"
"Compiling ddrps"
"Running Make libs in ps7_cortexa9_0/libsrc/devcfg_v3_4/src"
make -C ps7_cortexa9_0/libsrc/devcfg_v3_4/src -s libs  "SHELL=CMD" "COMPILER=arm-none-eabi-gcc" "ARCHIVER=arm-none-eabi-ar" "COMPILER_FLAGS=  -O2 -c" "EXTRA_COMPILER_FLAGS=-mcpu=cortex-a9 -mfpu=vfpv3 -mfloat-abi=hard -nostartfiles -Wall -Wextra"
"Compiling devcfg"
"Running Make libs in ps7_cortexa9_0/libsrc/dmaps_v2_3/src"
make -C ps7_cortexa9_0/libsrc/dmaps_v2_3/src -s libs  "SHELL=CMD" "COMPILER=arm-none-eabi-gcc" "ARCHIVER=arm-none-eabi-ar" "COMPILER_FLAGS=  -O2 -c" "EXTRA_COMPILER_FLAGS=-mcpu=cortex-a9 -mfpu=vfpv3 -mfloat-abi=hard -nostartfiles -Wall -Wextra"
"Compiling dmaps"
"Running Make libs in ps7_cortexa9_0/libsrc/emacps_v3_4/src"
make -C ps7_cortexa9_0/libsrc/emacps_v3_4/src -s libs  "SHELL=CMD" "COMPILER=arm-none-eabi-gcc" "ARCHIVER=arm-none-eabi-ar" "COMPILER_FLAGS=  -O2 -c" "EXTRA_COMPILER_FLAGS=-mcpu=cortex-a9 -mfpu=vfpv3 -mfloat-abi=hard -nostartfiles -Wall -Wextra"
"Compiling emacps"
"Running Make libs in ps7_cortexa9_0/libsrc/gpiops_v3_3/src"
make -C ps7_cortexa9_0/libsrc/gpiops_v3_3/src -s libs  "SHELL=CMD" "COMPILER=arm-none-eabi-gcc" "ARCHIVER=arm-none-eabi-ar" "COMPILER_FLAGS=  -O2 -c" "EXTRA_COMPILER_FLAGS=-mcpu=cortex-a9 -mfpu=vfpv3 -mfloat-abi=hard -nostartfiles -Wall -Wextra"
"Compiling gpiops"
"Running Make libs in ps7_cortexa9_0/libsrc/qspips_v3_3/src"
make -C ps7_cortexa9_0/libsrc/qspips_v3_3/src -s libs  "SHELL=CMD" "COMPILER=arm-none-eabi-gcc" "ARCHIVER=arm-none-eabi-ar" "COMPILER_FLAGS=  -O2 -c" "EXTRA_COMPILER_FLAGS=-mcpu=cortex-a9 -mfpu=vfpv3 -mfloat-abi=hard -nostartfiles -Wall -Wextra"
"Compiling qspips"
"Running Make libs in ps7_cortexa9_0/libsrc/scugic_v3_7/src"
make -C ps7_cortexa9_0/libsrc/scugic_v3_7/src -s libs  "SHELL=CMD" "COMPILER=arm-none-eabi-gcc" "ARCHIVER=arm-none-eabi-ar" "COMPILER_FLAGS=  -O2 -c" "EXTRA_COMPILER_FLAGS=-mcpu=cortex-a9 -mfpu=vfpv3 -mfloat-abi=hard -nostartfiles -Wall -Wextra"
"Compiling scugic"
xscugic_g.c:53:2: warning: missing initializer for field 'HandlerTable' of 'XScuGic_Config {aka struct <anonymous>}' [-Wmissing-field-initializers]
  }
  ^
In file included from xscugic_g.c:41:0:
xscugic.h:218:27: note: 'HandlerTable' declared here
  XScuGic_VectorTableEntry HandlerTable[XSCUGIC_MAX_NUM_INTR_INPUTS];/**<
                           ^~~~~~~~~~~~
"Running Make libs in ps7_cortexa9_0/libsrc/scutimer_v2_1/src"
make -C ps7_cortexa9_0/libsrc/scutimer_v2_1/src -s libs  "SHELL=CMD" "COMPILER=arm-none-eabi-gcc" "ARCHIVER=arm-none-eabi-ar" "COMPILER_FLAGS=  -O2 -c" "EXTRA_COMPILER_FLAGS=-mcpu=cortex-a9 -mfpu=vfpv3 -mfloat-abi=hard -nostartfiles -Wall -Wextra"
"Compiling scutimer"
"Running Make libs in ps7_cortexa9_0/libsrc/scuwdt_v2_1/src"
make -C ps7_cortexa9_0/libsrc/scuwdt_v2_1/src -s libs  "SHELL=CMD" "COMPILER=arm-none-eabi-gcc" "ARCHIVER=arm-none-eabi-ar" "COMPILER_FLAGS=  -O2 -c" "EXTRA_COMPILER_FLAGS=-mcpu=cortex-a9 -mfpu=vfpv3 -mfloat-abi=hard -nostartfiles -Wall -Wextra"
"Compiling scuwdt"
"Running Make libs in ps7_cortexa9_0/libsrc/sdps_v3_2/src"
make -C ps7_cortexa9_0/libsrc/sdps_v3_2/src -s libs  "SHELL=CMD" "COMPILER=arm-none-eabi-gcc" "ARCHIVER=arm-none-eabi-ar" "COMPILER_FLAGS=  -O2 -c" "EXTRA_COMPILER_FLAGS=-mcpu=cortex-a9 -mfpu=vfpv3 -mfloat-abi=hard -nostartfiles -Wall -Wextra"
"Compiling sdps"
"Running Make libs in ps7_cortexa9_0/libsrc/ShuffleNetV2_v1_0/src"
make -C ps7_cortexa9_0/libsrc/ShuffleNetV2_v1_0/src -s libs  "SHELL=CMD" "COMPILER=arm-none-eabi-gcc" "ARCHIVER=arm-none-eabi-ar" "COMPILER_FLAGS=  -O2 -c" "EXTRA_COMPILER_FLAGS=-mcpu=cortex-a9 -mfpu=vfpv3 -mfloat-abi=hard -nostartfiles -Wall -Wextra"
"Compiling ShuffleNetV2"
"Running Make libs in ps7_cortexa9_0/libsrc/standalone_v6_3/src"
[...]
../src/main.cc:540:43: warning: ISO C++ forbids converting a string constant to 'char*' [-Wwrite-strings]
  parse_conv1_weight_parameters("conv1.bin");
                                           ^
../src/main.cc:543:34: warning: ISO C++ forbids converting a string constant to 'char*' [-Wwrite-strings]
  parse_bias_parameters("bias.bin");
                                  ^
../src/main.cc:546:50: warning: ISO C++ forbids converting a string constant to 'char*' [-Wwrite-strings]
  parse_conv_last_weight_parameters("convlast.bin");
                                                  ^
../src/main.cc:549:42: warning: ISO C++ forbids converting a string constant to 'char*' [-Wwrite-strings]
  parse_conv_fc_weight_parameters("fc.bin");
                                          ^
../src/main.cc:555:74: error: 'XShufflenetv2_Set_conv_last_weight_V' was not declared in this scope
  XShufflenetv2_Set_conv_last_weight_V(&accelerator, (u32)conv_last_weight);
                                                                          ^
../src/main.cc:570:7: warning: unused variable 'kkkk' [-Wunused-variable]
   int kkkk = 0;
       ^~~~
make: *** [src/main.o] Error 1
05:07:50 **** Auto Build of configuration Debug for project lenet_cnn_demo ****
make pre-build main-build 
a9-linaro-pre-build-step
' '
'Building file: ../src/main.cc'
'Invoking: ARM v7 g++ compiler'
arm-none-eabi-g++ -Wall -O0 -g3 -c -fmessage-length=0 -MT"src/main.o" -mcpu=cortex-a9 -mfpu=vfpv3 -mfloat-abi=hard -I../../standalone_bsp_0/ps7_cortexa9_0/include -MMD -MP -MF"src/main.d" -MT"src/main.o" -o "src/main.o" "../src/main.cc"
../src/main.cc: In function 'int main(int, char**)':
../src/main.cc:451:16: warning: ISO C++ forbids converting a string constant to 'TCHAR* {aka char*}' [-Wwrite-strings]
  TCHAR *Path = "0:/";
                ^~~~~
../src/main.cc:529:34: warning: ISO C++ forbids converting a string constant to 'char*' [-Wwrite-strings]
  parse_pic_parameters("plane.bin");
                                  ^
../src/main.cc:534:50: warning: ISO C++ forbids converting a string constant to 'char*' [-Wwrite-strings]
  parse_shuffle_conv_1x1_parameters("shuffle1.bin");
                                                  ^
../src/main.cc:537:50: warning: ISO C++ forbids converting a string constant to 'char*' [-Wwrite-strings]
  parse_shuffle_conv_3x3_parameters("shuffle3.bin");
                                                  ^
../src/main.cc:540:43: warning: ISO C++ forbids converting a string constant to 'char*' [-Wwrite-strings]
  parse_conv1_weight_parameters("conv1.bin");
                                           ^
../src/main.cc:543:34: warning: ISO C++ forbids converting a string constant to 'char*' [-Wwrite-strings]
  parse_bias_parameters("bias.bin");
                                  ^
../src/main.cc:546:50: warning: ISO C++ forbids converting a string constant to 'char*' [-Wwrite-strings]
  parse_conv_last_weight_parameters("convlast.bin");
                                                  ^
../src/main.cc:549:42: warning: ISO C++ forbids converting a string constant to 'char*' [-Wwrite-strings]
  parse_conv_fc_weight_parameters("fc.bin");
                                          ^
../src/main.cc:554:3: error: expected ';' before '}' token
   }
   ^
../src/main.cc:560:74: error: 'XShufflenetv2_Set_conv_last_weight_V' was not declared in this scope
  XShufflenetv2_Set_conv_last_weight_V(&accelerator, (u32)conv_last_weight);
                                                                          ^
../src/main.cc:575:7: warning: unused variable 'kkkk' [-Wunused-variable]
   int kkkk = 0;
       ^~~~
make: *** [src/main.o] Error 1
05:07:52 **** Auto Build of configuration Debug for project lenet_cnn_demo ****
make pre-build main-build 
a9-linaro-pre-build-step
' '
'Building file: ../src/main.cc'
'Invoking: ARM v7 g++ compiler'
arm-none-eabi-g++ -Wall -O0 -g3 -c -fmessage-length=0 -MT"src/main.o" -mcpu=cortex-a9 -mfpu=vfpv3 -mfloat-abi=hard -I../../standalone_bsp_0/ps7_cortexa9_0/include -MMD -MP -MF"src/main.d" -MT"src/main.o" -o "src/main.o" "../src/main.cc"
../src/main.cc: In function 'int main(int, char**)':
../src/main.cc:451:16: warning: ISO C++ forbids converting a string constant to 'TCHAR* {aka char*}' [-Wwrite-strings]
  TCHAR *Path = "0:/";
                ^~~~~
../src/main.cc:529:34: warning: ISO C++ forbids converting a string constant to 'char*' [-Wwrite-strings]
  parse_pic_parameters("plane.bin");
                                  ^
../src/main.cc:534:50: warning: ISO C++ forbids converting a string constant to 'char*' [-Wwrite-strings]
  parse_shuffle_conv_1x1_parameters("shuffle1.bin");
                                                  ^
../src/main.cc:537:50: warning: ISO C++ forbids converting a string constant to 'char*' [-Wwrite-strings]
  parse_shuffle_conv_3x3_parameters("shuffle3.bin");
                                                  ^
../src/main.cc:540:43: warning: ISO C++ forbids converting a string constant to 'char*' [-Wwrite-strings]
  parse_conv1_weight_parameters("conv1.bin");
                                           ^
../src/main.cc:543:34: warning: ISO C++ forbids converting a string constant to 'char*' [-Wwrite-strings]
  parse_bias_parameters("bias.bin");
                                  ^
../src/main.cc:546:50: warning: ISO C++ forbids converting a string constant to 'char*' [-Wwrite-strings]
  parse_conv_last_weight_parameters("convlast.bin");
                                                  ^
../src/main.cc:549:42: warning: ISO C++ forbids converting a string constant to 'char*' [-Wwrite-strings]
  parse_conv_fc_weight_parameters("fc.bin");
                                          ^
../src/main.cc:560:74: error: 'XShufflenetv2_Set_conv_last_weight_V' was not declared in this scope
  XShufflenetv2_Set_conv_last_weight_V(&accelerator, (u32)conv_last_weight);
                                                                          ^
../src/main.cc:575:7: warning: unused variable 'kkkk' [-Wunused-variable]
   int kkkk = 0;
       ^~~~
make: *** [src/main.o] Error 1
05:09:05 **** Auto Build of configuration Debug for project lenet_cnn_demo ****
make pre-build main-build 
a9-linaro-pre-build-step
' '
'Building file: ../src/main.cc'
'Invoking: ARM v7 g++ compiler'
arm-none-eabi-g++ -Wall -O0 -g3 -c -fmessage-length=0 -MT"src/main.o" -mcpu=cortex-a9 -mfpu=vfpv3 -mfloat-abi=hard -I../../standalone_bsp_0/ps7_cortexa9_0/include -MMD -MP -MF"src/main.d" -MT"src/main.o" -o "src/main.o" "../src/main.cc"
../src/main.cc: In function 'int main(int, char**)':
../src/main.cc:451:16: warning: ISO C++ forbids converting a string constant to 'TCHAR* {aka char*}' [-Wwrite-strings]
  TCHAR *Path = "0:/";
                ^~~~~
../src/main.cc:529:34: warning: ISO C++ forbids converting a string constant to 'char*' [-Wwrite-strings]
  parse_pic_parameters("plane.bin");
                                  ^
../src/main.cc:534:50: warning: ISO C++ forbids converting a string constant to 'char*' [-Wwrite-strings]
  parse_shuffle_conv_1x1_parameters("shuffle1.bin");
                                                  ^
../src/main.cc:537:50: warning: ISO C++ forbids converting a string constant to 'char*' [-Wwrite-strings]
  parse_shuffle_conv_3x3_parameters("shuffle3.bin");
                                                  ^
../src/main.cc:540:43: warning: ISO C++ forbids converting a string constant to 'char*' [-Wwrite-strings]
  parse_conv1_weight_parameters("conv1.bin");
                                           ^
../src/main.cc:543:34: warning: ISO C++ forbids converting a string constant to 'char*' [-Wwrite-strings]
  parse_bias_parameters("bias.bin");
                                  ^
../src/main.cc:546:50: warning: ISO C++ forbids converting a string constant to 'char*' [-Wwrite-strings]
  parse_conv_last_weight_parameters("convlast.bin");
                                                  ^
../src/main.cc:549:42: warning: ISO C++ forbids converting a string constant to 'char*' [-Wwrite-strings]
  parse_conv_fc_weight_parameters("fc.bin");
                                          ^
../src/main.cc:590:74: error: 'XShufflenetv2_Set_conv_last_weight_V' was not declared in this scope
  XShufflenetv2_Set_conv_last_weight_V(&accelerator, (u32)conv_last_weight);
                                                                          ^
../src/main.cc:605:7: warning: unused variable 'kkkk' [-Wunused-variable]
   int kkkk = 0;
       ^~~~
make: *** [src/main.o] Error 1
05:09:49 **** Auto Build of configuration Debug for project lenet_cnn_demo ****
make pre-build main-build 
a9-linaro-pre-build-step
' '
'Building file: ../src/main.cc'
'Invoking: ARM v7 g++ compiler'
arm-none-eabi-g++ -Wall -O0 -g3 -c -fmessage-length=0 -MT"src/main.o" -mcpu=cortex-a9 -mfpu=vfpv3 -mfloat-abi=hard -I../../standalone_bsp_0/ps7_cortexa9_0/include -MMD -MP -MF"src/main.d" -MT"src/main.o" -o "src/main.o" "../src/main.cc"
../src/main.cc: In function 'int main(int, char**)':
../src/main.cc:451:16: warning: ISO C++ forbids converting a string constant to 'TCHAR* {aka char*}' [-Wwrite-strings]
  TCHAR *Path = "0:/";
                ^~~~~
../src/main.cc:529:34: warning: ISO C++ forbids converting a string constant to 'char*' [-Wwrite-strings]
  parse_pic_parameters("plane.bin");
                                  ^
../src/main.cc:534:50: warning: ISO C++ forbids converting a string constant to 'char*' [-Wwrite-strings]
  parse_shuffle_conv_1x1_parameters("shuffle1.bin");
                                                  ^
../src/main.cc:537:50: warning: ISO C++ forbids converting a string constant to 'char*' [-Wwrite-strings]
  parse_shuffle_conv_3x3_parameters("shuffle3.bin");
                                                  ^
../src/main.cc:540:43: warning: ISO C++ forbids converting a string constant to 'char*' [-Wwrite-strings]
  parse_conv1_weight_parameters("conv1.bin");
                                           ^
../src/main.cc:543:34: warning: ISO C++ forbids converting a string constant to 'char*' [-Wwrite-strings]
  parse_bias_parameters("bias.bin");
                                  ^
../src/main.cc:546:50: warning: ISO C++ forbids converting a string constant to 'char*' [-Wwrite-strings]
  parse_conv_last_weight_parameters("convlast.bin");
                                                  ^
../src/main.cc:549:42: warning: ISO C++ forbids converting a string constant to 'char*' [-Wwrite-strings]
  parse_conv_fc_weight_parameters("fc.bin");
                                          ^
../src/main.cc:595:74: error: 'XShufflenetv2_Set_conv_last_weight_V' was not declared in this scope
  XShufflenetv2_Set_conv_last_weight_V(&accelerator, (u32)conv_last_weight);
                                                                          ^
../src/main.cc:610:7: warning: unused variable 'kkkk' [-Wunused-variable]
   int kkkk = 0;
       ^~~~
make: *** [src/main.o] Error 1
05:10:13 **** Auto Build of configuration Debug for project lenet_cnn_demo ****
make pre-build main-build 
a9-linaro-pre-build-step
' '
'Building file: ../src/main.cc'
'Invoking: ARM v7 g++ compiler'
arm-none-eabi-g++ -Wall -O0 -g3 -c -fmessage-length=0 -MT"src/main.o" -mcpu=cortex-a9 -mfpu=vfpv3 -mfloat-abi=hard -I../../standalone_bsp_0/ps7_cortexa9_0/include -MMD -MP -MF"src/main.d" -MT"src/main.o" -o "src/main.o" "../src/main.cc"
../src/main.cc: In function 'int main(int, char**)':
../src/main.cc:451:16: warning: ISO C++ forbids converting a string constant to 'TCHAR* {aka char*}' [-Wwrite-strings]
  TCHAR *Path = "0:/";
                ^~~~~
../src/main.cc:529:34: warning: ISO C++ forbids converting a string constant to 'char*' [-Wwrite-strings]
  parse_pic_parameters("plane.bin");
                                  ^
../src/main.cc:534:50: warning: ISO C++ forbids converting a string constant to 'char*' [-Wwrite-strings]
  parse_shuffle_conv_1x1_parameters("shuffle1.bin");
                                                  ^
../src/main.cc:537:50: warning: ISO C++ forbids converting a string constant to 'char*' [-Wwrite-strings]
  parse_shuffle_conv_3x3_parameters("shuffle3.bin");
                                                  ^
../src/main.cc:540:43: warning: ISO C++ forbids converting a string constant to 'char*' [-Wwrite-strings]
  parse_conv1_weight_parameters("conv1.bin");
                                           ^
../src/main.cc:543:34: warning: ISO C++ forbids converting a string constant to 'char*' [-Wwrite-strings]
  parse_bias_parameters("bias.bin");
                                  ^
../src/main.cc:546:50: warning: ISO C++ forbids converting a string constant to 'char*' [-Wwrite-strings]
  parse_conv_last_weight_parameters("convlast.bin");
                                                  ^
../src/main.cc:549:42: warning: ISO C++ forbids converting a string constant to 'char*' [-Wwrite-strings]
  parse_conv_fc_weight_parameters("fc.bin");
                                          ^
../src/main.cc:610:7: warning: unused variable 'kkkk' [-Wunused-variable]
   int kkkk = 0;
       ^~~~
'Finished building: ../src/main.cc'
' '
'Building file: ../src/platform.c'
'Invoking: ARM v7 g++ compiler'
arm-none-eabi-g++ -Wall -O0 -g3 -c -fmessage-length=0 -MT"src/platform.o" -mcpu=cortex-a9 -mfpu=vfpv3 -mfloat-abi=hard -I../../standalone_bsp_0/ps7_cortexa9_0/include -MMD -MP -MF"src/platform.d" -MT"src/platform.o" -o "src/platform.o" "../src/platform.c"
'Finished building: ../src/platform.c'
' '
'Building target: lenet_cnn_demo.elf'
'Invoking: ARM v7 g++ linker'
arm-none-eabi-g++ -mcpu=cortex-a9 -mfpu=vfpv3 -mfloat-abi=hard -Wl,-build-id=none -specs=Xilinx.spec -Wl,-T -Wl,../src/lscript.ld -L../../standalone_bsp_0/ps7_cortexa9_0/lib -o "lenet_cnn_demo.elf"  ./src/main.o ./src/platform.o   -Wl,--start-group,-lxil,-lgcc,-lc,-lstdc++,--end-group -Wl,--start-group,-lxilffs,-lxil,-lgcc,-lc,--end-group
'Finished building target: lenet_cnn_demo.elf'
' '
'Invoking: ARM v7 Print Size'
arm-none-eabi-size lenet_cnn_demo.elf  |tee "lenet_cnn_demo.elf.size"
   text	   data	    bss	    dec	    hex	filename
 812027	   2900	68527872	69342799	422164f	lenet_cnn_demo.elf
'Finished building: lenet_cnn_demo.elf.size'
' '
05:10:44 **** Auto Build of configuration Debug for project lenet_cnn_demo ****
make pre-build main-build 
a9-linaro-pre-build-step
' '
'Building file: ../src/main.cc'
'Invoking: ARM v7 g++ compiler'
arm-none-eabi-g++ -Wall -O0 -g3 -c -fmessage-length=0 -MT"src/main.o" -mcpu=cortex-a9 -mfpu=vfpv3 -mfloat-abi=hard -I../../standalone_bsp_0/ps7_cortexa9_0/include -MMD -MP -MF"src/main.d" -MT"src/main.o" -o "src/main.o" "../src/main.cc"
../src/main.cc: In function 'int main(int, char**)':
../src/main.cc:451:16: warning: ISO C++ forbids converting a string constant to 'TCHAR* {aka char*}' [-Wwrite-strings]
  TCHAR *Path = "0:/";
                ^~~~~
../src/main.cc:529:34: warning: ISO C++ forbids converting a string constant to 'char*' [-Wwrite-strings]
  parse_pic_parameters("plane.bin");
                                  ^
../src/main.cc:534:50: warning: ISO C++ forbids converting a string constant to 'char*' [-Wwrite-strings]
  parse_shuffle_conv_1x1_parameters("shuffle1.bin");
                                                  ^
../src/main.cc:537:50: warning: ISO C++ forbids converting a string constant to 'char*' [-Wwrite-strings]
  parse_shuffle_conv_3x3_parameters("shuffle3.bin");
                                                  ^
../src/main.cc:540:43: warning: ISO C++ forbids converting a string constant to 'char*' [-Wwrite-strings]
  parse_conv1_weight_parameters("conv1.bin");
                                           ^
../src/main.cc:543:34: warning: ISO C++ forbids converting a string constant to 'char*' [-Wwrite-strings]
  parse_bias_parameters("bias.bin");
                                  ^
../src/main.cc:546:50: warning: ISO C++ forbids converting a string constant to 'char*' [-Wwrite-strings]
  parse_conv_last_weight_parameters("convlast.bin");
                                                  ^
../src/main.cc:549:42: warning: ISO C++ forbids converting a string constant to 'char*' [-Wwrite-strings]
  parse_conv_fc_weight_parameters("fc.bin");
                                          ^
../src/main.cc:617:7: warning: unused variable 'kkkk' [-Wunused-variable]
   int kkkk = 0;
       ^~~~
'Finished building: ../src/main.cc'
' '
'Building target: lenet_cnn_demo.elf'
'Invoking: ARM v7 g++ linker'
arm-none-eabi-g++ -mcpu=cortex-a9 -mfpu=vfpv3 -mfloat-abi=hard -Wl,-build-id=none -specs=Xilinx.spec -Wl,-T -Wl,../src/lscript.ld -L../../standalone_bsp_0/ps7_cortexa9_0/lib -o "lenet_cnn_demo.elf"  ./src/main.o ./src/platform.o   -Wl,--start-group,-lxil,-lgcc,-lc,-lstdc++,--end-group -Wl,--start-group,-lxilffs,-lxil,-lgcc,-lc,--end-group
'Finished building target: lenet_cnn_demo.elf'
' '
'Invoking: ARM v7 Print Size'
arm-none-eabi-size lenet_cnn_demo.elf  |tee "lenet_cnn_demo.elf.size"
   text	   data	    bss	    dec	    hex	filename
 812219	   2900	68527872	69342991	422170f	lenet_cnn_demo.elf
'Finished building: lenet_cnn_demo.elf.size'
' '
05:11:03 **** Auto Build of configuration Debug for project lenet_cnn_demo ****
make pre-build main-build 
a9-linaro-pre-build-step
' '
'Building file: ../src/main.cc'
'Invoking: ARM v7 g++ compiler'
arm-none-eabi-g++ -Wall -O0 -g3 -c -fmessage-length=0 -MT"src/main.o" -mcpu=cortex-a9 -mfpu=vfpv3 -mfloat-abi=hard -I../../standalone_bsp_0/ps7_cortexa9_0/include -MMD -MP -MF"src/main.d" -MT"src/main.o" -o "src/main.o" "../src/main.cc"
../src/main.cc: In function 'int main(int, char**)':
../src/main.cc:451:16: warning: ISO C++ forbids converting a string constant to 'TCHAR* {aka char*}' [-Wwrite-strings]
  TCHAR *Path = "0:/";
                ^~~~~
../src/main.cc:529:34: warning: ISO C++ forbids converting a string constant to 'char*' [-Wwrite-strings]
  parse_pic_parameters("plane.bin");
                                  ^
../src/main.cc:534:50: warning: ISO C++ forbids converting a string constant to 'char*' [-Wwrite-strings]
  parse_shuffle_conv_1x1_parameters("shuffle1.bin");
                                                  ^
../src/main.cc:537:50: warning: ISO C++ forbids converting a string constant to 'char*' [-Wwrite-strings]
  parse_shuffle_conv_3x3_parameters("shuffle3.bin");
                                                  ^
../src/main.cc:540:43: warning: ISO C++ forbids converting a string constant to 'char*' [-Wwrite-strings]
  parse_conv1_weight_parameters("conv1.bin");
                                           ^
../src/main.cc:543:34: warning: ISO C++ forbids converting a string constant to 'char*' [-Wwrite-strings]
  parse_bias_parameters("bias.bin");
                                  ^
../src/main.cc:546:50: warning: ISO C++ forbids converting a string constant to 'char*' [-Wwrite-strings]
  parse_conv_last_weight_parameters("convlast.bin");
                                                  ^
../src/main.cc:549:42: warning: ISO C++ forbids converting a string constant to 'char*' [-Wwrite-strings]
  parse_conv_fc_weight_parameters("fc.bin");
                                          ^
../src/main.cc:617:7: warning: unused variable 'kkkk' [-Wunused-variable]
   int kkkk = 0;
       ^~~~
'Finished building: ../src/main.cc'
' '
'Building target: lenet_cnn_demo.elf'
'Invoking: ARM v7 g++ linker'
arm-none-eabi-g++ -mcpu=cortex-a9 -mfpu=vfpv3 -mfloat-abi=hard -Wl,-build-id=none -specs=Xilinx.spec -Wl,-T -Wl,../src/lscript.ld -L../../standalone_bsp_0/ps7_cortexa9_0/lib -o "lenet_cnn_demo.elf"  ./src/main.o ./src/platform.o   -Wl,--start-group,-lxil,-lgcc,-lc,-lstdc++,--end-group -Wl,--start-group,-lxilffs,-lxil,-lgcc,-lc,--end-group
'Finished building target: lenet_cnn_demo.elf'
' '
'Invoking: ARM v7 Print Size'
arm-none-eabi-size lenet_cnn_demo.elf  |tee "lenet_cnn_demo.elf.size"
   text	   data	    bss	    dec	    hex	filename
 812219	   2900	68527872	69342991	422170f	lenet_cnn_demo.elf
'Finished building: lenet_cnn_demo.elf.size'
' '
