

================================================================
== Vivado HLS Report for 'subconv_1x1_16p_p'
================================================================
* Date:           Thu Dec 13 17:50:47 2018

* Version:        2017.2 (Build 1909853 on Thu Jun 15 18:55:24 MDT 2017)
* Project:        acceleartor_hls_padding
* Solution:       naive
* Product family: zynq
* Target device:  xc7z020clg484-1


================================================================
== Performance Estimates
================================================================
+ Timing (ns): 
    * Summary: 
    +--------+-------+----------+------------+
    |  Clock | Target| Estimated| Uncertainty|
    +--------+-------+----------+------------+
    |ap_clk  |  10.00|      8.53|        1.25|
    +--------+-------+----------+------------+

+ Latency (clock cycles): 
    * Summary: 
    +---------+---------+---------+---------+---------+
    |      Latency      |      Interval     | Pipeline|
    |   min   |   max   |   min   |   max   |   Type  |
    +---------+---------+---------+---------+---------+
    |  7202401|  7202401|  7202401|  7202401|   none  |
    +---------+---------+---------+---------+---------+

    + Detail: 
        * Instance: 
        N/A

        * Loop: 
        +---------------------+---------+---------+----------+-----------+-----------+------+----------+
        |                     |      Latency      | Iteration|  Initiation Interval  | Trip |          |
        |      Loop Name      |   min   |   max   |  Latency |  achieved |   target  | Count| Pipelined|
        +---------------------+---------+---------+----------+-----------+-----------+------+----------+
        |- Loop 1             |  7202400|  7202400|    150050|          -|          -|    48|    no    |
        | + Loop 1.1          |   150048|   150048|      9378|          -|          -|    16|    no    |
        |  ++ Loop 1.1.1      |     9376|     9376|       586|          -|          -|    16|    no    |
        |   +++ Loop 1.1.1.1  |      576|      576|        12|          -|          -|    48|    no    |
        +---------------------+---------+---------+----------+-----------+-----------+------+----------+



================================================================
== Utilization Estimates
================================================================
* Summary: 
+-----------------+---------+-------+--------+-------+
|       Name      | BRAM_18K| DSP48E|   FF   |  LUT  |
+-----------------+---------+-------+--------+-------+
|DSP              |        -|      -|       -|      -|
|Expression       |        -|      -|     350|    261|
|FIFO             |        -|      -|       -|      -|
|Instance         |        -|      5|     414|    950|
|Memory           |        -|      -|       -|      -|
|Multiplexer      |        -|      -|       -|    173|
|Register         |        -|      -|     347|      -|
+-----------------+---------+-------+--------+-------+
|Total            |        0|      5|    1111|   1384|
+-----------------+---------+-------+--------+-------+
|Available        |      280|    220|  106400|  53200|
+-----------------+---------+-------+--------+-------+
|Utilization (%)  |        0|      2|       1|      2|
+-----------------+---------+-------+--------+-------+

+ Detail: 
    * Instance: 
    +----------------------------+----------------------+---------+-------+-----+-----+
    |          Instance          |        Module        | BRAM_18K| DSP48E|  FF | LUT |
    +----------------------------+----------------------+---------+-------+-----+-----+
    |ShuffleNetV2_faddbkb_x_U41  |ShuffleNetV2_faddbkb  |        0|      2|  205|  390|
    |ShuffleNetV2_fcmpdEe_x_U43  |ShuffleNetV2_fcmpdEe  |        0|      0|   66|  239|
    |ShuffleNetV2_fmulcud_x_U42  |ShuffleNetV2_fmulcud  |        0|      3|  143|  321|
    +----------------------------+----------------------+---------+-------+-----+-----+
    |Total                       |                      |        0|      5|  414|  950|
    +----------------------------+----------------------+---------+-------+-----+-----+

    * DSP48: 
    N/A

    * Memory: 
    N/A

    * FIFO: 
    N/A

    * Expression: 
    +-------------------------+----------+-------+----+----+------------+------------+
    |      Variable Name      | Operation| DSP48E| FF | LUT| Bitwidth P0| Bitwidth P1|
    +-------------------------+----------+-------+----+----+------------+------------+
    |ci_5_fu_312_p2           |     +    |      0|  23|  11|           6|           1|
    |co_11_fu_176_p2          |     +    |      0|  23|  11|           6|           1|
    |h_11_fu_300_p2           |     +    |      0|  20|  10|           5|           1|
    |tmp_159_fu_233_p2        |     +    |      0|  38|  16|          11|          11|
    |tmp_160_fu_249_p2        |     +    |      0|  38|  16|          11|          11|
    |tmp_161_fu_274_p2        |     +    |      0|  50|  20|          15|          15|
    |tmp_162_fu_290_p2        |     +    |      0|  50|  20|          15|          15|
    |tmp_163_fu_322_p2        |     +    |      0|  44|  18|          13|          13|
    |tmp_166_fu_351_p2        |     +    |      0|   0|  12|          11|          11|
    |tmp_167_fu_357_p2        |     +    |      0|   0|  12|          11|          11|
    |tmp_168_fu_382_p2        |     +    |      0|   0|  12|          15|          15|
    |tmp_169_fu_388_p2        |     +    |      0|   0|  12|          15|          15|
    |w_11_fu_393_p2           |     +    |      0|  20|  10|           1|           5|
    |tmp_157_fu_215_p2        |     -    |      0|  44|  18|          13|          13|
    |tmp_25_fu_442_p2         |    and   |      0|   0|   2|           1|           1|
    |exitcond1_fu_280_p2      |   icmp   |      0|   0|   2|           5|           5|
    |exitcond2_fu_239_p2      |   icmp   |      0|   0|   2|           5|           5|
    |exitcond3_fu_170_p2      |   icmp   |      0|   0|   3|           6|           6|
    |exitcond_fu_306_p2       |   icmp   |      0|   0|   3|           6|           6|
    |notlhs_fu_424_p2         |   icmp   |      0|   0|   4|           8|           2|
    |notrhs_fu_430_p2         |   icmp   |      0|   0|  13|          23|           1|
    |tmp_23_fu_436_p2         |    or    |      0|   0|   2|           1|           1|
    |ShuffleConvs_1_Downs_d0  |  select  |      0|   0|  32|           1|          32|
    +-------------------------+----------+-------+----+----+------------+------------+
    |Total                    |          |      0| 350| 261|         204|         197|
    +-------------------------+----------+-------+----+----+------------+------------+

    * Multiplexer: 
    +---------------+-----+-----------+-----+-----------+
    |      Name     | LUT | Input Size| Bits| Total Bits|
    +---------------+-----+-----------+-----+-----------+
    |ap_NS_fsm      |  113|         25|    1|         25|
    |ci_reg_145     |    9|          2|    6|         12|
    |co_reg_98      |    9|          2|    6|         12|
    |grp_fu_156_p1  |   15|          3|   32|         96|
    |h_reg_109      |    9|          2|    5|         10|
    |sum_reg_133    |    9|          2|   32|         64|
    |w_reg_121      |    9|          2|    5|         10|
    +---------------+-----+-----------+-----+-----------+
    |Total          |  173|         38|   87|        229|
    +---------------+-----+-----------+-----+-----------+

    * Register: 
    +--------------------------------+----+----+-----+-----------+
    |              Name              | FF | LUT| Bits| Const Bits|
    +--------------------------------+----+----+-----+-----------+
    |ShuffleConvs_1_Downs_reg_499    |  14|   0|   14|          0|
    |ap_CS_fsm                       |  24|   0|   24|          0|
    |bias_addr_reg_473               |   6|   0|    6|          0|
    |bias_load_reg_562               |  32|   0|   32|          0|
    |ci_5_reg_512                    |   6|   0|    6|          0|
    |ci_reg_145                      |   6|   0|    6|          0|
    |co_11_reg_458                   |   6|   0|    6|          0|
    |co_reg_98                       |   6|   0|    6|          0|
    |h_reg_109                       |   5|   0|    5|          0|
    |result_reg_567                  |  32|   0|   32|          0|
    |shuffleunit0_2_outpu_1_reg_547  |  32|   0|   32|          0|
    |sum_reg_133                     |  32|   0|   32|          0|
    |tmp_157_reg_463                 |   9|   0|   13|          4|
    |tmp_159_reg_468                 |  10|   0|   11|          1|
    |tmp_161_reg_486                 |  14|   0|   15|          1|
    |tmp_163_reg_517                 |  13|   0|   13|          0|
    |tmp_169_reg_522                 |  15|   0|   15|          0|
    |tmp_24_reg_574                  |   1|   0|    1|          0|
    |tmp_67_cast_reg_494             |   5|   0|   15|         10|
    |tmp_69_reg_552                  |  32|   0|   32|          0|
    |tmp_cast_reg_481                |   5|   0|   11|          6|
    |w_11_reg_527                    |   5|   0|    5|          0|
    |w_reg_121                       |   5|   0|    5|          0|
    |weight_load_reg_542             |  32|   0|   32|          0|
    +--------------------------------+----+----+-----+-----------+
    |Total                           | 347|   0|  369|         22|
    +--------------------------------+----+----+-----+-----------+



================================================================
== Interface
================================================================
* Summary: 
+-------------------------------+-----+-----+------------+----------------------+--------------+
|           RTL Ports           | Dir | Bits|  Protocol  |     Source Object    |    C Type    |
+-------------------------------+-----+-----+------------+----------------------+--------------+
|ap_clk                         |  in |    1| ap_ctrl_hs |   subconv_1x1_16p_p  | return value |
|ap_rst                         |  in |    1| ap_ctrl_hs |   subconv_1x1_16p_p  | return value |
|ap_start                       |  in |    1| ap_ctrl_hs |   subconv_1x1_16p_p  | return value |
|ap_done                        | out |    1| ap_ctrl_hs |   subconv_1x1_16p_p  | return value |
|ap_idle                        | out |    1| ap_ctrl_hs |   subconv_1x1_16p_p  | return value |
|ap_ready                       | out |    1| ap_ctrl_hs |   subconv_1x1_16p_p  | return value |
|weight_address0                | out |   12|  ap_memory |        weight        |     array    |
|weight_ce0                     | out |    1|  ap_memory |        weight        |     array    |
|weight_q0                      |  in |   32|  ap_memory |        weight        |     array    |
|bias_address0                  | out |    6|  ap_memory |         bias         |     array    |
|bias_ce0                       | out |    1|  ap_memory |         bias         |     array    |
|bias_q0                        |  in |   32|  ap_memory |         bias         |     array    |
|shuffleunit0_2_outpu_address0  | out |   14|  ap_memory | shuffleunit0_2_outpu |     array    |
|shuffleunit0_2_outpu_ce0       | out |    1|  ap_memory | shuffleunit0_2_outpu |     array    |
|shuffleunit0_2_outpu_q0        |  in |   32|  ap_memory | shuffleunit0_2_outpu |     array    |
|ShuffleConvs_1_Downs_address0  | out |   14|  ap_memory | ShuffleConvs_1_Downs |     array    |
|ShuffleConvs_1_Downs_ce0       | out |    1|  ap_memory | ShuffleConvs_1_Downs |     array    |
|ShuffleConvs_1_Downs_we0       | out |    1|  ap_memory | ShuffleConvs_1_Downs |     array    |
|ShuffleConvs_1_Downs_d0        | out |   32|  ap_memory | ShuffleConvs_1_Downs |     array    |
+-------------------------------+-----+-----+------------+----------------------+--------------+

