

================================================================
== Vivado HLS Report for 'ShuffleUnit2'
================================================================
* Date:           Mon Dec 10 14:57:14 2018

* Version:        2017.2 (Build 1909853 on Thu Jun 15 18:55:24 MDT 2017)
* Project:        accelerator_hls
* Solution:       naive
* Product family: zynq
* Target device:  xc7z020clg484-1


================================================================
== Performance Estimates
================================================================
+ Timing (ns): 
    * Summary: 
    +--------+-------+----------+------------+
    |  Clock | Target| Estimated| Uncertainty|
    +--------+-------+----------+------------+
    |ap_clk  |  10.00|      8.53|        1.25|
    +--------+-------+----------+------------+

+ Latency (clock cycles): 
    * Summary: 
    +---------+---------+---------+---------+---------+
    |      Latency      |      Interval     | Pipeline|
    |   min   |   max   |   min   |   max   |   Type  |
    +---------+---------+---------+---------+---------+
    |  3488748|  3488748|  3488748|  3488748|   none  |
    +---------+---------+---------+---------+---------+

    + Detail: 
        * Instance: 
        N/A

        * Loop: 
        +--------------------------+------+------+----------+-----------+-----------+------+----------+
        |                          |   Latency   | Iteration|  Initiation Interval  | Trip |          |
        |         Loop Name        |  min |  max |  Latency |  achieved |   target  | Count| Pipelined|
        +--------------------------+------+------+----------+-----------+-----------+------+----------+
        |- memset_left_part        |  2015|  2015|        21|          -|          -|    96|    no    |
        | + memset_left_part       |    19|    19|         5|          -|          -|     4|    no    |
        |  ++ memset_left_part     |     3|     3|         1|          -|          -|     4|    no    |
        |- memset_right_part       |  2015|  2015|        21|          -|          -|    96|    no    |
        | + memset_right_part      |    19|    19|         5|          -|          -|     4|    no    |
        |  ++ memset_right_part    |     3|     3|         1|          -|          -|     4|    no    |
        |- memset_conv1_output     |  2015|  2015|        21|          -|          -|    96|    no    |
        | + memset_conv1_output    |    19|    19|         5|          -|          -|     4|    no    |
        |  ++ memset_conv1_output  |     3|     3|         1|          -|          -|     4|    no    |
        |- memset_conv2_output     |  2015|  2015|        21|          -|          -|    96|    no    |
        | + memset_conv2_output    |    19|    19|         5|          -|          -|     4|    no    |
        |  ++ memset_conv2_output  |     3|     3|         1|          -|          -|     4|    no    |
        |- memset_conv3_output     |  2015|  2015|        21|          -|          -|    96|    no    |
        | + memset_conv3_output    |    19|    19|         5|          -|          -|     4|    no    |
        |  ++ memset_conv3_output  |     3|     3|         1|          -|          -|     4|    no    |
        |- Loop 6                  |  4032|  4032|        42|          -|          -|    96|    no    |
        | + Loop 6.1               |    40|    40|        10|          -|          -|     4|    no    |
        |  ++ Loop 6.1.1           |     8|     8|         2|          -|          -|     4|    no    |
        +--------------------------+------+------+----------+-----------+-----------+------+----------+

============================================================
+ Verbose Summary: Synthesis Manager
============================================================
InlineROM: 1
ExposeGlobal: 0
============================================================
+ Verbose Summary: CDFG Model
============================================================
IsTopModel: 0
ResetActiveHigh: 1
IsCombinational: 0
IsDatapathOnly: 0
HasWiredReturn: 1
HasMFsm: 0
HasVarLatency: 1
IsPipeline: 0
IsRtlPipelined: 0
IsInstanceOverlapped: 0
IsDontTouch: 0
HasImplIP: 0
IsGatedGlobalClock: 0


============================================================
+ Verbose Summary: Schedule
============================================================
* Number of FSM states: 27
* Pipeline: 0
* Dataflow Pipeline: 0

* FSM state transitions: 
1 --> 
	2  / true
2 --> 
	3  / true
3 --> 
	4  / true
4 --> 
	4  / (!tmp_s)
	3  / (tmp_s & !tmp_119)
	2  / (tmp_s & tmp_119 & !tmp_120)
	5  / (tmp_s & tmp_119 & tmp_120)
5 --> 
	6  / true
6 --> 
	7  / true
7 --> 
	7  / (!tmp_121)
	6  / (tmp_121 & !tmp_122)
	5  / (tmp_121 & tmp_122 & !tmp_123)
	8  / (tmp_121 & tmp_122 & tmp_123)
8 --> 
	9  / true
9 --> 
	10  / true
10 --> 
	10  / (!tmp_124)
	9  / (tmp_124 & !tmp_125)
	8  / (tmp_124 & tmp_125 & !tmp_126)
	11  / (tmp_124 & tmp_125 & tmp_126)
11 --> 
	12  / true
12 --> 
	13  / true
13 --> 
	13  / (!tmp_127)
	12  / (tmp_127 & !tmp_128)
	11  / (tmp_127 & tmp_128 & !tmp_129)
	14  / (tmp_127 & tmp_128 & tmp_129)
14 --> 
	15  / true
15 --> 
	16  / true
16 --> 
	16  / (!tmp_130)
	15  / (tmp_130 & !tmp_131)
	14  / (tmp_130 & tmp_131 & !tmp_132)
	17  / (tmp_130 & tmp_131 & tmp_132)
17 --> 
	21  / (exitcond2)
	18  / (!exitcond2)
18 --> 
	19  / (!exitcond1)
	17  / (exitcond1)
19 --> 
	20  / (!exitcond)
	18  / (exitcond)
20 --> 
	19  / true
21 --> 
	22  / true
22 --> 
	23  / true
23 --> 
	24  / true
24 --> 
	25  / true
25 --> 
	26  / true
26 --> 
	27  / true
27 --> 
* FSM state operations: 

 <State 1>: 1.59ns
ST_1: left_part_0 (9)  [1/1] 0.00ns  loc: accelerator_hls/components.cpp:520
meminst.0:0  %left_part_0 = alloca [1536 x float], align 4

ST_1: right_part_0 (10)  [1/1] 0.00ns  loc: accelerator_hls/components.cpp:521
meminst.0:1  %right_part_0 = alloca [1536 x float], align 4

ST_1: conv1_output_0 (11)  [1/1] 0.00ns  loc: accelerator_hls/components.cpp:522
meminst.0:2  %conv1_output_0 = alloca [1536 x float], align 4

ST_1: conv2_output_0 (12)  [1/1] 0.00ns  loc: accelerator_hls/components.cpp:523
meminst.0:3  %conv2_output_0 = alloca [1536 x float], align 4

ST_1: conv3_output_0 (13)  [1/1] 0.00ns  loc: accelerator_hls/components.cpp:524
meminst.0:4  %conv3_output_0 = alloca [1536 x float], align 4

ST_1: StgValue_33 (14)  [1/1] 1.59ns
meminst.0:5  br label %meminst5.0


 <State 2>: 2.32ns
ST_2: invdar6 (16)  [1/1] 0.00ns  loc: accelerator_hls/components.cpp:520
meminst5.0:0  %invdar6 = phi i7 [ 0, %meminst.0 ], [ %indvarinc7, %meminst58.0 ]

ST_2: indvarinc7 (17)  [1/1] 2.32ns  loc: accelerator_hls/components.cpp:520
meminst5.0:1  %indvarinc7 = add i7 %invdar6, 1

ST_2: empty_312 (18)  [1/1] 0.00ns
meminst5.0:2  %empty_312 = call i32 (...)* @_ssdm_op_SpecLoopTripCount(i64 96, i64 96, i64 96)

ST_2: StgValue_37 (19)  [1/1] 1.59ns
meminst5.0:3  br label %meminst9.0


 <State 3>: 2.17ns
ST_3: invdar1 (21)  [1/1] 0.00ns  loc: accelerator_hls/components.cpp:520
meminst9.0:0  %invdar1 = phi i2 [ 0, %meminst5.0 ], [ %indvarinc1, %meminst912.0 ]

ST_3: indvarinc1 (22)  [1/1] 2.17ns  loc: accelerator_hls/components.cpp:520
meminst9.0:1  %indvarinc1 = add i2 %invdar1, 1

ST_3: empty_311 (23)  [1/1] 0.00ns
meminst9.0:2  %empty_311 = call i32 (...)* @_ssdm_op_SpecLoopTripCount(i64 4, i64 4, i64 4)

ST_3: StgValue_41 (24)  [1/1] 1.59ns
meminst9.0:3  br label %meminst13.0


 <State 4>: 3.25ns
ST_4: invdar2 (26)  [1/1] 0.00ns  loc: accelerator_hls/components.cpp:520
meminst13.0:0  %invdar2 = phi i2 [ 0, %meminst9.0 ], [ %indvarinc2, %meminst13.0 ]

ST_4: indvarinc2 (27)  [1/1] 2.17ns  loc: accelerator_hls/components.cpp:520
meminst13.0:1  %indvarinc2 = add i2 %invdar2, 1

ST_4: tmp (28)  [1/1] 0.00ns  loc: accelerator_hls/components.cpp:520
meminst13.0:2  %tmp = call i11 @_ssdm_op_BitConcatenate.i11.i7.i2.i2(i7 %invdar6, i2 %invdar1, i2 %invdar2)

ST_4: tmp_180 (29)  [1/1] 0.00ns  loc: accelerator_hls/components.cpp:520
meminst13.0:3  %tmp_180 = zext i11 %tmp to i64

ST_4: left_part_0_addr (30)  [1/1] 0.00ns  loc: accelerator_hls/components.cpp:520
meminst13.0:4  %left_part_0_addr = getelementptr [1536 x float]* %left_part_0, i64 0, i64 %tmp_180

ST_4: StgValue_47 (31)  [1/1] 3.25ns  loc: accelerator_hls/components.cpp:520
meminst13.0:5  store float 0.000000e+00, float* %left_part_0_addr, align 4

ST_4: tmp_s (32)  [1/1] 2.07ns  loc: accelerator_hls/components.cpp:520
meminst13.0:6  %tmp_s = icmp eq i2 %invdar2, -1

ST_4: empty_309 (33)  [1/1] 0.00ns
meminst13.0:7  %empty_309 = call i32 (...)* @_ssdm_op_SpecLoopName([17 x i8]* @memset_left_part_str) nounwind

ST_4: empty_310 (34)  [1/1] 0.00ns
meminst13.0:8  %empty_310 = call i32 (...)* @_ssdm_op_SpecLoopTripCount(i64 4, i64 4, i64 4)

ST_4: StgValue_51 (35)  [1/1] 0.00ns  loc: accelerator_hls/components.cpp:520
meminst13.0:9  br i1 %tmp_s, label %meminst912.0, label %meminst13.0

ST_4: tmp_119 (37)  [1/1] 2.07ns  loc: accelerator_hls/components.cpp:520
meminst912.0:0  %tmp_119 = icmp eq i2 %invdar1, -1

ST_4: empty_308 (38)  [1/1] 0.00ns
meminst912.0:1  %empty_308 = call i32 (...)* @_ssdm_op_SpecLoopName([17 x i8]* @memset_left_part_str) nounwind

ST_4: StgValue_54 (39)  [1/1] 0.00ns  loc: accelerator_hls/components.cpp:520
meminst912.0:2  br i1 %tmp_119, label %meminst58.0, label %meminst9.0

ST_4: tmp_120 (41)  [1/1] 2.91ns  loc: accelerator_hls/components.cpp:520
meminst58.0:0  %tmp_120 = icmp eq i7 %invdar6, -33

ST_4: empty (42)  [1/1] 0.00ns
meminst58.0:1  %empty = call i32 (...)* @_ssdm_op_SpecLoopName([17 x i8]* @memset_left_part_str) nounwind

ST_4: StgValue_57 (43)  [1/1] 0.00ns  loc: accelerator_hls/components.cpp:520
meminst58.0:2  br i1 %tmp_120, label %meminst20.0.preheader, label %meminst5.0

ST_4: StgValue_58 (45)  [1/1] 1.59ns  loc: accelerator_hls/components.cpp:521
meminst20.0.preheader:0  br label %meminst20.0


 <State 5>: 2.32ns
ST_5: invdar4 (47)  [1/1] 0.00ns  loc: accelerator_hls/components.cpp:521
meminst20.0:0  %invdar4 = phi i7 [ %indvarinc4, %meminst2023.0 ], [ 0, %meminst20.0.preheader ]

ST_5: indvarinc4 (48)  [1/1] 2.32ns  loc: accelerator_hls/components.cpp:521
meminst20.0:1  %indvarinc4 = add i7 %invdar4, 1

ST_5: empty_318 (49)  [1/1] 0.00ns
meminst20.0:2  %empty_318 = call i32 (...)* @_ssdm_op_SpecLoopTripCount(i64 96, i64 96, i64 96)

ST_5: StgValue_62 (50)  [1/1] 1.59ns
meminst20.0:3  br label %meminst24.0


 <State 6>: 2.17ns
ST_6: invdar5 (52)  [1/1] 0.00ns  loc: accelerator_hls/components.cpp:521
meminst24.0:0  %invdar5 = phi i2 [ 0, %meminst20.0 ], [ %indvarinc5, %meminst2427.0 ]

ST_6: indvarinc5 (53)  [1/1] 2.17ns  loc: accelerator_hls/components.cpp:521
meminst24.0:1  %indvarinc5 = add i2 %invdar5, 1

ST_6: empty_317 (54)  [1/1] 0.00ns
meminst24.0:2  %empty_317 = call i32 (...)* @_ssdm_op_SpecLoopTripCount(i64 4, i64 4, i64 4)

ST_6: StgValue_66 (55)  [1/1] 1.59ns
meminst24.0:3  br label %meminst28.0


 <State 7>: 3.25ns
ST_7: invdar7 (57)  [1/1] 0.00ns  loc: accelerator_hls/components.cpp:521
meminst28.0:0  %invdar7 = phi i2 [ 0, %meminst24.0 ], [ %indvarinc6, %meminst28.0 ]

ST_7: indvarinc6 (58)  [1/1] 2.17ns  loc: accelerator_hls/components.cpp:521
meminst28.0:1  %indvarinc6 = add i2 %invdar7, 1

ST_7: tmp_105 (59)  [1/1] 0.00ns  loc: accelerator_hls/components.cpp:521
meminst28.0:2  %tmp_105 = call i11 @_ssdm_op_BitConcatenate.i11.i7.i2.i2(i7 %invdar4, i2 %invdar5, i2 %invdar7)

ST_7: tmp_181 (60)  [1/1] 0.00ns  loc: accelerator_hls/components.cpp:521
meminst28.0:3  %tmp_181 = zext i11 %tmp_105 to i64

ST_7: right_part_0_addr (61)  [1/1] 0.00ns  loc: accelerator_hls/components.cpp:521
meminst28.0:4  %right_part_0_addr = getelementptr [1536 x float]* %right_part_0, i64 0, i64 %tmp_181

ST_7: StgValue_72 (62)  [1/1] 3.25ns  loc: accelerator_hls/components.cpp:521
meminst28.0:5  store float 0.000000e+00, float* %right_part_0_addr, align 4

ST_7: tmp_121 (63)  [1/1] 2.07ns  loc: accelerator_hls/components.cpp:521
meminst28.0:6  %tmp_121 = icmp eq i2 %invdar7, -1

ST_7: empty_315 (64)  [1/1] 0.00ns
meminst28.0:7  %empty_315 = call i32 (...)* @_ssdm_op_SpecLoopName([18 x i8]* @memset_right_part_st) nounwind

ST_7: empty_316 (65)  [1/1] 0.00ns
meminst28.0:8  %empty_316 = call i32 (...)* @_ssdm_op_SpecLoopTripCount(i64 4, i64 4, i64 4)

ST_7: StgValue_76 (66)  [1/1] 0.00ns  loc: accelerator_hls/components.cpp:521
meminst28.0:9  br i1 %tmp_121, label %meminst2427.0, label %meminst28.0

ST_7: tmp_122 (68)  [1/1] 2.07ns  loc: accelerator_hls/components.cpp:521
meminst2427.0:0  %tmp_122 = icmp eq i2 %invdar5, -1

ST_7: empty_314 (69)  [1/1] 0.00ns
meminst2427.0:1  %empty_314 = call i32 (...)* @_ssdm_op_SpecLoopName([18 x i8]* @memset_right_part_st) nounwind

ST_7: StgValue_79 (70)  [1/1] 0.00ns  loc: accelerator_hls/components.cpp:521
meminst2427.0:2  br i1 %tmp_122, label %meminst2023.0, label %meminst24.0

ST_7: tmp_123 (72)  [1/1] 2.91ns  loc: accelerator_hls/components.cpp:521
meminst2023.0:0  %tmp_123 = icmp eq i7 %invdar4, -33

ST_7: empty_313 (73)  [1/1] 0.00ns
meminst2023.0:1  %empty_313 = call i32 (...)* @_ssdm_op_SpecLoopName([18 x i8]* @memset_right_part_st) nounwind

ST_7: StgValue_82 (74)  [1/1] 0.00ns  loc: accelerator_hls/components.cpp:521
meminst2023.0:2  br i1 %tmp_123, label %meminst35.0.preheader, label %meminst20.0

ST_7: StgValue_83 (76)  [1/1] 1.59ns  loc: accelerator_hls/components.cpp:522
meminst35.0.preheader:0  br label %meminst35.0


 <State 8>: 2.32ns
ST_8: invdar9 (78)  [1/1] 0.00ns  loc: accelerator_hls/components.cpp:522
meminst35.0:0  %invdar9 = phi i7 [ %indvarinc9, %meminst3538.0 ], [ 0, %meminst35.0.preheader ]

ST_8: indvarinc9 (79)  [1/1] 2.32ns  loc: accelerator_hls/components.cpp:522
meminst35.0:1  %indvarinc9 = add i7 %invdar9, 1

ST_8: empty_324 (80)  [1/1] 0.00ns
meminst35.0:2  %empty_324 = call i32 (...)* @_ssdm_op_SpecLoopTripCount(i64 96, i64 96, i64 96)

ST_8: StgValue_87 (81)  [1/1] 1.59ns
meminst35.0:3  br label %meminst39.0


 <State 9>: 2.17ns
ST_9: invdar (83)  [1/1] 0.00ns  loc: accelerator_hls/components.cpp:522
meminst39.0:0  %invdar = phi i2 [ 0, %meminst35.0 ], [ %indvarinc, %meminst3942.0 ]

ST_9: indvarinc (84)  [1/1] 2.17ns  loc: accelerator_hls/components.cpp:522
meminst39.0:1  %indvarinc = add i2 %invdar, 1

ST_9: empty_323 (85)  [1/1] 0.00ns
meminst39.0:2  %empty_323 = call i32 (...)* @_ssdm_op_SpecLoopTripCount(i64 4, i64 4, i64 4)

ST_9: StgValue_91 (86)  [1/1] 1.59ns
meminst39.0:3  br label %meminst43.0


 <State 10>: 3.25ns
ST_10: invdar3 (88)  [1/1] 0.00ns  loc: accelerator_hls/components.cpp:522
meminst43.0:0  %invdar3 = phi i2 [ 0, %meminst39.0 ], [ %indvarinc3, %meminst43.0 ]

ST_10: indvarinc3 (89)  [1/1] 2.17ns  loc: accelerator_hls/components.cpp:522
meminst43.0:1  %indvarinc3 = add i2 %invdar3, 1

ST_10: tmp_106 (90)  [1/1] 0.00ns  loc: accelerator_hls/components.cpp:522
meminst43.0:2  %tmp_106 = call i11 @_ssdm_op_BitConcatenate.i11.i7.i2.i2(i7 %invdar9, i2 %invdar, i2 %invdar3)

ST_10: tmp_182 (91)  [1/1] 0.00ns  loc: accelerator_hls/components.cpp:522
meminst43.0:3  %tmp_182 = zext i11 %tmp_106 to i64

ST_10: conv1_output_0_addr (92)  [1/1] 0.00ns  loc: accelerator_hls/components.cpp:522
meminst43.0:4  %conv1_output_0_addr = getelementptr [1536 x float]* %conv1_output_0, i64 0, i64 %tmp_182

ST_10: StgValue_97 (93)  [1/1] 3.25ns  loc: accelerator_hls/components.cpp:522
meminst43.0:5  store float 0.000000e+00, float* %conv1_output_0_addr, align 4

ST_10: tmp_124 (94)  [1/1] 2.07ns  loc: accelerator_hls/components.cpp:522
meminst43.0:6  %tmp_124 = icmp eq i2 %invdar3, -1

ST_10: empty_321 (95)  [1/1] 0.00ns
meminst43.0:7  %empty_321 = call i32 (...)* @_ssdm_op_SpecLoopName([20 x i8]* @memset_conv1_output_s) nounwind

ST_10: empty_322 (96)  [1/1] 0.00ns
meminst43.0:8  %empty_322 = call i32 (...)* @_ssdm_op_SpecLoopTripCount(i64 4, i64 4, i64 4)

ST_10: StgValue_101 (97)  [1/1] 0.00ns  loc: accelerator_hls/components.cpp:522
meminst43.0:9  br i1 %tmp_124, label %meminst3942.0, label %meminst43.0

ST_10: tmp_125 (99)  [1/1] 2.07ns  loc: accelerator_hls/components.cpp:522
meminst3942.0:0  %tmp_125 = icmp eq i2 %invdar, -1

ST_10: empty_320 (100)  [1/1] 0.00ns
meminst3942.0:1  %empty_320 = call i32 (...)* @_ssdm_op_SpecLoopName([20 x i8]* @memset_conv1_output_s) nounwind

ST_10: StgValue_104 (101)  [1/1] 0.00ns  loc: accelerator_hls/components.cpp:522
meminst3942.0:2  br i1 %tmp_125, label %meminst3538.0, label %meminst39.0

ST_10: tmp_126 (103)  [1/1] 2.91ns  loc: accelerator_hls/components.cpp:522
meminst3538.0:0  %tmp_126 = icmp eq i7 %invdar9, -33

ST_10: empty_319 (104)  [1/1] 0.00ns
meminst3538.0:1  %empty_319 = call i32 (...)* @_ssdm_op_SpecLoopName([20 x i8]* @memset_conv1_output_s) nounwind

ST_10: StgValue_107 (105)  [1/1] 0.00ns  loc: accelerator_hls/components.cpp:522
meminst3538.0:2  br i1 %tmp_126, label %meminst50.0.preheader, label %meminst35.0

ST_10: StgValue_108 (107)  [1/1] 1.59ns  loc: accelerator_hls/components.cpp:523
meminst50.0.preheader:0  br label %meminst50.0


 <State 11>: 2.32ns
ST_11: invdar8 (109)  [1/1] 0.00ns  loc: accelerator_hls/components.cpp:523
meminst50.0:0  %invdar8 = phi i7 [ %indvarinc8, %meminst5053.0 ], [ 0, %meminst50.0.preheader ]

ST_11: indvarinc8 (110)  [1/1] 2.32ns  loc: accelerator_hls/components.cpp:523
meminst50.0:1  %indvarinc8 = add i7 %invdar8, 1

ST_11: empty_330 (111)  [1/1] 0.00ns
meminst50.0:2  %empty_330 = call i32 (...)* @_ssdm_op_SpecLoopTripCount(i64 96, i64 96, i64 96)

ST_11: StgValue_112 (112)  [1/1] 1.59ns
meminst50.0:3  br label %meminst54.0


 <State 12>: 2.17ns
ST_12: invdar10 (114)  [1/1] 0.00ns  loc: accelerator_hls/components.cpp:523
meminst54.0:0  %invdar10 = phi i2 [ 0, %meminst50.0 ], [ %indvarinc10, %meminst5457.0 ]

ST_12: indvarinc10 (115)  [1/1] 2.17ns  loc: accelerator_hls/components.cpp:523
meminst54.0:1  %indvarinc10 = add i2 %invdar10, 1

ST_12: empty_329 (116)  [1/1] 0.00ns
meminst54.0:2  %empty_329 = call i32 (...)* @_ssdm_op_SpecLoopTripCount(i64 4, i64 4, i64 4)

ST_12: StgValue_116 (117)  [1/1] 1.59ns
meminst54.0:3  br label %meminst59.0


 <State 13>: 3.25ns
ST_13: invdar11 (119)  [1/1] 0.00ns  loc: accelerator_hls/components.cpp:523
meminst59.0:0  %invdar11 = phi i2 [ 0, %meminst54.0 ], [ %indvarinc11, %meminst59.0 ]

ST_13: indvarinc11 (120)  [1/1] 2.17ns  loc: accelerator_hls/components.cpp:523
meminst59.0:1  %indvarinc11 = add i2 %invdar11, 1

ST_13: tmp_107 (121)  [1/1] 0.00ns  loc: accelerator_hls/components.cpp:523
meminst59.0:2  %tmp_107 = call i11 @_ssdm_op_BitConcatenate.i11.i7.i2.i2(i7 %invdar8, i2 %invdar10, i2 %invdar11)

ST_13: tmp_183 (122)  [1/1] 0.00ns  loc: accelerator_hls/components.cpp:523
meminst59.0:3  %tmp_183 = zext i11 %tmp_107 to i64

ST_13: conv2_output_0_addr (123)  [1/1] 0.00ns  loc: accelerator_hls/components.cpp:523
meminst59.0:4  %conv2_output_0_addr = getelementptr [1536 x float]* %conv2_output_0, i64 0, i64 %tmp_183

ST_13: StgValue_122 (124)  [1/1] 3.25ns  loc: accelerator_hls/components.cpp:523
meminst59.0:5  store float 0.000000e+00, float* %conv2_output_0_addr, align 4

ST_13: tmp_127 (125)  [1/1] 2.07ns  loc: accelerator_hls/components.cpp:523
meminst59.0:6  %tmp_127 = icmp eq i2 %invdar11, -1

ST_13: empty_327 (126)  [1/1] 0.00ns
meminst59.0:7  %empty_327 = call i32 (...)* @_ssdm_op_SpecLoopName([20 x i8]* @memset_conv2_output_s) nounwind

ST_13: empty_328 (127)  [1/1] 0.00ns
meminst59.0:8  %empty_328 = call i32 (...)* @_ssdm_op_SpecLoopTripCount(i64 4, i64 4, i64 4)

ST_13: StgValue_126 (128)  [1/1] 0.00ns  loc: accelerator_hls/components.cpp:523
meminst59.0:9  br i1 %tmp_127, label %meminst5457.0, label %meminst59.0

ST_13: tmp_128 (130)  [1/1] 2.07ns  loc: accelerator_hls/components.cpp:523
meminst5457.0:0  %tmp_128 = icmp eq i2 %invdar10, -1

ST_13: empty_326 (131)  [1/1] 0.00ns
meminst5457.0:1  %empty_326 = call i32 (...)* @_ssdm_op_SpecLoopName([20 x i8]* @memset_conv2_output_s) nounwind

ST_13: StgValue_129 (132)  [1/1] 0.00ns  loc: accelerator_hls/components.cpp:523
meminst5457.0:2  br i1 %tmp_128, label %meminst5053.0, label %meminst54.0

ST_13: tmp_129 (134)  [1/1] 2.91ns  loc: accelerator_hls/components.cpp:523
meminst5053.0:0  %tmp_129 = icmp eq i7 %invdar8, -33

ST_13: empty_325 (135)  [1/1] 0.00ns
meminst5053.0:1  %empty_325 = call i32 (...)* @_ssdm_op_SpecLoopName([20 x i8]* @memset_conv2_output_s) nounwind

ST_13: StgValue_132 (136)  [1/1] 0.00ns  loc: accelerator_hls/components.cpp:523
meminst5053.0:2  br i1 %tmp_129, label %meminst66.0.preheader, label %meminst50.0

ST_13: StgValue_133 (138)  [1/1] 1.59ns  loc: accelerator_hls/components.cpp:524
meminst66.0.preheader:0  br label %meminst66.0


 <State 14>: 2.32ns
ST_14: invdar12 (140)  [1/1] 0.00ns  loc: accelerator_hls/components.cpp:524
meminst66.0:0  %invdar12 = phi i7 [ %indvarinc12, %meminst6669.0 ], [ 0, %meminst66.0.preheader ]

ST_14: indvarinc12 (141)  [1/1] 2.32ns  loc: accelerator_hls/components.cpp:524
meminst66.0:1  %indvarinc12 = add i7 %invdar12, 1

ST_14: empty_336 (142)  [1/1] 0.00ns
meminst66.0:2  %empty_336 = call i32 (...)* @_ssdm_op_SpecLoopTripCount(i64 96, i64 96, i64 96)

ST_14: StgValue_137 (143)  [1/1] 1.59ns
meminst66.0:3  br label %meminst70.0


 <State 15>: 2.17ns
ST_15: invdar13 (145)  [1/1] 0.00ns  loc: accelerator_hls/components.cpp:524
meminst70.0:0  %invdar13 = phi i2 [ 0, %meminst66.0 ], [ %indvarinc13, %meminst7073.0 ]

ST_15: indvarinc13 (146)  [1/1] 2.17ns  loc: accelerator_hls/components.cpp:524
meminst70.0:1  %indvarinc13 = add i2 %invdar13, 1

ST_15: empty_335 (147)  [1/1] 0.00ns
meminst70.0:2  %empty_335 = call i32 (...)* @_ssdm_op_SpecLoopTripCount(i64 4, i64 4, i64 4)

ST_15: StgValue_141 (148)  [1/1] 1.59ns
meminst70.0:3  br label %meminst74.0


 <State 16>: 3.25ns
ST_16: invdar14 (150)  [1/1] 0.00ns  loc: accelerator_hls/components.cpp:524
meminst74.0:0  %invdar14 = phi i2 [ 0, %meminst70.0 ], [ %indvarinc14, %meminst74.0 ]

ST_16: indvarinc14 (151)  [1/1] 2.17ns  loc: accelerator_hls/components.cpp:524
meminst74.0:1  %indvarinc14 = add i2 %invdar14, 1

ST_16: tmp_108 (152)  [1/1] 0.00ns  loc: accelerator_hls/components.cpp:524
meminst74.0:2  %tmp_108 = call i11 @_ssdm_op_BitConcatenate.i11.i7.i2.i2(i7 %invdar12, i2 %invdar13, i2 %invdar14)

ST_16: tmp_184 (153)  [1/1] 0.00ns  loc: accelerator_hls/components.cpp:524
meminst74.0:3  %tmp_184 = zext i11 %tmp_108 to i64

ST_16: conv3_output_0_addr (154)  [1/1] 0.00ns  loc: accelerator_hls/components.cpp:524
meminst74.0:4  %conv3_output_0_addr = getelementptr [1536 x float]* %conv3_output_0, i64 0, i64 %tmp_184

ST_16: StgValue_147 (155)  [1/1] 3.25ns  loc: accelerator_hls/components.cpp:524
meminst74.0:5  store float 0.000000e+00, float* %conv3_output_0_addr, align 4

ST_16: tmp_130 (156)  [1/1] 2.07ns  loc: accelerator_hls/components.cpp:524
meminst74.0:6  %tmp_130 = icmp eq i2 %invdar14, -1

ST_16: empty_333 (157)  [1/1] 0.00ns
meminst74.0:7  %empty_333 = call i32 (...)* @_ssdm_op_SpecLoopName([20 x i8]* @memset_conv3_output_s) nounwind

ST_16: empty_334 (158)  [1/1] 0.00ns
meminst74.0:8  %empty_334 = call i32 (...)* @_ssdm_op_SpecLoopTripCount(i64 4, i64 4, i64 4)

ST_16: StgValue_151 (159)  [1/1] 0.00ns  loc: accelerator_hls/components.cpp:524
meminst74.0:9  br i1 %tmp_130, label %meminst7073.0, label %meminst74.0

ST_16: tmp_131 (161)  [1/1] 2.07ns  loc: accelerator_hls/components.cpp:524
meminst7073.0:0  %tmp_131 = icmp eq i2 %invdar13, -1

ST_16: empty_332 (162)  [1/1] 0.00ns
meminst7073.0:1  %empty_332 = call i32 (...)* @_ssdm_op_SpecLoopName([20 x i8]* @memset_conv3_output_s) nounwind

ST_16: StgValue_154 (163)  [1/1] 0.00ns  loc: accelerator_hls/components.cpp:524
meminst7073.0:2  br i1 %tmp_131, label %meminst6669.0, label %meminst70.0

ST_16: tmp_132 (165)  [1/1] 2.91ns  loc: accelerator_hls/components.cpp:524
meminst6669.0:0  %tmp_132 = icmp eq i7 %invdar12, -33

ST_16: empty_331 (166)  [1/1] 0.00ns
meminst6669.0:1  %empty_331 = call i32 (...)* @_ssdm_op_SpecLoopName([20 x i8]* @memset_conv3_output_s) nounwind

ST_16: StgValue_157 (167)  [1/1] 0.00ns  loc: accelerator_hls/components.cpp:524
meminst6669.0:2  br i1 %tmp_132, label %.preheader77.preheader, label %meminst66.0

ST_16: StgValue_158 (169)  [1/1] 1.59ns  loc: accelerator_hls/components.cpp:527
.preheader77.preheader:0  br label %.preheader77


 <State 17>: 2.91ns
ST_17: co (171)  [1/1] 0.00ns
.preheader77:0  %co = phi i7 [ %co_19, %.preheader77.loopexit ], [ 0, %.preheader77.preheader ]

ST_17: co_cast (172)  [1/1] 0.00ns  loc: accelerator_hls/components.cpp:527
.preheader77:1  %co_cast = zext i7 %co to i8

ST_17: exitcond2 (173)  [1/1] 2.91ns  loc: accelerator_hls/components.cpp:527
.preheader77:2  %exitcond2 = icmp eq i7 %co, -32

ST_17: empty_337 (174)  [1/1] 0.00ns
.preheader77:3  %empty_337 = call i32 (...)* @_ssdm_op_SpecLoopTripCount(i64 96, i64 96, i64 96)

ST_17: co_19 (175)  [1/1] 2.32ns  loc: accelerator_hls/components.cpp:527
.preheader77:4  %co_19 = add i7 %co, 1

ST_17: StgValue_164 (176)  [1/1] 0.00ns  loc: accelerator_hls/components.cpp:527
.preheader77:5  br i1 %exitcond2, label %1, label %.preheader3.preheader

ST_17: tmp_133 (178)  [1/1] 2.32ns  loc: accelerator_hls/components.cpp:530
.preheader3.preheader:0  %tmp_133 = add i8 %co_cast, 96

ST_17: tmp_185 (179)  [1/1] 0.00ns  loc: accelerator_hls/components.cpp:530
.preheader3.preheader:1  %tmp_185 = call i10 @_ssdm_op_BitConcatenate.i10.i8.i2(i8 %tmp_133, i2 0)

ST_17: tmp_307_cast (180)  [1/1] 0.00ns  loc: accelerator_hls/components.cpp:530
.preheader3.preheader:2  %tmp_307_cast = zext i10 %tmp_185 to i11

ST_17: tmp_186 (181)  [1/1] 0.00ns  loc: accelerator_hls/components.cpp:527
.preheader3.preheader:3  %tmp_186 = call i9 @_ssdm_op_BitConcatenate.i9.i7.i2(i7 %co, i2 0)

ST_17: tmp_309_cast (182)  [1/1] 0.00ns  loc: accelerator_hls/components.cpp:528
.preheader3.preheader:4  %tmp_309_cast = zext i9 %tmp_186 to i10

ST_17: StgValue_170 (183)  [1/1] 1.59ns  loc: accelerator_hls/components.cpp:528
.preheader3.preheader:5  br label %.preheader3

ST_17: StgValue_171 (225)  [2/2] 1.59ns  loc: accelerator_hls/components.cpp:536
:0  call fastcc void @subconv_1x1_419([1536 x float]* %right_part_0, [9216 x float]* %conv1_weight, [96 x float]* %conv1_bias, [1536 x float]* %conv1_output_0)


 <State 18>: 2.32ns
ST_18: h (185)  [1/1] 0.00ns
.preheader3:0  %h = phi i3 [ 0, %.preheader3.preheader ], [ %h_19, %.preheader3.loopexit ]

ST_18: exitcond1 (186)  [1/1] 2.07ns  loc: accelerator_hls/components.cpp:528
.preheader3:1  %exitcond1 = icmp eq i3 %h, -4

ST_18: empty_338 (187)  [1/1] 0.00ns
.preheader3:2  %empty_338 = call i32 (...)* @_ssdm_op_SpecLoopTripCount(i64 4, i64 4, i64 4)

ST_18: h_19 (188)  [1/1] 2.26ns  loc: accelerator_hls/components.cpp:528
.preheader3:3  %h_19 = add i3 %h, 1

ST_18: StgValue_176 (189)  [1/1] 0.00ns  loc: accelerator_hls/components.cpp:528
.preheader3:4  br i1 %exitcond1, label %.preheader77.loopexit, label %.preheader.preheader

ST_18: tmp_134_cast1 (191)  [1/1] 0.00ns  loc: accelerator_hls/components.cpp:530
.preheader.preheader:0  %tmp_134_cast1 = zext i3 %h to i10

ST_18: tmp_134_cast (192)  [1/1] 0.00ns  loc: accelerator_hls/components.cpp:530
.preheader.preheader:1  %tmp_134_cast = zext i3 %h to i11

ST_18: tmp_187 (193)  [1/1] 2.32ns  loc: accelerator_hls/components.cpp:530
.preheader.preheader:2  %tmp_187 = add i11 %tmp_307_cast, %tmp_134_cast

ST_18: tmp_312_cast (194)  [1/1] 0.00ns  loc: accelerator_hls/components.cpp:531
.preheader.preheader:3  %tmp_312_cast = call i13 @_ssdm_op_BitConcatenate.i13.i11.i2(i11 %tmp_187, i2 0)

ST_18: tmp_188 (195)  [1/1] 2.32ns  loc: accelerator_hls/components.cpp:531
.preheader.preheader:4  %tmp_188 = add i10 %tmp_309_cast, %tmp_134_cast1

ST_18: tmp_109 (196)  [1/1] 0.00ns  loc: accelerator_hls/components.cpp:531
.preheader.preheader:5  %tmp_109 = call i12 @_ssdm_op_BitConcatenate.i12.i10.i2(i10 %tmp_188, i2 0)

ST_18: tmp_315_cast (197)  [1/1] 0.00ns  loc: accelerator_hls/components.cpp:529
.preheader.preheader:6  %tmp_315_cast = zext i12 %tmp_109 to i13

ST_18: StgValue_184 (198)  [1/1] 1.59ns  loc: accelerator_hls/components.cpp:529
.preheader.preheader:7  br label %.preheader

ST_18: StgValue_185 (223)  [1/1] 0.00ns
.preheader77.loopexit:0  br label %.preheader77


 <State 19>: 5.59ns
ST_19: w (200)  [1/1] 0.00ns
.preheader:0  %w = phi i3 [ %w_19, %0 ], [ 0, %.preheader.preheader ]

ST_19: exitcond (201)  [1/1] 2.07ns  loc: accelerator_hls/components.cpp:529
.preheader:1  %exitcond = icmp eq i3 %w, -4

ST_19: empty_339 (202)  [1/1] 0.00ns
.preheader:2  %empty_339 = call i32 (...)* @_ssdm_op_SpecLoopTripCount(i64 4, i64 4, i64 4)

ST_19: w_19 (203)  [1/1] 2.26ns  loc: accelerator_hls/components.cpp:529
.preheader:3  %w_19 = add i3 %w, 1

ST_19: StgValue_190 (204)  [1/1] 0.00ns  loc: accelerator_hls/components.cpp:529
.preheader:4  br i1 %exitcond, label %.preheader3.loopexit, label %0

ST_19: tmp_135_cast (206)  [1/1] 0.00ns  loc: accelerator_hls/components.cpp:530
:0  %tmp_135_cast = zext i3 %w to i13

ST_19: tmp_189 (207)  [1/1] 2.34ns  loc: accelerator_hls/components.cpp:530
:1  %tmp_189 = add i13 %tmp_312_cast, %tmp_135_cast

ST_19: tmp_316_cast (208)  [1/1] 0.00ns  loc: accelerator_hls/components.cpp:530
:2  %tmp_316_cast = zext i13 %tmp_189 to i64

ST_19: input_addr (209)  [1/1] 0.00ns  loc: accelerator_hls/components.cpp:530
:3  %input_addr = getelementptr [3072 x float]* %input_r, i64 0, i64 %tmp_316_cast

ST_19: tmp_190 (210)  [1/1] 2.33ns  loc: accelerator_hls/components.cpp:531
:4  %tmp_190 = add i13 %tmp_315_cast, %tmp_135_cast

ST_19: tmp_317_cast (211)  [1/1] 0.00ns  loc: accelerator_hls/components.cpp:531
:5  %tmp_317_cast = zext i13 %tmp_190 to i64

ST_19: input_addr_1 (212)  [1/1] 0.00ns  loc: accelerator_hls/components.cpp:531
:6  %input_addr_1 = getelementptr [3072 x float]* %input_r, i64 0, i64 %tmp_317_cast

ST_19: input_load (215)  [2/2] 3.25ns  loc: accelerator_hls/components.cpp:530
:9  %input_load = load float* %input_addr, align 4

ST_19: input_load_1 (217)  [2/2] 3.25ns  loc: accelerator_hls/components.cpp:531
:11  %input_load_1 = load float* %input_addr_1, align 4

ST_19: StgValue_200 (221)  [1/1] 0.00ns
.preheader3.loopexit:0  br label %.preheader3


 <State 20>: 6.51ns
ST_20: left_part_0_addr_1 (213)  [1/1] 0.00ns  loc: accelerator_hls/components.cpp:531
:7  %left_part_0_addr_1 = getelementptr [1536 x float]* %left_part_0, i64 0, i64 %tmp_317_cast

ST_20: right_part_0_addr_1 (214)  [1/1] 0.00ns  loc: accelerator_hls/components.cpp:530
:8  %right_part_0_addr_1 = getelementptr [1536 x float]* %right_part_0, i64 0, i64 %tmp_317_cast

ST_20: input_load (215)  [1/2] 3.25ns  loc: accelerator_hls/components.cpp:530
:9  %input_load = load float* %input_addr, align 4

ST_20: StgValue_204 (216)  [1/1] 3.25ns  loc: accelerator_hls/components.cpp:530
:10  store float %input_load, float* %right_part_0_addr_1, align 4

ST_20: input_load_1 (217)  [1/2] 3.25ns  loc: accelerator_hls/components.cpp:531
:11  %input_load_1 = load float* %input_addr_1, align 4

ST_20: StgValue_206 (218)  [1/1] 3.25ns  loc: accelerator_hls/components.cpp:531
:12  store float %input_load_1, float* %left_part_0_addr_1, align 4

ST_20: StgValue_207 (219)  [1/1] 0.00ns  loc: accelerator_hls/components.cpp:529
:13  br label %.preheader


 <State 21>: 0.00ns
ST_21: StgValue_208 (225)  [1/2] 0.00ns  loc: accelerator_hls/components.cpp:536
:0  call fastcc void @subconv_1x1_419([1536 x float]* %right_part_0, [9216 x float]* %conv1_weight, [96 x float]* %conv1_bias, [1536 x float]* %conv1_output_0)


 <State 22>: 0.00ns
ST_22: StgValue_209 (226)  [2/2] 0.00ns  loc: accelerator_hls/components.cpp:540
:1  call fastcc void @subconv_3x3_4_no_rel([1536 x float]* %conv1_output_0, [864 x float]* %conv2_weight, [96 x float]* %conv2_bias, [1536 x float]* %conv2_output_0)


 <State 23>: 0.00ns
ST_23: StgValue_210 (226)  [1/2] 0.00ns  loc: accelerator_hls/components.cpp:540
:1  call fastcc void @subconv_3x3_4_no_rel([1536 x float]* %conv1_output_0, [864 x float]* %conv2_weight, [96 x float]* %conv2_bias, [1536 x float]* %conv2_output_0)


 <State 24>: 1.59ns
ST_24: StgValue_211 (227)  [2/2] 1.59ns  loc: accelerator_hls/components.cpp:542
:2  call fastcc void @subconv_1x1_419([1536 x float]* %conv2_output_0, [9216 x float]* %conv3_weight, [96 x float]* %conv3_bias, [1536 x float]* %conv3_output_0)


 <State 25>: 0.00ns
ST_25: StgValue_212 (227)  [1/2] 0.00ns  loc: accelerator_hls/components.cpp:542
:2  call fastcc void @subconv_1x1_419([1536 x float]* %conv2_output_0, [9216 x float]* %conv3_weight, [96 x float]* %conv3_bias, [1536 x float]* %conv3_output_0)


 <State 26>: 0.00ns
ST_26: StgValue_213 (228)  [2/2] 0.00ns  loc: accelerator_hls/components.cpp:544
:3  call fastcc void @shuffle_9621([1536 x float]* %left_part_0, [1536 x float]* %conv3_output_0, [3072 x float]* %output_r)


 <State 27>: 0.00ns
ST_27: StgValue_214 (228)  [1/2] 0.00ns  loc: accelerator_hls/components.cpp:544
:3  call fastcc void @shuffle_9621([1536 x float]* %left_part_0, [1536 x float]* %conv3_output_0, [3072 x float]* %output_r)

ST_27: StgValue_215 (229)  [1/1] 0.00ns  loc: accelerator_hls/components.cpp:545
:4  ret void



============================================================
+ Verbose Summary: Timing violations
============================================================
Target clock period: 10ns, clock uncertainty: 1.25ns.

 <State 1>: 1.59ns
The critical path consists of the following:
	multiplexor before 'phi' operation ('invdar6', accelerator_hls/components.cpp:520) with incoming values : ('indvarinc7', accelerator_hls/components.cpp:520) [16]  (1.59 ns)

 <State 2>: 2.32ns
The critical path consists of the following:
	'phi' operation ('invdar6', accelerator_hls/components.cpp:520) with incoming values : ('indvarinc7', accelerator_hls/components.cpp:520) [16]  (0 ns)
	'add' operation ('indvarinc7', accelerator_hls/components.cpp:520) [17]  (2.32 ns)

 <State 3>: 2.17ns
The critical path consists of the following:
	'phi' operation ('invdar1', accelerator_hls/components.cpp:520) with incoming values : ('indvarinc1', accelerator_hls/components.cpp:520) [21]  (0 ns)
	'add' operation ('indvarinc1', accelerator_hls/components.cpp:520) [22]  (2.17 ns)

 <State 4>: 3.25ns
The critical path consists of the following:
	'phi' operation ('invdar2', accelerator_hls/components.cpp:520) with incoming values : ('indvarinc2', accelerator_hls/components.cpp:520) [26]  (0 ns)
	'getelementptr' operation ('left_part_0_addr', accelerator_hls/components.cpp:520) [30]  (0 ns)
	'store' operation (accelerator_hls/components.cpp:520) of constant 0 on array 'left_part[0]', accelerator_hls/components.cpp:520 [31]  (3.25 ns)

 <State 5>: 2.32ns
The critical path consists of the following:
	'phi' operation ('invdar4', accelerator_hls/components.cpp:521) with incoming values : ('indvarinc4', accelerator_hls/components.cpp:521) [47]  (0 ns)
	'add' operation ('indvarinc4', accelerator_hls/components.cpp:521) [48]  (2.32 ns)

 <State 6>: 2.17ns
The critical path consists of the following:
	'phi' operation ('invdar5', accelerator_hls/components.cpp:521) with incoming values : ('indvarinc5', accelerator_hls/components.cpp:521) [52]  (0 ns)
	'add' operation ('indvarinc5', accelerator_hls/components.cpp:521) [53]  (2.17 ns)

 <State 7>: 3.25ns
The critical path consists of the following:
	'phi' operation ('invdar7', accelerator_hls/components.cpp:521) with incoming values : ('indvarinc6', accelerator_hls/components.cpp:521) [57]  (0 ns)
	'getelementptr' operation ('right_part_0_addr', accelerator_hls/components.cpp:521) [61]  (0 ns)
	'store' operation (accelerator_hls/components.cpp:521) of constant 0 on array 'right_part[0]', accelerator_hls/components.cpp:521 [62]  (3.25 ns)

 <State 8>: 2.32ns
The critical path consists of the following:
	'phi' operation ('invdar9', accelerator_hls/components.cpp:522) with incoming values : ('indvarinc9', accelerator_hls/components.cpp:522) [78]  (0 ns)
	'add' operation ('indvarinc9', accelerator_hls/components.cpp:522) [79]  (2.32 ns)

 <State 9>: 2.17ns
The critical path consists of the following:
	'phi' operation ('invdar', accelerator_hls/components.cpp:522) with incoming values : ('indvarinc', accelerator_hls/components.cpp:522) [83]  (0 ns)
	'add' operation ('indvarinc', accelerator_hls/components.cpp:522) [84]  (2.17 ns)

 <State 10>: 3.25ns
The critical path consists of the following:
	'phi' operation ('invdar3', accelerator_hls/components.cpp:522) with incoming values : ('indvarinc3', accelerator_hls/components.cpp:522) [88]  (0 ns)
	'getelementptr' operation ('conv1_output_0_addr', accelerator_hls/components.cpp:522) [92]  (0 ns)
	'store' operation (accelerator_hls/components.cpp:522) of constant 0 on array 'conv1_output[0]', accelerator_hls/components.cpp:522 [93]  (3.25 ns)

 <State 11>: 2.32ns
The critical path consists of the following:
	'phi' operation ('invdar8', accelerator_hls/components.cpp:523) with incoming values : ('indvarinc8', accelerator_hls/components.cpp:523) [109]  (0 ns)
	'add' operation ('indvarinc8', accelerator_hls/components.cpp:523) [110]  (2.32 ns)

 <State 12>: 2.17ns
The critical path consists of the following:
	'phi' operation ('invdar10', accelerator_hls/components.cpp:523) with incoming values : ('indvarinc10', accelerator_hls/components.cpp:523) [114]  (0 ns)
	'add' operation ('indvarinc10', accelerator_hls/components.cpp:523) [115]  (2.17 ns)

 <State 13>: 3.25ns
The critical path consists of the following:
	'phi' operation ('invdar11', accelerator_hls/components.cpp:523) with incoming values : ('indvarinc11', accelerator_hls/components.cpp:523) [119]  (0 ns)
	'getelementptr' operation ('conv2_output_0_addr', accelerator_hls/components.cpp:523) [123]  (0 ns)
	'store' operation (accelerator_hls/components.cpp:523) of constant 0 on array 'conv2_output[0]', accelerator_hls/components.cpp:523 [124]  (3.25 ns)

 <State 14>: 2.32ns
The critical path consists of the following:
	'phi' operation ('invdar12', accelerator_hls/components.cpp:524) with incoming values : ('indvarinc12', accelerator_hls/components.cpp:524) [140]  (0 ns)
	'add' operation ('indvarinc12', accelerator_hls/components.cpp:524) [141]  (2.32 ns)

 <State 15>: 2.17ns
The critical path consists of the following:
	'phi' operation ('invdar13', accelerator_hls/components.cpp:524) with incoming values : ('indvarinc13', accelerator_hls/components.cpp:524) [145]  (0 ns)
	'add' operation ('indvarinc13', accelerator_hls/components.cpp:524) [146]  (2.17 ns)

 <State 16>: 3.25ns
The critical path consists of the following:
	'phi' operation ('invdar14', accelerator_hls/components.cpp:524) with incoming values : ('indvarinc14', accelerator_hls/components.cpp:524) [150]  (0 ns)
	'getelementptr' operation ('conv3_output_0_addr', accelerator_hls/components.cpp:524) [154]  (0 ns)
	'store' operation (accelerator_hls/components.cpp:524) of constant 0 on array 'conv3_output[0]', accelerator_hls/components.cpp:524 [155]  (3.25 ns)

 <State 17>: 2.91ns
The critical path consists of the following:
	'phi' operation ('co') with incoming values : ('co', accelerator_hls/components.cpp:527) [171]  (0 ns)
	'icmp' operation ('exitcond2', accelerator_hls/components.cpp:527) [173]  (2.91 ns)

 <State 18>: 2.32ns
The critical path consists of the following:
	'phi' operation ('h') with incoming values : ('h', accelerator_hls/components.cpp:528) [185]  (0 ns)
	'add' operation ('tmp_187', accelerator_hls/components.cpp:530) [193]  (2.32 ns)

 <State 19>: 5.59ns
The critical path consists of the following:
	'phi' operation ('w') with incoming values : ('w', accelerator_hls/components.cpp:529) [200]  (0 ns)
	'add' operation ('tmp_189', accelerator_hls/components.cpp:530) [207]  (2.34 ns)
	'getelementptr' operation ('input_addr', accelerator_hls/components.cpp:530) [209]  (0 ns)
	'load' operation ('input_load', accelerator_hls/components.cpp:530) on array 'input_r' [215]  (3.25 ns)

 <State 20>: 6.51ns
The critical path consists of the following:
	'load' operation ('input_load', accelerator_hls/components.cpp:530) on array 'input_r' [215]  (3.25 ns)
	'store' operation (accelerator_hls/components.cpp:530) of variable 'input_load', accelerator_hls/components.cpp:530 on array 'right_part[0]', accelerator_hls/components.cpp:521 [216]  (3.25 ns)

 <State 21>: 0ns
The critical path consists of the following:

 <State 22>: 0ns
The critical path consists of the following:

 <State 23>: 0ns
The critical path consists of the following:

 <State 24>: 1.59ns
The critical path consists of the following:
	'call' operation (accelerator_hls/components.cpp:542) to 'subconv_1x1_419' [227]  (1.59 ns)

 <State 25>: 0ns
The critical path consists of the following:

 <State 26>: 0ns
The critical path consists of the following:

 <State 27>: 0ns
The critical path consists of the following:


============================================================
+ Verbose Summary: Binding
============================================================
N/A
* FSMD analyzer results:
  - Output states:
 - Input state : 
  - Chain level:
	State 1
	State 2
	State 3
	State 4
	State 5
	State 6
	State 7
	State 8
	State 9
	State 10
	State 11
	State 12
	State 13
	State 14
	State 15
	State 16
	State 17
	State 18
	State 19
	State 20
	State 21
	State 22
	State 23
	State 24
	State 25
	State 26
	State 27


============================================================
+ Verbose Summary: Datapath Resource usage 
============================================================
N/A
