03:17:37 **** Clean-only build of configuration Release for project lenet_cnn_demo ****
make clean 
rm -rf  ./src/main.d  ./src/main.o ./src/platform.o  ./src/platform.d  lenet_cnn_demo.elf.size  lenet_cnn_demo.elf
 

03:17:38 Build Finished (took 313ms)

03:17:38 **** Incremental Build of configuration Release for project lenet_cnn_demo ****
make pre-build main-build 
a9-linaro-pre-build-step
 
Building file: ../src/main.cc
Invoking: ARM v7 g++ compiler
arm-none-eabi-g++ -Wall -O2 -c -fmessage-length=0 -MT"src/main.o" -mcpu=cortex-a9 -mfpu=vfpv3 -mfloat-abi=hard -I../../standalone_bsp_0/ps7_cortexa9_0/include -MMD -MP -MF"src/main.d" -MT"src/main.o" -o "src/main.o" "../src/main.cc"
../src/main.cc: In function 'int main(int, char**)':
../src/main.cc:443:16: warning: ISO C++ forbids converting a string constant to 'TCHAR* {aka char*}' [-Wwrite-strings]
  TCHAR *Path = "0:/";
                ^~~~~
../src/main.cc:528:34: warning: ISO C++ forbids converting a string constant to 'char*' [-Wwrite-strings]
  parse_pic_parameters("plane.bin");
                                  ^
../src/main.cc:533:50: warning: ISO C++ forbids converting a string constant to 'char*' [-Wwrite-strings]
  parse_shuffle_conv_1x1_parameters("shuffle1.bin");
                                                  ^
../src/main.cc:536:50: warning: ISO C++ forbids converting a string constant to 'char*' [-Wwrite-strings]
  parse_shuffle_conv_3x3_parameters("shuffle3.bin");
                                                  ^
../src/main.cc:539:43: warning: ISO C++ forbids converting a string constant to 'char*' [-Wwrite-strings]
  parse_conv1_weight_parameters("conv1.bin");
                                           ^
../src/main.cc:542:34: warning: ISO C++ forbids converting a string constant to 'char*' [-Wwrite-strings]
  parse_bias_parameters("bias.bin");
                                  ^
../src/main.cc:545:50: warning: ISO C++ forbids converting a string constant to 'char*' [-Wwrite-strings]
  parse_conv_last_weight_parameters("convlast.bin");
                                                  ^
../src/main.cc:548:42: warning: ISO C++ forbids converting a string constant to 'char*' [-Wwrite-strings]
  parse_conv_fc_weight_parameters("fc.bin");
                                          ^
../src/main.cc:560:7: warning: unused variable 'kkkk' [-Wunused-variable]
   int kkkk = 0;
       ^~~~
Finished building: ../src/main.cc
 
Building file: ../src/platform.c
Invoking: ARM v7 g++ compiler
arm-none-eabi-g++ -Wall -O2 -c -fmessage-length=0 -MT"src/platform.o" -mcpu=cortex-a9 -mfpu=vfpv3 -mfloat-abi=hard -I../../standalone_bsp_0/ps7_cortexa9_0/include -MMD -MP -MF"src/platform.d" -MT"src/platform.o" -o "src/platform.o" "../src/platform.c"
Finished building: ../src/platform.c
 
Building target: lenet_cnn_demo.elf
Invoking: ARM v7 g++ linker
arm-none-eabi-g++ -mcpu=cortex-a9 -mfpu=vfpv3 -mfloat-abi=hard -Wl,-build-id=none -specs=Xilinx.spec -Wl,-T -Wl,../src/lscript.ld -L../../standalone_bsp_0/ps7_cortexa9_0/lib -o "lenet_cnn_demo.elf"  ./src/main.o ./src/platform.o   -Wl,--start-group,-lxil,-lgcc,-lc,-lstdc++,--end-group -Wl,--start-group,-lxilffs,-lxil,-lgcc,-lc,--end-group
Finished building target: lenet_cnn_demo.elf
 
Invoking: ARM v7 Print Size
arm-none-eabi-size lenet_cnn_demo.elf  |tee "lenet_cnn_demo.elf.size"
   text	   data	    bss	    dec	    hex	filename
 807707	   2900	68134624	68945231	41c054f	lenet_cnn_demo.elf
Finished building: lenet_cnn_demo.elf.size
 
03:17:39 **** Incremental Build of configuration Debug for project lenet_cnn_demo ****
make pre-build main-build 
a9-linaro-pre-build-step
 
make: 对“main-build”无需做任何事。
03:17:49 **** Incremental Build of configuration Debug for project sd_card_demo ****
make pre-build main-build 
a9-linaro-pre-build-step
 
make: 对“main-build”无需做任何事。
03:17:50 **** Incremental Build of configuration Debug for project lenet_cnn_demo ****
make pre-build main-build 
a9-linaro-pre-build-step
 
make: 对“main-build”无需做任何事。
03:17:51 **** Incremental Build of configuration Debug for project hello_world ****
make pre-build main-build 
a9-linaro-pre-build-step
 
make: 对“main-build”无需做任何事。
03:17:52 **** Incremental Build of configuration Debug for project accelerator_demo ****
make pre-build main-build 
a9-linaro-pre-build-step
 
Building file: ../src/main.c
Invoking: ARM v7 gcc compiler
arm-none-eabi-gcc -Wall -O0 -g3 -c -fmessage-length=0 -MT"src/main.o" -mcpu=cortex-a9 -mfpu=vfpv3 -mfloat-abi=hard -I../../standalone_bsp_0/ps7_cortexa9_0/include -MMD -MP -MF"src/main.d" -MT"src/main.o" -o "src/main.o" "../src/main.c"
../src/main.c:12:32: fatal error: xvector_multiplier.h: No such file or directory
 #include "xvector_multiplier.h"
                                ^
compilation terminated.
src/subdir.mk:24: recipe for target 'src/main.o' failed
make: *** [src/main.o] Error 1
03:19:42 **** Auto Build of configuration Debug for project lenet_cnn_demo ****
make pre-build main-build 
a9-linaro-pre-build-step
 
Building file: ../src/main.cc
Invoking: ARM v7 g++ compiler
arm-none-eabi-g++ -Wall -O0 -g3 -c -fmessage-length=0 -MT"src/main.o" -mcpu=cortex-a9 -mfpu=vfpv3 -mfloat-abi=hard -I../../standalone_bsp_0/ps7_cortexa9_0/include -MMD -MP -MF"src/main.d" -MT"src/main.o" -o "src/main.o" "../src/main.cc"
../src/main.cc: In function 'int main(int, char**)':
../src/main.cc:443:16: warning: ISO C++ forbids converting a string constant to 'TCHAR* {aka char*}' [-Wwrite-strings]
  TCHAR *Path = "0:/";
                ^~~~~
../src/main.cc:521:34: warning: ISO C++ forbids converting a string constant to 'char*' [-Wwrite-strings]
  parse_pic_parameters("plane.bin");
                                  ^
../src/main.cc:526:50: warning: ISO C++ forbids converting a string constant to 'char*' [-Wwrite-strings]
  parse_shuffle_conv_1x1_parameters("shuffle1.bin");
                                                  ^
../src/main.cc:529:50: warning: ISO C++ forbids converting a string constant to 'char*' [-Wwrite-strings]
  parse_shuffle_conv_3x3_parameters("shuffle3.bin");
                                                  ^
../src/main.cc:532:43: warning: ISO C++ forbids converting a string constant to 'char*' [-Wwrite-strings]
  parse_conv1_weight_parameters("conv1.bin");
                                           ^
../src/main.cc:535:34: warning: ISO C++ forbids converting a string constant to 'char*' [-Wwrite-strings]
  parse_bias_parameters("bias.bin");
                                  ^
../src/main.cc:538:50: warning: ISO C++ forbids converting a string constant to 'char*' [-Wwrite-strings]
  parse_conv_last_weight_parameters("convlast.bin");
                                                  ^
../src/main.cc:541:42: warning: ISO C++ forbids converting a string constant to 'char*' [-Wwrite-strings]
  parse_conv_fc_weight_parameters("fc.bin");
                                          ^
../src/main.cc:562:7: warning: unused variable 'kkkk' [-Wunused-variable]
   int kkkk = 0;
       ^~~~
Finished building: ../src/main.cc
 
Building target: lenet_cnn_demo.elf
Invoking: ARM v7 g++ linker
arm-none-eabi-g++ -mcpu=cortex-a9 -mfpu=vfpv3 -mfloat-abi=hard -Wl,-build-id=none -specs=Xilinx.spec -Wl,-T -Wl,../src/lscript.ld -L../../standalone_bsp_0/ps7_cortexa9_0/lib -o "lenet_cnn_demo.elf"  ./src/main.o ./src/platform.o   -Wl,--start-group,-lxil,-lgcc,-lc,-lstdc++,--end-group -Wl,--start-group,-lxilffs,-lxil,-lgcc,-lc,--end-group
Finished building target: lenet_cnn_demo.elf
 
Invoking: ARM v7 Print Size
arm-none-eabi-size lenet_cnn_demo.elf  |tee "lenet_cnn_demo.elf.size"
   text	   data	    bss	    dec	    hex	filename
 808891	   2900	68134656	68946447	41c0a0f	lenet_cnn_demo.elf
Finished building: lenet_cnn_demo.elf.size
 
03:19:45 **** Auto Build of configuration Debug for project lenet_cnn_demo ****
make pre-build main-build 
a9-linaro-pre-build-step
 
Building file: ../src/main.cc
Invoking: ARM v7 g++ compiler
arm-none-eabi-g++ -Wall -O0 -g3 -c -fmessage-length=0 -MT"src/main.o" -mcpu=cortex-a9 -mfpu=vfpv3 -mfloat-abi=hard -I../../standalone_bsp_0/ps7_cortexa9_0/include -MMD -MP -MF"src/main.d" -MT"src/main.o" -o "src/main.o" "../src/main.cc"
../src/main.cc: In function 'int main(int, char**)':
../src/main.cc:443:16: warning: ISO C++ forbids converting a string constant to 'TCHAR* {aka char*}' [-Wwrite-strings]
  TCHAR *Path = "0:/";
                ^~~~~
../src/main.cc:521:34: warning: ISO C++ forbids converting a string constant to 'char*' [-Wwrite-strings]
  parse_pic_parameters("plane.bin");
                                  ^
../src/main.cc:526:50: warning: ISO C++ forbids converting a string constant to 'char*' [-Wwrite-strings]
  parse_shuffle_conv_1x1_parameters("shuffle1.bin");
                                                  ^
../src/main.cc:529:50: warning: ISO C++ forbids converting a string constant to 'char*' [-Wwrite-strings]
  parse_shuffle_conv_3x3_parameters("shuffle3.bin");
                                                  ^
../src/main.cc:532:43: warning: ISO C++ forbids converting a string constant to 'char*' [-Wwrite-strings]
  parse_conv1_weight_parameters("conv1.bin");
                                           ^
../src/main.cc:535:34: warning: ISO C++ forbids converting a string constant to 'char*' [-Wwrite-strings]
  parse_bias_parameters("bias.bin");
                                  ^
../src/main.cc:538:50: warning: ISO C++ forbids converting a string constant to 'char*' [-Wwrite-strings]
  parse_conv_last_weight_parameters("convlast.bin");
                                                  ^
../src/main.cc:541:42: warning: ISO C++ forbids converting a string constant to 'char*' [-Wwrite-strings]
  parse_conv_fc_weight_parameters("fc.bin");
                                          ^
../src/main.cc:562:7: warning: unused variable 'kkkk' [-Wunused-variable]
   int kkkk = 0;
       ^~~~
Finished building: ../src/main.cc
 
Building target: lenet_cnn_demo.elf
Invoking: ARM v7 g++ linker
arm-none-eabi-g++ -mcpu=cortex-a9 -mfpu=vfpv3 -mfloat-abi=hard -Wl,-build-id=none -specs=Xilinx.spec -Wl,-T -Wl,../src/lscript.ld -L../../standalone_bsp_0/ps7_cortexa9_0/lib -o "lenet_cnn_demo.elf"  ./src/main.o ./src/platform.o   -Wl,--start-group,-lxil,-lgcc,-lc,-lstdc++,--end-group -Wl,--start-group,-lxilffs,-lxil,-lgcc,-lc,--end-group
Finished building target: lenet_cnn_demo.elf
 
Invoking: ARM v7 Print Size
arm-none-eabi-size lenet_cnn_demo.elf  |tee "lenet_cnn_demo.elf.size"
   text	   data	    bss	    dec	    hex	filename
 808891	   2900	68134656	68946447	41c0a0f	lenet_cnn_demo.elf
Finished building: lenet_cnn_demo.elf.size
 
03:19:54 **** Incremental Build of configuration Debug for project sd_card_demo ****
make pre-build main-build 
a9-linaro-pre-build-step
 
make: 对“main-build”无需做任何事。
03:19:55 **** Incremental Build of configuration Debug for project lenet_cnn_demo ****
make pre-build main-build 
a9-linaro-pre-build-step
 
make: 对“main-build”无需做任何事。
03:19:56 **** Incremental Build of configuration Debug for project hello_world ****
make pre-build main-build 
a9-linaro-pre-build-step
 
make: 对“main-build”无需做任何事。
03:19:57 **** Incremental Build of configuration Debug for project accelerator_demo ****
make pre-build main-build 
a9-linaro-pre-build-step
 
Building file: ../src/main.c
Invoking: ARM v7 gcc compiler
arm-none-eabi-gcc -Wall -O0 -g3 -c -fmessage-length=0 -MT"src/main.o" -mcpu=cortex-a9 -mfpu=vfpv3 -mfloat-abi=hard -I../../standalone_bsp_0/ps7_cortexa9_0/include -MMD -MP -MF"src/main.d" -MT"src/main.o" -o "src/main.o" "../src/main.c"
../src/main.c:12:32: fatal error: xvector_multiplier.h: No such file or directory
 #include "xvector_multiplier.h"
                                ^
compilation terminated.
src/subdir.mk:24: recipe for target 'src/main.o' failed
make: *** [src/main.o] Error 1
03:21:27 **** Auto Build of configuration Debug for project lenet_cnn_demo ****
make pre-build main-build 
a9-linaro-pre-build-step
 
Building file: ../src/main.cc
Invoking: ARM v7 g++ compiler
arm-none-eabi-g++ -Wall -O0 -g3 -c -fmessage-length=0 -MT"src/main.o" -mcpu=cortex-a9 -mfpu=vfpv3 -mfloat-abi=hard -I../../standalone_bsp_0/ps7_cortexa9_0/include -MMD -MP -MF"src/main.d" -MT"src/main.o" -o "src/main.o" "../src/main.cc"
../src/main.cc:19:22: fatal error: ap_fixed.h: No such file or directory
 #include <ap_fixed.h>
                      ^
compilation terminated.
src/subdir.mk:28: recipe for target 'src/main.o' failed
make: *** [src/main.o] Error 1
03:21:42 **** Auto Build of configuration Debug for project lenet_cnn_demo ****
make pre-build main-build 
a9-linaro-pre-build-step
 
Building file: ../src/main.cc
Invoking: ARM v7 g++ compiler
arm-none-eabi-g++ -Wall -O0 -g3 -c -fmessage-length=0 -MT"src/main.o" -mcpu=cortex-a9 -mfpu=vfpv3 -mfloat-abi=hard -I../../standalone_bsp_0/ps7_cortexa9_0/include -MMD -MP -MF"src/main.d" -MT"src/main.o" -o "src/main.o" "../src/main.cc"
../src/main.cc: In function 'int main(int, char**)':
../src/main.cc:443:16: warning: ISO C++ forbids converting a string constant to 'TCHAR* {aka char*}' [-Wwrite-strings]
  TCHAR *Path = "0:/";
                ^~~~~
../src/main.cc:521:34: warning: ISO C++ forbids converting a string constant to 'char*' [-Wwrite-strings]
  parse_pic_parameters("plane.bin");
                                  ^
../src/main.cc:526:50: warning: ISO C++ forbids converting a string constant to 'char*' [-Wwrite-strings]
  parse_shuffle_conv_1x1_parameters("shuffle1.bin");
                                                  ^
../src/main.cc:529:50: warning: ISO C++ forbids converting a string constant to 'char*' [-Wwrite-strings]
  parse_shuffle_conv_3x3_parameters("shuffle3.bin");
                                                  ^
../src/main.cc:532:43: warning: ISO C++ forbids converting a string constant to 'char*' [-Wwrite-strings]
  parse_conv1_weight_parameters("conv1.bin");
                                           ^
../src/main.cc:535:34: warning: ISO C++ forbids converting a string constant to 'char*' [-Wwrite-strings]
  parse_bias_parameters("bias.bin");
                                  ^
../src/main.cc:538:50: warning: ISO C++ forbids converting a string constant to 'char*' [-Wwrite-strings]
  parse_conv_last_weight_parameters("convlast.bin");
                                                  ^
../src/main.cc:541:42: warning: ISO C++ forbids converting a string constant to 'char*' [-Wwrite-strings]
  parse_conv_fc_weight_parameters("fc.bin");
                                          ^
../src/main.cc:562:7: warning: unused variable 'kkkk' [-Wunused-variable]
   int kkkk = 0;
       ^~~~
Finished building: ../src/main.cc
 
Building target: lenet_cnn_demo.elf
Invoking: ARM v7 g++ linker
arm-none-eabi-g++ -mcpu=cortex-a9 -mfpu=vfpv3 -mfloat-abi=hard -Wl,-build-id=none -specs=Xilinx.spec -Wl,-T -Wl,../src/lscript.ld -L../../standalone_bsp_0/ps7_cortexa9_0/lib -o "lenet_cnn_demo.elf"  ./src/main.o ./src/platform.o   -Wl,--start-group,-lxil,-lgcc,-lc,-lstdc++,--end-group -Wl,--start-group,-lxilffs,-lxil,-lgcc,-lc,--end-group
Finished building target: lenet_cnn_demo.elf
 
Invoking: ARM v7 Print Size
arm-none-eabi-size lenet_cnn_demo.elf  |tee "lenet_cnn_demo.elf.size"
   text	   data	    bss	    dec	    hex	filename
 808891	   2900	68134656	68946447	41c0a0f	lenet_cnn_demo.elf
Finished building: lenet_cnn_demo.elf.size
 
03:25:39 **** Auto Build of configuration Debug for project lenet_cnn_demo ****
make pre-build main-build 
a9-linaro-pre-build-step
 
Building file: ../src/main.cc
Invoking: ARM v7 g++ compiler
arm-none-eabi-g++ -Wall -O0 -g3 -c -fmessage-length=0 -MT"src/main.o" -mcpu=cortex-a9 -mfpu=vfpv3 -mfloat-abi=hard -I../../standalone_bsp_0/ps7_cortexa9_0/include -MMD -MP -MF"src/main.d" -MT"src/main.o" -o "src/main.o" "../src/main.cc"
../src/main.cc: In function 'int main(int, char**)':
../src/main.cc:443:16: warning: ISO C++ forbids converting a string constant to 'TCHAR* {aka char*}' [-Wwrite-strings]
  TCHAR *Path = "0:/";
                ^~~~~
../src/main.cc:521:34: warning: ISO C++ forbids converting a string constant to 'char*' [-Wwrite-strings]
  parse_pic_parameters("plane.bin");
                                  ^
../src/main.cc:526:50: warning: ISO C++ forbids converting a string constant to 'char*' [-Wwrite-strings]
  parse_shuffle_conv_1x1_parameters("shuffle1.bin");
                                                  ^
../src/main.cc:529:50: warning: ISO C++ forbids converting a string constant to 'char*' [-Wwrite-strings]
  parse_shuffle_conv_3x3_parameters("shuffle3.bin");
                                                  ^
../src/main.cc:532:43: warning: ISO C++ forbids converting a string constant to 'char*' [-Wwrite-strings]
  parse_conv1_weight_parameters("conv1.bin");
                                           ^
../src/main.cc:535:34: warning: ISO C++ forbids converting a string constant to 'char*' [-Wwrite-strings]
  parse_bias_parameters("bias.bin");
                                  ^
../src/main.cc:538:50: warning: ISO C++ forbids converting a string constant to 'char*' [-Wwrite-strings]
  parse_conv_last_weight_parameters("convlast.bin");
                                                  ^
../src/main.cc:541:42: warning: ISO C++ forbids converting a string constant to 'char*' [-Wwrite-strings]
  parse_conv_fc_weight_parameters("fc.bin");
                                          ^
../src/main.cc:562:7: warning: unused variable 'kkkk' [-Wunused-variable]
   int kkkk = 0;
       ^~~~
Finished building: ../src/main.cc
 
Building target: lenet_cnn_demo.elf
Invoking: ARM v7 g++ linker
arm-none-eabi-g++ -mcpu=cortex-a9 -mfpu=vfpv3 -mfloat-abi=hard -Wl,-build-id=none -specs=Xilinx.spec -Wl,-T -Wl,../src/lscript.ld -L../../standalone_bsp_0/ps7_cortexa9_0/lib -o "lenet_cnn_demo.elf"  ./src/main.o ./src/platform.o   -Wl,--start-group,-lxil,-lgcc,-lc,-lstdc++,--end-group -Wl,--start-group,-lxilffs,-lxil,-lgcc,-lc,--end-group
Finished building target: lenet_cnn_demo.elf
 
Invoking: ARM v7 Print Size
arm-none-eabi-size lenet_cnn_demo.elf  |tee "lenet_cnn_demo.elf.size"
   text	   data	    bss	    dec	    hex	filename
 808891	   2900	67377472	68189263	4107c4f	lenet_cnn_demo.elf
Finished building: lenet_cnn_demo.elf.size
 
03:28:45 **** Incremental Build of configuration Debug for project sd_card_demo ****
make pre-build main-build 
a9-linaro-pre-build-step
 
make: 对“main-build”无需做任何事。
03:28:46 **** Incremental Build of configuration Debug for project lenet_cnn_demo ****
make pre-build main-build 
a9-linaro-pre-build-step
 
make: 对“main-build”无需做任何事。
03:28:47 **** Incremental Build of configuration Debug for project hello_world ****
make pre-build main-build 
a9-linaro-pre-build-step
 
make: 对“main-build”无需做任何事。
03:28:48 **** Incremental Build of configuration Debug for project accelerator_demo ****
make pre-build main-build 
a9-linaro-pre-build-step
 
Building file: ../src/main.c
Invoking: ARM v7 gcc compiler
arm-none-eabi-gcc -Wall -O0 -g3 -c -fmessage-length=0 -MT"src/main.o" -mcpu=cortex-a9 -mfpu=vfpv3 -mfloat-abi=hard -I../../standalone_bsp_0/ps7_cortexa9_0/include -MMD -MP -MF"src/main.d" -MT"src/main.o" -o "src/main.o" "../src/main.c"
../src/main.c:12:32: fatal error: xvector_multiplier.h: No such file or directory
 #include "xvector_multiplier.h"
                                ^
compilation terminated.
src/subdir.mk:24: recipe for target 'src/main.o' failed
make: *** [src/main.o] Error 1
03:32:24 **** Incremental Build of configuration Debug for project sd_card_demo ****
make pre-build main-build 
a9-linaro-pre-build-step
 
make: 对“main-build”无需做任何事。
03:32:25 **** Incremental Build of configuration Debug for project lenet_cnn_demo ****
make pre-build main-build 
a9-linaro-pre-build-step
 
make: 对“main-build”无需做任何事。
03:32:25 **** Incremental Build of configuration Debug for project hello_world ****
make pre-build main-build 
a9-linaro-pre-build-step
 
make: 对“main-build”无需做任何事。
03:32:26 **** Incremental Build of configuration Debug for project accelerator_demo ****
make pre-build main-build 
a9-linaro-pre-build-step
 
Building file: ../src/main.c
Invoking: ARM v7 gcc compiler
arm-none-eabi-gcc -Wall -O0 -g3 -c -fmessage-length=0 -MT"src/main.o" -mcpu=cortex-a9 -mfpu=vfpv3 -mfloat-abi=hard -I../../standalone_bsp_0/ps7_cortexa9_0/include -MMD -MP -MF"src/main.d" -MT"src/main.o" -o "src/main.o" "../src/main.c"
../src/main.c:12:32: fatal error: xvector_multiplier.h: No such file or directory
 #include "xvector_multiplier.h"
                                ^
compilation terminated.
make: *** [src/main.o] Error 1
src/subdir.mk:24: recipe for target 'src/main.o' failed
