

================================================================
== Vivado HLS Report for 'shuffle_24_p'
================================================================
* Date:           Fri Dec 21 00:11:53 2018

* Version:        2017.2 (Build 1909853 on Thu Jun 15 18:55:24 MDT 2017)
* Project:        acceleartor_hls_padding
* Solution:       optimization_sub_1x1+3x3
* Product family: zynq
* Target device:  xc7z020clg484-1


================================================================
== Performance Estimates
================================================================
+ Timing (ns): 
    * Summary: 
    +--------+-------+----------+------------+
    |  Clock | Target| Estimated| Uncertainty|
    +--------+-------+----------+------------+
    |ap_clk  |  10.00|      8.04|        1.25|
    +--------+-------+----------+------------+

+ Latency (clock cycles): 
    * Summary: 
    +-------+-------+-------+-------+---------+
    |    Latency    |    Interval   | Pipeline|
    |  min  |  max  |  min  |  max  |   Type  |
    +-------+-------+-------+-------+---------+
    |  48481|  48481|  48481|  48481|   none  |
    +-------+-------+-------+-------+---------+

    + Detail: 
        * Instance: 
        N/A

        * Loop: 
        +-----------------+-------+-------+----------+-----------+-----------+------+----------+
        |                 |    Latency    | Iteration|  Initiation Interval  | Trip |          |
        |    Loop Name    |  min  |  max  |  Latency |  achieved |   target  | Count| Pipelined|
        +-----------------+-------+-------+----------+-----------+-----------+------+----------+
        |- Loop 1         |  48480|  48480|      1010|          -|          -|    48|    no    |
        | + Loop 1.1      |   1008|   1008|        56|          -|          -|    18|    no    |
        |  ++ Loop 1.1.1  |     54|     54|         3|          -|          -|    18|    no    |
        +-----------------+-------+-------+----------+-----------+-----------+------+----------+



================================================================
== Utilization Estimates
================================================================
* Summary: 
+-----------------+---------+-------+--------+-------+
|       Name      | BRAM_18K| DSP48E|   FF   |  LUT  |
+-----------------+---------+-------+--------+-------+
|DSP              |        -|      -|       -|      -|
|Expression       |        -|      -|     473|    208|
|FIFO             |        -|      -|       -|      -|
|Instance         |        -|      -|     150|     45|
|Memory           |        -|      -|       -|      -|
|Multiplexer      |        -|      -|       -|     81|
|Register         |        -|      -|     122|      -|
+-----------------+---------+-------+--------+-------+
|Total            |        0|      0|     745|    334|
+-----------------+---------+-------+--------+-------+
|Available        |      280|    220|  106400|  53200|
+-----------------+---------+-------+--------+-------+
|Utilization (%)  |        0|      0|   ~0   |   ~0  |
+-----------------+---------+-------+--------+-------+

+ Detail: 
    * Instance: 
    +-----------------------------+----------------------+---------+-------+-----+----+
    |           Instance          |        Module        | BRAM_18K| DSP48E|  FF | LUT|
    +-----------------------------+----------------------+---------+-------+-----+----+
    |ShuffleNetV2_mux_eOg_x_U228  |ShuffleNetV2_mux_eOg  |        0|      0|  150|  45|
    +-----------------------------+----------------------+---------+-------+-----+----+
    |Total                        |                      |        0|      0|  150|  45|
    +-----------------------------+----------------------+---------+-------+-----+----+

    * DSP48: 
    N/A

    * Memory: 
    N/A

    * FIFO: 
    N/A

    * Expression: 
    +---------------------+----------+-------+----+----+------------+------------+
    |    Variable Name    | Operation| DSP48E| FF | LUT| Bitwidth P0| Bitwidth P1|
    +---------------------+----------+-------+----+----+------------+------------+
    |co_31_fu_494_p2      |     +    |      0|  23|  11|           1|           6|
    |h_31_fu_646_p2       |     +    |      0|  20|  10|           5|           1|
    |tmp_398_fu_482_p2    |     +    |      0|  38|  16|          11|          11|
    |tmp_401_fu_534_p2    |     +    |      0|  35|  15|          10|          10|
    |tmp_402_fu_548_p2    |     +    |      0|  35|  15|          10|          10|
    |tmp_403_fu_573_p2    |     +    |      0|  47|  19|          14|          14|
    |tmp_404_fu_579_p2    |     +    |      0|  38|  16|          11|          11|
    |tmp_405_fu_604_p2    |     +    |      0|  50|  20|          15|          15|
    |tmp_408_fu_634_p2    |     +    |      0|  35|  15|          10|          10|
    |tmp_409_fu_664_p2    |     +    |      0|  47|  19|          14|          14|
    |tmp_410_fu_674_p2    |     +    |      0|  50|  20|          15|          15|
    |tmp_411_fu_684_p2    |     +    |      0|  35|  15|          10|          10|
    |w_41_fu_723_p2       |     +    |      0|  20|  10|           5|           1|
    |exitcond4_fu_640_p2  |   icmp   |      0|   0|   2|           5|           5|
    |exitcond5_fu_488_p2  |   icmp   |      0|   0|   3|           6|           6|
    |exitcond_fu_717_p2   |   icmp   |      0|   0|   2|           5|           5|
    +---------------------+----------+-------+----+----+------------+------------+
    |Total                |          |      0| 473| 208|         147|         144|
    +---------------------+----------+-------+----+----+------------+------------+

    * Multiplexer: 
    +--------------------+----+-----------+-----+-----------+
    |        Name        | LUT| Input Size| Bits| Total Bits|
    +--------------------+----+-----------+-----+-----------+
    |ap_NS_fsm           |  45|          8|    1|          8|
    |co_reg_411          |   9|          2|    6|         12|
    |h_reg_422           |   9|          2|    5|         10|
    |storemerge_reg_444  |   9|          2|    8|         16|
    |w_reg_433           |   9|          2|    5|         10|
    +--------------------+----+-----------+-----+-----------+
    |Total               |  81|         16|   25|         56|
    +--------------------+----+-----------+-----+-----------+

    * Register: 
    +-----------------------+----+----+-----+-----------+
    |          Name         | FF | LUT| Bits| Const Bits|
    +-----------------------+----+----+-----+-----------+
    |ap_CS_fsm              |   7|   0|    7|          0|
    |co_31_reg_794          |   6|   0|    6|          0|
    |co_reg_411             |   6|   0|    6|          0|
    |h_31_reg_827           |   5|   0|    5|          0|
    |h_reg_422              |   5|   0|    5|          0|
    |output_V_addr_reg_837  |  14|   0|   14|          0|
    |p_lshr_f_cast_reg_799  |   5|   0|    5|          0|
    |storemerge_reg_444     |   8|   0|    8|          0|
    |tmp_398_reg_786        |  10|   0|   11|          1|
    |tmp_401_reg_804        |   9|   0|   10|          1|
    |tmp_403_reg_809        |  13|   0|   14|          1|
    |tmp_405_reg_814        |  14|   0|   15|          1|
    |tmp_408_reg_819        |   9|   0|   10|          1|
    |tmp_514_reg_782        |   1|   0|    1|          0|
    |w_41_reg_965           |   5|   0|    5|          0|
    |w_reg_433              |   5|   0|    5|          0|
    +-----------------------+----+----+-----+-----------+
    |Total                  | 122|   0|  127|          5|
    +-----------------------+----+----+-----+-----------+



================================================================
== Interface
================================================================
* Summary: 
+----------------------------------+-----+-----+------------+-------------------------+--------------+
|             RTL Ports            | Dir | Bits|  Protocol  |      Source Object      |    C Type    |
+----------------------------------+-----+-----+------------+-------------------------+--------------+
|ap_clk                            |  in |    1| ap_ctrl_hs |       shuffle_24_p      | return value |
|ap_rst                            |  in |    1| ap_ctrl_hs |       shuffle_24_p      | return value |
|ap_start                          |  in |    1| ap_ctrl_hs |       shuffle_24_p      | return value |
|ap_done                           | out |    1| ap_ctrl_hs |       shuffle_24_p      | return value |
|ap_idle                           | out |    1| ap_ctrl_hs |       shuffle_24_p      | return value |
|ap_ready                          | out |    1| ap_ctrl_hs |       shuffle_24_p      | return value |
|left_V_address0                   | out |   13|  ap_memory |          left_V         |     array    |
|left_V_ce0                        | out |    1|  ap_memory |          left_V         |     array    |
|left_V_q0                         |  in |    8|  ap_memory |          left_V         |     array    |
|output_V_address0                 | out |   14|  ap_memory |         output_V        |     array    |
|output_V_ce0                      | out |    1|  ap_memory |         output_V        |     array    |
|output_V_we0                      | out |    1|  ap_memory |         output_V        |     array    |
|output_V_d0                       | out |    8|  ap_memory |         output_V        |     array    |
|buffer1_1_24_16x16_p_23_address0  | out |    9|  ap_memory | buffer1_1_24_16x16_p_23 |     array    |
|buffer1_1_24_16x16_p_23_ce0       | out |    1|  ap_memory | buffer1_1_24_16x16_p_23 |     array    |
|buffer1_1_24_16x16_p_23_q0        |  in |    8|  ap_memory | buffer1_1_24_16x16_p_23 |     array    |
|buffer1_1_24_16x16_p_22_address0  | out |    9|  ap_memory | buffer1_1_24_16x16_p_22 |     array    |
|buffer1_1_24_16x16_p_22_ce0       | out |    1|  ap_memory | buffer1_1_24_16x16_p_22 |     array    |
|buffer1_1_24_16x16_p_22_q0        |  in |    8|  ap_memory | buffer1_1_24_16x16_p_22 |     array    |
|buffer1_1_24_16x16_p_11_address0  | out |    9|  ap_memory | buffer1_1_24_16x16_p_11 |     array    |
|buffer1_1_24_16x16_p_11_ce0       | out |    1|  ap_memory | buffer1_1_24_16x16_p_11 |     array    |
|buffer1_1_24_16x16_p_11_q0        |  in |    8|  ap_memory | buffer1_1_24_16x16_p_11 |     array    |
|buffer1_1_24_16x16_p_6_address0   | out |    9|  ap_memory |  buffer1_1_24_16x16_p_6 |     array    |
|buffer1_1_24_16x16_p_6_ce0        | out |    1|  ap_memory |  buffer1_1_24_16x16_p_6 |     array    |
|buffer1_1_24_16x16_p_6_q0         |  in |    8|  ap_memory |  buffer1_1_24_16x16_p_6 |     array    |
|buffer1_1_24_16x16_p_5_address0   | out |    9|  ap_memory |  buffer1_1_24_16x16_p_5 |     array    |
|buffer1_1_24_16x16_p_5_ce0        | out |    1|  ap_memory |  buffer1_1_24_16x16_p_5 |     array    |
|buffer1_1_24_16x16_p_5_q0         |  in |    8|  ap_memory |  buffer1_1_24_16x16_p_5 |     array    |
|buffer1_1_24_16x16_p_4_address0   | out |    9|  ap_memory |  buffer1_1_24_16x16_p_4 |     array    |
|buffer1_1_24_16x16_p_4_ce0        | out |    1|  ap_memory |  buffer1_1_24_16x16_p_4 |     array    |
|buffer1_1_24_16x16_p_4_q0         |  in |    8|  ap_memory |  buffer1_1_24_16x16_p_4 |     array    |
|buffer1_1_24_16x16_p_3_address0   | out |    9|  ap_memory |  buffer1_1_24_16x16_p_3 |     array    |
|buffer1_1_24_16x16_p_3_ce0        | out |    1|  ap_memory |  buffer1_1_24_16x16_p_3 |     array    |
|buffer1_1_24_16x16_p_3_q0         |  in |    8|  ap_memory |  buffer1_1_24_16x16_p_3 |     array    |
|buffer1_1_24_16x16_p_2_address0   | out |    9|  ap_memory |  buffer1_1_24_16x16_p_2 |     array    |
|buffer1_1_24_16x16_p_2_ce0        | out |    1|  ap_memory |  buffer1_1_24_16x16_p_2 |     array    |
|buffer1_1_24_16x16_p_2_q0         |  in |    8|  ap_memory |  buffer1_1_24_16x16_p_2 |     array    |
|buffer1_1_24_16x16_p_1_address0   | out |    9|  ap_memory |  buffer1_1_24_16x16_p_1 |     array    |
|buffer1_1_24_16x16_p_1_ce0        | out |    1|  ap_memory |  buffer1_1_24_16x16_p_1 |     array    |
|buffer1_1_24_16x16_p_1_q0         |  in |    8|  ap_memory |  buffer1_1_24_16x16_p_1 |     array    |
|buffer1_1_24_16x16_p_address0     | out |    9|  ap_memory |   buffer1_1_24_16x16_p  |     array    |
|buffer1_1_24_16x16_p_ce0          | out |    1|  ap_memory |   buffer1_1_24_16x16_p  |     array    |
|buffer1_1_24_16x16_p_q0           |  in |    8|  ap_memory |   buffer1_1_24_16x16_p  |     array    |
|buffer1_1_24_16x16_p_21_address0  | out |    9|  ap_memory | buffer1_1_24_16x16_p_21 |     array    |
|buffer1_1_24_16x16_p_21_ce0       | out |    1|  ap_memory | buffer1_1_24_16x16_p_21 |     array    |
|buffer1_1_24_16x16_p_21_q0        |  in |    8|  ap_memory | buffer1_1_24_16x16_p_21 |     array    |
|buffer1_1_24_16x16_p_20_address0  | out |    9|  ap_memory | buffer1_1_24_16x16_p_20 |     array    |
|buffer1_1_24_16x16_p_20_ce0       | out |    1|  ap_memory | buffer1_1_24_16x16_p_20 |     array    |
|buffer1_1_24_16x16_p_20_q0        |  in |    8|  ap_memory | buffer1_1_24_16x16_p_20 |     array    |
|buffer1_1_24_16x16_p_19_address0  | out |    9|  ap_memory | buffer1_1_24_16x16_p_19 |     array    |
|buffer1_1_24_16x16_p_19_ce0       | out |    1|  ap_memory | buffer1_1_24_16x16_p_19 |     array    |
|buffer1_1_24_16x16_p_19_q0        |  in |    8|  ap_memory | buffer1_1_24_16x16_p_19 |     array    |
|buffer1_1_24_16x16_p_18_address0  | out |    9|  ap_memory | buffer1_1_24_16x16_p_18 |     array    |
|buffer1_1_24_16x16_p_18_ce0       | out |    1|  ap_memory | buffer1_1_24_16x16_p_18 |     array    |
|buffer1_1_24_16x16_p_18_q0        |  in |    8|  ap_memory | buffer1_1_24_16x16_p_18 |     array    |
|buffer1_1_24_16x16_p_17_address0  | out |    9|  ap_memory | buffer1_1_24_16x16_p_17 |     array    |
|buffer1_1_24_16x16_p_17_ce0       | out |    1|  ap_memory | buffer1_1_24_16x16_p_17 |     array    |
|buffer1_1_24_16x16_p_17_q0        |  in |    8|  ap_memory | buffer1_1_24_16x16_p_17 |     array    |
|buffer1_1_24_16x16_p_16_address0  | out |    9|  ap_memory | buffer1_1_24_16x16_p_16 |     array    |
|buffer1_1_24_16x16_p_16_ce0       | out |    1|  ap_memory | buffer1_1_24_16x16_p_16 |     array    |
|buffer1_1_24_16x16_p_16_q0        |  in |    8|  ap_memory | buffer1_1_24_16x16_p_16 |     array    |
|buffer1_1_24_16x16_p_15_address0  | out |    9|  ap_memory | buffer1_1_24_16x16_p_15 |     array    |
|buffer1_1_24_16x16_p_15_ce0       | out |    1|  ap_memory | buffer1_1_24_16x16_p_15 |     array    |
|buffer1_1_24_16x16_p_15_q0        |  in |    8|  ap_memory | buffer1_1_24_16x16_p_15 |     array    |
|buffer1_1_24_16x16_p_14_address0  | out |    9|  ap_memory | buffer1_1_24_16x16_p_14 |     array    |
|buffer1_1_24_16x16_p_14_ce0       | out |    1|  ap_memory | buffer1_1_24_16x16_p_14 |     array    |
|buffer1_1_24_16x16_p_14_q0        |  in |    8|  ap_memory | buffer1_1_24_16x16_p_14 |     array    |
|buffer1_1_24_16x16_p_13_address0  | out |    9|  ap_memory | buffer1_1_24_16x16_p_13 |     array    |
|buffer1_1_24_16x16_p_13_ce0       | out |    1|  ap_memory | buffer1_1_24_16x16_p_13 |     array    |
|buffer1_1_24_16x16_p_13_q0        |  in |    8|  ap_memory | buffer1_1_24_16x16_p_13 |     array    |
|buffer1_1_24_16x16_p_12_address0  | out |    9|  ap_memory | buffer1_1_24_16x16_p_12 |     array    |
|buffer1_1_24_16x16_p_12_ce0       | out |    1|  ap_memory | buffer1_1_24_16x16_p_12 |     array    |
|buffer1_1_24_16x16_p_12_q0        |  in |    8|  ap_memory | buffer1_1_24_16x16_p_12 |     array    |
|buffer1_1_24_16x16_p_10_address0  | out |    9|  ap_memory | buffer1_1_24_16x16_p_10 |     array    |
|buffer1_1_24_16x16_p_10_ce0       | out |    1|  ap_memory | buffer1_1_24_16x16_p_10 |     array    |
|buffer1_1_24_16x16_p_10_q0        |  in |    8|  ap_memory | buffer1_1_24_16x16_p_10 |     array    |
|buffer1_1_24_16x16_p_9_address0   | out |    9|  ap_memory |  buffer1_1_24_16x16_p_9 |     array    |
|buffer1_1_24_16x16_p_9_ce0        | out |    1|  ap_memory |  buffer1_1_24_16x16_p_9 |     array    |
|buffer1_1_24_16x16_p_9_q0         |  in |    8|  ap_memory |  buffer1_1_24_16x16_p_9 |     array    |
|buffer1_1_24_16x16_p_8_address0   | out |    9|  ap_memory |  buffer1_1_24_16x16_p_8 |     array    |
|buffer1_1_24_16x16_p_8_ce0        | out |    1|  ap_memory |  buffer1_1_24_16x16_p_8 |     array    |
|buffer1_1_24_16x16_p_8_q0         |  in |    8|  ap_memory |  buffer1_1_24_16x16_p_8 |     array    |
|buffer1_1_24_16x16_p_7_address0   | out |    9|  ap_memory |  buffer1_1_24_16x16_p_7 |     array    |
|buffer1_1_24_16x16_p_7_ce0        | out |    1|  ap_memory |  buffer1_1_24_16x16_p_7 |     array    |
|buffer1_1_24_16x16_p_7_q0         |  in |    8|  ap_memory |  buffer1_1_24_16x16_p_7 |     array    |
+----------------------------------+-----+-----+------------+-------------------------+--------------+

